Component: Arm Compiler for Embedded 6.22 Tool: armlink [5ee90200]

==============================================================================

Section Cross References

    app_main.o(.text.releaseModbus1) refers to app_main.o(.text.LL_GPIO_SetOutputPin) for LL_GPIO_SetOutputPin
    app_main.o(.ARM.exidx.text.releaseModbus1) refers to app_main.o(.text.releaseModbus1) for [Anonymous Symbol]
    app_main.o(.ARM.exidx.text.LL_GPIO_SetOutputPin) refers to app_main.o(.text.LL_GPIO_SetOutputPin) for [Anonymous Symbol]
    app_main.o(.text.setCalibrateTimeByUtcSecondsCb) refers to hdl_rtc.o(.text.HDL_RTC_GetTimeTick) for HDL_RTC_GetTimeTick
    app_main.o(.text.setCalibrateTimeByUtcSecondsCb) refers to hdl_rtc.o(.text.HDL_RTC_SetTimeTick) for HDL_RTC_SetTimeTick
    app_main.o(.text.setCalibrateTimeByUtcSecondsCb) refers to app_main.o(.rodata.str1.1) for .L.str
    app_main.o(.text.setCalibrateTimeByUtcSecondsCb) refers to ulog.o(.text.ulog_message) for ulog_message
    app_main.o(.text.setCalibrateTimeByUtcSecondsCb) refers to app_main.o(.bss.sys) for sys
    app_main.o(.ARM.exidx.text.setCalibrateTimeByUtcSecondsCb) refers to app_main.o(.text.setCalibrateTimeByUtcSecondsCb) for [Anonymous Symbol]
    app_main.o(.text.Sensor_Queue_Init) refers to app_main.o(.bss.Sensor_Queue) for Sensor_Queue
    app_main.o(.text.Sensor_Queue_Init) refers to app_main.o(.bss.Sensor_Queue_Buffer) for Sensor_Queue_Buffer
    app_main.o(.text.Sensor_Queue_Init) refers to cqueue.o(.text.cqueue_create) for cqueue_create
    app_main.o(.ARM.exidx.text.Sensor_Queue_Init) refers to app_main.o(.text.Sensor_Queue_Init) for [Anonymous Symbol]
    app_main.o(.text.Sensor_Queue_Write) refers to app_main.o(.bss.Sensor_Queue) for Sensor_Queue
    app_main.o(.text.Sensor_Queue_Write) refers to cqueue.o(.text.cqueue_enqueue) for cqueue_enqueue
    app_main.o(.ARM.exidx.text.Sensor_Queue_Write) refers to app_main.o(.text.Sensor_Queue_Write) for [Anonymous Symbol]
    app_main.o(.text.Sensor_Queue_Read) refers to app_main.o(.bss.Sensor_Queue) for Sensor_Queue
    app_main.o(.text.Sensor_Queue_Read) refers to cqueue.o(.text.cqueue_dequeue) for cqueue_dequeue
    app_main.o(.ARM.exidx.text.Sensor_Queue_Read) refers to app_main.o(.text.Sensor_Queue_Read) for [Anonymous Symbol]
    app_main.o(.text.APP_Main) refers to app_main.o(.rodata..L__const.APP_Main.loop_frq_test) for .L__const.APP_Main.loop_frq_test
    app_main.o(.text.APP_Main) refers to app_main.o(.bss._4G_rev_buf) for _4G_rev_buf
    app_main.o(.text.APP_Main) refers to sc_byte_buffer.o(.text.sc_byte_buffer_init) for sc_byte_buffer_init
    app_main.o(.text.APP_Main) refers to hdl_cpu_time.o(.text.HDL_CPU_Time_Init) for HDL_CPU_Time_Init
    app_main.o(.text.APP_Main) refers to hdl_rtc.o(.text.HDL_RTC_Init) for HDL_RTC_Init
    app_main.o(.text.APP_Main) refers to log.o(.text.ulog_init_user) for ulog_init_user
    app_main.o(.text.APP_Main) refers to hdl_uart.o(.text.Uart_Init) for Uart_Init
    app_main.o(.text.APP_Main) refers to app_main.o(.text.LL_AHB2_GRP1_EnableClock) for LL_AHB2_GRP1_EnableClock
    app_main.o(.text.APP_Main) refers to app_main.o(.text.releaseModbus1) for releaseModbus1
    app_main.o(.text.APP_Main) refers to stm32g4xx_ll_gpio.o(.text.LL_GPIO_Init) for LL_GPIO_Init
    app_main.o(.text.APP_Main) refers to app_main.o(.rodata.str1.1) for .L.str.2
    app_main.o(.text.APP_Main) refers to bfl_4g.o(.text.BFL_4G_Init) for BFL_4G_Init
    app_main.o(.text.APP_Main) refers to bfl_4g.o(.text.BFL_4G_TCP_Init) for BFL_4G_TCP_Init
    app_main.o(.text.APP_Main) refers to app_main.o(.text.setCalibrateTimeByUtcSecondsCb) for setCalibrateTimeByUtcSecondsCb
    app_main.o(.text.APP_Main) refers to bfl_4g.o(.text.BFL_4G_SetCalibrateTimeByUtcSecondsCb) for BFL_4G_SetCalibrateTimeByUtcSecondsCb
    app_main.o(.text.APP_Main) refers to app_main.o(.bss.rtu_packet_buf) for rtu_packet_buf
    app_main.o(.text.APP_Main) refers to bfl_rtu_packet.o(.text.BFL_RTU_Packet_init) for BFL_RTU_Packet_init
    app_main.o(.text.APP_Main) refers to app_main.o(.text.Sensor_Queue_Init) for Sensor_Queue_Init
    app_main.o(.text.APP_Main) refers to app_main.o(.bss.aBuf) for aBuf
    app_main.o(.text.APP_Main) refers to hdl_uart.o(.text.Uart_Read) for Uart_Read
    app_main.o(.text.APP_Main) refers to sc_byte_buffer.o(.text.sc_byte_buffer_push_data) for sc_byte_buffer_push_data
    app_main.o(.text.APP_Main) refers to hdl_cpu_time.o(.text.HDL_CPU_Time_GetTick) for HDL_CPU_Time_GetTick
    app_main.o(.text.APP_Main) refers to sc_byte_buffer.o(.text.sc_byte_buffer_size) for sc_byte_buffer_size
    app_main.o(.text.APP_Main) refers to bfl_4g.o(.text.BFL_4G_TCP_Write) for BFL_4G_TCP_Write
    app_main.o(.text.APP_Main) refers to sc_byte_buffer.o(.text.sc_byte_buffer_clear) for sc_byte_buffer_clear
    app_main.o(.text.APP_Main) refers to bfl_4g.o(.text.BFL_4G_Poll) for BFL_4G_Poll
    app_main.o(.ARM.exidx.text.APP_Main) refers to app_main.o(.text.APP_Main) for [Anonymous Symbol]
[...]
    LL_GPIO_Init                             0x08002c65   Thumb Code   220  stm32g4xx_ll_gpio.o(.text.LL_GPIO_Init)
    LL_LPUART_Init                           0x080030e9   Thumb Code   142  stm32g4xx_ll_lpuart.o(.text.LL_LPUART_Init)
    LL_RCC_GetLPUARTClockFreq                0x08003371   Thumb Code   126  stm32g4xx_ll_rcc.o(.text.LL_RCC_GetLPUARTClockFreq)
    LL_RCC_GetUARTClockFreq                  0x08003439   Thumb Code   286  stm32g4xx_ll_rcc.o(.text.LL_RCC_GetUARTClockFreq)
    LL_RCC_GetUSARTClockFreq                 0x08003575   Thumb Code   370  stm32g4xx_ll_rcc.o(.text.LL_RCC_GetUSARTClockFreq)
    LL_RTC_DATE_Init                         0x08003a59   Thumb Code   266  stm32g4xx_ll_rtc.o(.text.LL_RTC_DATE_Init)
    LL_RTC_EnterInitMode                     0x08003ba9   Thumb Code   126  stm32g4xx_ll_rtc.o(.text.LL_RTC_EnterInitMode)
    LL_RTC_Init                              0x08003c39   Thumb Code    90  stm32g4xx_ll_rtc.o(.text.LL_RTC_Init)
    LL_RTC_TIME_Init                         0x08003d5d   Thumb Code   274  stm32g4xx_ll_rtc.o(.text.LL_RTC_TIME_Init)
    LL_RTC_WaitForSynchro                    0x08003e71   Thumb Code   214  stm32g4xx_ll_rtc.o(.text.LL_RTC_WaitForSynchro)
    LL_SetSystemCoreClock                    0x08003f59   Thumb Code    20  stm32g4xx_ll_utils.o(.text.LL_SetSystemCoreClock)
    LL_TIM_Init                              0x08004085   Thumb Code   452  stm32g4xx_ll_tim.o(.text.LL_TIM_Init)
    LL_USART_Init                            0x0800451d   Thumb Code   300  stm32g4xx_ll_usart.o(.text.LL_USART_Init)
    LPUART1_IRQHandler                       0x08004839   Thumb Code    28  hdl_uart.o(.text.LPUART1_IRQHandler)
    MX_GPIO_Init                             0x08004855   Thumb Code   334  gpio.o(.text.MX_GPIO_Init)
    MemManage_Handler                        0x080049a5   Thumb Code    20  stm32g4xx_it.o(.text.MemManage_Handler)
    NMI_Handler                              0x080049b9   Thumb Code     4  stm32g4xx_it.o(.text.NMI_Handler)
    PendSV_Handler                           0x08004b01   Thumb Code     2  stm32g4xx_it.o(.text.PendSV_Handler)
    SVC_Handler                              0x08004c51   Thumb Code     2  stm32g4xx_it.o(.text.SVC_Handler)
    Sensor_Queue_Init                        0x08004c55   Thumb Code    28  app_main.o(.text.Sensor_Queue_Init)
    SysTick_Handler                          0x08004cc5   Thumb Code     8  stm32g4xx_it.o(.text.SysTick_Handler)
    SystemClock_Config                       0x08004ccd   Thumb Code   286  main.o(.text.SystemClock_Config)
    SystemInit                               0x08004ded   Thumb Code    18  system_stm32g4xx.o(.text.SystemInit)
    TIM1_UP_TIM16_IRQHandler                 0x08004e01   Thumb Code    66  hdl_cpu_time.o(.text.TIM1_UP_TIM16_IRQHandler)
    TIM2_IRQHandler                          0x08004e45   Thumb Code   198  hdl_cpu_time.o(.text.TIM2_IRQHandler)
    UART4_IRQHandler                         0x08004f0d   Thumb Code    28  hdl_uart.o(.text.UART4_IRQHandler)
    UART5_IRQHandler                         0x08004f29   Thumb Code    28  hdl_uart.o(.text.UART5_IRQHandler)
    USART1_IRQHandler                        0x08004f45   Thumb Code    28  hdl_uart.o(.text.USART1_IRQHandler)
    USART2_IRQHandler                        0x08004f61   Thumb Code    28  hdl_uart.o(.text.USART2_IRQHandler)
    USART3_IRQHandler                        0x08004f7d   Thumb Code    28  hdl_uart.o(.text.USART3_IRQHandler)
    USART_Callback                           0x08004f99   Thumb Code   256  hdl_uart.o(.text.USART_Callback)
    Uart_Init                                0x08005115   Thumb Code  1906  hdl_uart.o(.text.Uart_Init)
    Uart_Read                                0x08005889   Thumb Code    64  hdl_uart.o(.text.Uart_Read)
    Uart_Write                               0x080058c9   Thumb Code   222  hdl_uart.o(.text.Uart_Write)
    UsageFault_Handler                       0x080059a9   Thumb Code    20  stm32g4xx_it.o(.text.UsageFault_Handler)
    applib_dt_is_leap_year                   0x08005be5   Thumb Code   140  mtime.o(.text.applib_dt_is_leap_year)
    applib_dt_last_day_of_mon                0x08005c71   Thumb Code   136  mtime.o(.text.applib_dt_last_day_of_mon)
    at_callback                              0x08005cf9   Thumb Code    60  bfl_4g_task.o(.text.at_callback)
    at_cfun_callback                         0x08005d35   Thumb Code    50  bfl_4g_task.o(.text.at_cfun_callback)
    at_cfun_task_send                        0x08005d69   Thumb Code    80  bfl_4g_task.o(.text.at_cfun_task_send)
    at_cgact_task_send                       0x08005db9   Thumb Code    72  bfl_4g_task.o(.text.at_cgact_task_send)
    at_cgdcont_callback                      0x08005e01   Thumb Code    60  bfl_4g_task.o(.text.at_cgdcont_callback)
    at_cgdcont_task_send                     0x08005e3d   Thumb Code    86  bfl_4g_task.o(.text.at_cgdcont_task_send)
    at_clk_callback                          0x08005e95   Thumb Code   334  bfl_4g_task.o(.text.at_clk_callback)
    at_clk_task_send                         0x08005fe5   Thumb Code    88  bfl_4g_task.o(.text.at_clk_task_send)
    at_cpin_q_callback                       0x080060ed   Thumb Code    50  bfl_4g_task.o(.text.at_cpin_q_callback)
    at_cpin_q_task_send                      0x08006121   Thumb Code    88  bfl_4g_task.o(.text.at_cpin_q_task_send)
    at_creg_q_callback                       0x08006179   Thumb Code    50  bfl_4g_task.o(.text.at_creg_q_callback)
    at_creg_q_task_send                      0x080061ad   Thumb Code    88  bfl_4g_task.o(.text.at_creg_q_task_send)
    at_curr_callback                         0x08006205   Thumb Code    58  bfl_4g_task.o(.text.at_curr_callback)
    at_device_read                           0x08006241   Thumb Code    22  bfl_4g_task.o(.text.at_device_read)
    at_device_write                          0x08006259   Thumb Code    22  bfl_4g_task.o(.text.at_device_write)
    at_exec_cmd                              0x08006271   Thumb Code    52  at_chat.o(.text.at_exec_cmd)
    at_exec_vcmd                             0x080062a5   Thumb Code   166  at_chat.o(.text.at_exec_vcmd)
    at_free                                  0x08006375   Thumb Code    16  at_port.o(.text.at_free)
    at_get_ms                                0x08006385   Thumb Code     8  at_port.o(.text.at_get_ms)
    at_malloc                                0x0800641d   Thumb Code    16  at_port.o(.text.at_malloc)
    at_obj_create                            0x0800647d   Thumb Code   346  at_chat.o(.text.at_obj_create)
    at_obj_destroy                           0x080065d9   Thumb Code    94  at_chat.o(.text.at_obj_destroy)
    at_obj_process                           0x08006639   Thumb Code    70  at_chat.o(.text.at_obj_process)
    at_obj_set_curr_at_cb                    0x08006681   Thumb Code    16  at_chat.o(.text.at_obj_set_curr_at_cb)
    at_obj_set_urc                           0x08006691   Thumb Code    36  at_chat.o(.text.at_obj_set_urc)
    at_qicfg_callback                        0x080066b5   Thumb Code    58  bfl_4g_task.o(.text.at_qicfg_callback)
    at_qicfg_close_task_send                 0x080066f1   Thumb Code    72  bfl_4g_task.o(.text.at_qicfg_close_task_send)
    at_qicfg_dataformat_task_send            0x08006739   Thumb Code    72  bfl_4g_task.o(.text.at_qicfg_dataformat_task_send)
    at_qicfg_task_send                       0x08006781   Thumb Code    80  bfl_4g_task.o(.text.at_qicfg_task_send)
    at_qicsgp_callback                       0x080067d1   Thumb Code    66  bfl_4g_task.o(.text.at_qicsgp_callback)
    at_qicsgp_task_send                      0x08006815   Thumb Code    88  bfl_4g_task.o(.text.at_qicsgp_task_send)
    at_qiopen_callback                       0x0800686d   Thumb Code   190  bfl_4g_task.o(.text.at_qiopen_callback)
    at_qiopen_task_send                      0x0800692d   Thumb Code   158  bfl_4g_task.o(.text.at_qiopen_task_send)
    at_qiopen_task_send_                     0x080069cd   Thumb Code    20  bfl_4g_task.o(.text.at_qiopen_task_send_)
    at_qisde_task_send                       0x080069e1   Thumb Code    76  bfl_4g_task.o(.text.at_qisde_task_send)
    at_qisde_task_send_                      0x08006a2d   Thumb Code    20  bfl_4g_task.o(.text.at_qisde_task_send_)
    at_qisend_callback                       0x08006a41   Thumb Code   188  bfl_4g_task.o(.text.at_qisend_callback)
    at_qisend_task_send                      0x08006afd   Thumb Code   108  bfl_4g_task.o(.text.at_qisend_task_send)
    at_qisend_task_send_                     0x08006b69   Thumb Code    20  bfl_4g_task.o(.text.at_qisend_task_send_)
    at_qiswtmd_callback                      0x08006b7d   Thumb Code    96  bfl_4g_task.o(.text.at_qiswtmd_callback)
    at_qiswtmd_task_send                     0x08006bdd   Thumb Code   114  bfl_4g_task.o(.text.at_qiswtmd_task_send)
    at_qiswtmd_task_send_                    0x08006c51   Thumb Code    20  bfl_4g_task.o(.text.at_qiswtmd_task_send_)
    at_send_multiline                        0x08006d31   Thumb Code    44  at_chat.o(.text.at_send_multiline)
    at_send_singlline                        0x08006d5d   Thumb Code    44  at_chat.o(.text.at_send_singlline)
    at_socket_ucr_handler                    0x08006d89   Thumb Code    76  bfl_4g_task.o(.text.at_socket_ucr_handler)
    at_task_delay                            0x08006dd5   Thumb Code    70  bfl_4g_task.o(.text.at_task_delay)
    at_task_send                             0x08006e1d   Thumb Code    80  bfl_4g_task.o(.text.at_task_send)
    cqueue_create                            0x08006fbd   Thumb Code    42  cqueue.o(.text.cqueue_create)
    cqueue_dequeue                           0x08006fe9   Thumb Code    90  cqueue.o(.text.cqueue_dequeue)
    cqueue_enqueue                           0x08007045   Thumb Code   102  cqueue.o(.text.cqueue_enqueue)
    cqueue_in                                0x080070ad   Thumb Code   146  cqueue.o(.text.cqueue_in)
    cqueue_out                               0x08007141   Thumb Code   134  cqueue.o(.text.cqueue_out)
    find_urc_item                            0x080077f9   Thumb Code   152  at_chat.o(.text.find_urc_item)
    main                                     0x08007959   Thumb Code    28  main.o(.text.main)
    mtime_2_utc_sec                          0x080079e1   Thumb Code   206  mtime.o(.text.mtime_2_utc_sec)
    mtime_get_week                           0x08007ab1   Thumb Code   332  mtime.o(.text.mtime_get_week)
    mtime_utc_sec_2_time                     0x08007bfd   Thumb Code   332  mtime.o(.text.mtime_utc_sec_2_time)
    my_com_logger                            0x08007d49   Thumb Code   148  log.o(.text.my_com_logger)
    releaseModbus1                           0x08007e31   Thumb Code    20  app_main.o(.text.releaseModbus1)
    sc_byte_buffer_clear                     0x08007e9d   Thumb Code    14  sc_byte_buffer.o(.text.sc_byte_buffer_clear)
    sc_byte_buffer_init                      0x08007ead   Thumb Code    30  sc_byte_buffer.o(.text.sc_byte_buffer_init)
    sc_byte_buffer_push                      0x08007ecd   Thumb Code    62  sc_byte_buffer.o(.text.sc_byte_buffer_push)
    sc_byte_buffer_push_data                 0x08007f0d   Thumb Code    60  sc_byte_buffer.o(.text.sc_byte_buffer_push_data)
    sc_byte_buffer_size                      0x08007f49   Thumb Code    12  sc_byte_buffer.o(.text.sc_byte_buffer_size)
    sc_list_add_tail                         0x08007f55   Thumb Code    50  sc_list.o(.text.sc_list_add_tail)
    sc_list_del                              0x08007f89   Thumb Code    34  sc_list.o(.text.sc_list_del)
    sc_list_init                             0x08007fad   Thumb Code    16  sc_list.o(.text.sc_list_init)
    sc_list_is_empty                         0x08007fbd   Thumb Code    20  sc_list.o(.text.sc_list_is_empty)
    sc_list_pop_head                         0x08007fd1   Thumb Code    48  sc_list.o(.text.sc_list_pop_head)
    setCalibrateTimeByUtcSecondsCb           0x08008251   Thumb Code   136  app_main.o(.text.setCalibrateTimeByUtcSecondsCb)
    socket0_recv_handler                     0x080082d9   Thumb Code   206  bfl_4g_task.o(.text.socket0_recv_handler)
    socket1_recv_handler                     0x080083a9   Thumb Code    10  bfl_4g_task.o(.text.socket1_recv_handler)
    socket2_recv_handler                     0x080083b5   Thumb Code    10  bfl_4g_task.o(.text.socket2_recv_handler)
    ulog_init                                0x08008415   Thumb Code    18  ulog.o(.text.ulog_init)
    ulog_init_user                           0x08008429   Thumb Code    44  log.o(.text.ulog_init_user)
    ulog_level_name                          0x08008455   Thumb Code   136  ulog.o(.text.ulog_level_name)
    ulog_message                             0x080084dd   Thumb Code   148  ulog.o(.text.ulog_message)
    ulog_subscribe                           0x08008571   Thumb Code   174  ulog.o(.text.ulog_subscribe)
    __0sprintf                               0x08008ab5   Thumb Code    34  printfa.o(i.__0sprintf)
    __1sprintf                               0x08008ab5   Thumb Code     0  printfa.o(i.__0sprintf)
    __2sprintf                               0x08008ab5   Thumb Code     0  printfa.o(i.__0sprintf)
    __c89sprintf                             0x08008ab5   Thumb Code     0  printfa.o(i.__0sprintf)
    sprintf                                  0x08008ab5   Thumb Code     0  printfa.o(i.__0sprintf)
    __0vsnprintf                             0x08008add   Thumb Code    46  printfa.o(i.__0vsnprintf)
    __1vsnprintf                             0x08008add   Thumb Code     0  printfa.o(i.__0vsnprintf)
    __2vsnprintf                             0x08008add   Thumb Code     0  printfa.o(i.__0vsnprintf)
    __c89vsnprintf                           0x08008add   Thumb Code     0  printfa.o(i.__0vsnprintf)
    vsnprintf                                0x08008add   Thumb Code     0  printfa.o(i.__0vsnprintf)
    __aeabi_errno_addr                       0x08008b11   Thumb Code     4  errno.o(i.__aeabi_errno_addr)
    __rt_errno_addr                          0x08008b11   Thumb Code     0  errno.o(i.__aeabi_errno_addr)
    __scatterload_copy                       0x08008b19   Thumb Code    14  handlers.o(i.__scatterload_copy)
    __scatterload_null                       0x08008b27   Thumb Code     2  handlers.o(i.__scatterload_null)
    __scatterload_zeroinit                   0x08008b29   Thumb Code    14  handlers.o(i.__scatterload_zeroinit)
    _is_digit                                0x08008cbd   Thumb Code    14  scanf_fp.o(i._is_digit)
    free                                     0x0800941d   Thumb Code    76  malloc.o(i.free)
    malloc                                   0x0800946d   Thumb Code    92  malloc.o(i.malloc)
    __ctype_table                            0x080094d8   Data         129  ctype_o.o(.constdata)
    AHBPrescTable                            0x08009574   Data          16  system_stm32g4xx.o(.rodata.AHBPrescTable)
    APBPrescTable                            0x08009584   Data           8  system_stm32g4xx.o(.rodata.APBPrescTable)
    g_day_per_mon                            0x08009608   Data          12  mtime.o(.rodata.g_day_per_mon)
    Region$$Table$$Base                      0x08009ef4   Number         0  anon$$obj.o(Region$$Table)
    Region$$Table$$Limit                     0x08009f14   Number         0  anon$$obj.o(Region$$Table)
    __microlib_freelist                      0x20000000   Data           4  mvars.o(.data)
    __microlib_freelist_initialised          0x20000004   Data           4  mvars.o(.data)
    SystemCoreClock                          0x2000000c   Data           4  system_stm32g4xx.o(.data.SystemCoreClock)
    uwTickFreq                               0x2000003c   Data           4  stm32g4xx_hal.o(.data.uwTickFreq)
    uwTickPrio                               0x20000040   Data           4  stm32g4xx_hal.o(.data.uwTickPrio)
    Sensor_Queue                             0x20000048   Data          20  app_main.o(.bss.Sensor_Queue)
    Sensor_Queue_Buffer                      0x2000005c   Data         960  app_main.o(.bss.Sensor_Queue_Buffer)
    _gCOMList                                0x200004e4   Data         504  hdl_uart.o(.bss._gCOMList)
    at_cfun_task                             0x20000cbc   Data           4  bfl_4g_task.o(.bss.at_cfun_task)
    at_cgact_task                            0x20000cc0   Data           4  bfl_4g_task.o(.bss.at_cgact_task)
    at_cgdcont_task                          0x20000cc4   Data           4  bfl_4g_task.o(.bss.at_cgdcont_task)
    at_clk_task                              0x20000cc8   Data           4  bfl_4g_task.o(.bss.at_clk_task)
    at_cpin_q_task                           0x20000ccc   Data           4  bfl_4g_task.o(.bss.at_cpin_q_task)
    at_creg_q_task                           0x20000cd0   Data           4  bfl_4g_task.o(.bss.at_creg_q_task)
    at_qicfg_close_task                      0x200010dc   Data           4  bfl_4g_task.o(.bss.at_qicfg_close_task)
    at_qicfg_dataformat_task                 0x200010e0   Data           4  bfl_4g_task.o(.bss.at_qicfg_dataformat_task)
    at_qicfg_task                            0x200010e4   Data           4  bfl_4g_task.o(.bss.at_qicfg_task)
    at_qicsgp_task                           0x200010e8   Data           4  bfl_4g_task.o(.bss.at_qicsgp_task)
    at_task                                  0x200010ec   Data           4  bfl_4g_task.o(.bss.at_task)
    context                                  0x200011f4   Data        3400  bfl_4g.o(.bss.context)
    cpu_time_init_flag                       0x20001f3c   Data           1  hdl_cpu_time.o(.bss.cpu_time_init_flag)
    sys                                      0x200037ac   Data          12  app_main.o(.bss.sys)
    uwTick                                   0x200037bc   Data           4  stm32g4xx_hal.o(.bss.uwTick)
    __heap_base                              0x200037c0   Data           0  startup_stm32g473xx.o(HEAP)
    __heap_limit                             0x200048c0   Data           0  startup_stm32g473xx.o(HEAP)
    __initial_sp                             0x200059c0   Data           0  startup_stm32g473xx.o(STACK)



==============================================================================

Memory Map of the image

  Image Entry point : 0x080001d9

  Load Region LR_IROM1 (Base: 0x08000000, Size: 0x00009f60, Max: 0x00080000, ABSOLUTE)

    Execution Region ER_IROM1 (Exec base: 0x08000000, Load base: 0x08000000, Size: 0x00009f14, Max: 0x00080000, ABSOLUTE)

    Exec Addr    Load Addr    Size         Type   Attr      Idx    E Section Name        Object

    0x08000000   0x08000000   0x000001d8   Data   RO         1621    RESET               startup_stm32g473xx.o
    0x080001d8   0x080001d8   0x00000000   Code   RO         3632  * .ARM.Collect$$$$00000000  mc_w.l(entry.o)
    0x080001d8   0x080001d8   0x00000004   Code   RO         3756    .ARM.Collect$$$$00000001  mc_w.l(entry2.o)
    0x080001dc   0x080001dc   0x00000004   Code   RO         3759    .ARM.Collect$$$$00000004  mc_w.l(entry5.o)
    0x080001e0   0x080001e0   0x00000000   Code   RO         3761    .ARM.Collect$$$$00000008  mc_w.l(entry7b.o)
    0x080001e0   0x080001e0   0x00000000   Code   RO         3763    .ARM.Collect$$$$0000000A  mc_w.l(entry8b.o)
    0x080001e0   0x080001e0   0x00000008   Code   RO         3764    .ARM.Collect$$$$0000000B  mc_w.l(entry9a.o)
    0x080001e8   0x080001e8   0x00000000   Code   RO         3766    .ARM.Collect$$$$0000000D  mc_w.l(entry10a.o)
    0x080001e8   0x080001e8   0x00000000   Code   RO         3768    .ARM.Collect$$$$0000000F  mc_w.l(entry11a.o)
    0x080001e8   0x080001e8   0x00000004   Code   RO         3757    .ARM.Collect$$$$00002712  mc_w.l(entry2.o)
    0x080001ec   0x080001ec   0x00000024   Code   RO         1622    .text               startup_stm32g473xx.o
    0x08000210   0x08000210   0x00000062   Code   RO         3635    .text               mc_w.l(uldiv.o)
    0x08000272   0x08000272   0x00000024   Code   RO         3637    .text               mc_w.l(memcpya.o)
    0x08000296   0x08000296   0x00000024   Code   RO         3639    .text               mc_w.l(memseta.o)
    0x080002ba   0x080002ba   0x00000024   Code   RO         3641    .text               mc_w.l(strstr.o)
    0x080002de   0x080002de   0x00000018   Code   RO         3643    .text               mc_w.l(strncpy.o)
    0x080002f6   0x080002f6   0x00000014   Code   RO         3645    .text               mc_w.l(strchr.o)
    0x0800030a   0x0800030a   0x0000000e   Code   RO         3647    .text               mc_w.l(strlen.o)
    0x08000318   0x08000318   0x00000038   Code   RO         3707    .text               mc_w.l(sscanf.o)
    0x08000350   0x08000350   0x0000001a   Code   RO         3709    .text               mc_w.l(atoi.o)
    0x0800036a   0x0800036a   0x000000e4   Code   RO         3711    .text               mf_w.l(dmul.o)
    0x0800044e   0x0800044e   0x000000de   Code   RO         3713    .text               mf_w.l(ddiv.o)
    0x0800052c   0x0800052c   0x0000002c   Code   RO         3784    .text               mc_w.l(uidiv.o)
    0x08000558   0x08000558   0x0000001e   Code   RO         3786    .text               mc_w.l(llshl.o)
    0x08000576   0x08000576   0x00000020   Code   RO         3788    .text               mc_w.l(llushr.o)
    0x08000596   0x08000596   0x00000156   Code   RO         3799    .text               mc_w.l(_scanf_longlong.o)
    0x080006ec   0x080006ec   0x0000014c   Code   RO         3801    .text               mc_w.l(_scanf_int.o)
    0x08000838   0x08000838   0x000000e0   Code   RO         3803    .text               mc_w.l(_scanf_str.o)
    0x08000918   0x08000918   0x00000360   Code   RO         3805    .text               mc_w.l(scanf_fp.o)
    0x08000c78   0x08000c78   0x00000028   Code   RO         3809    .text               mc_w.l(scanf_char.o)
    0x08000ca0   0x08000ca0   0x00000040   Code   RO         3811    .text               mc_w.l(_sgetc.o)
    0x08000ce0   0x08000ce0   0x00000070   Code   RO         3813    .text               mc_w.l(strtol.o)
    0x08000d50   0x08000d50   0x00000000   Code   RO         3815    .text               mc_w.l(iusefp.o)
    0x08000d50   0x08000d50   0x000000ba   Code   RO         3816    .text               mf_w.l(depilogue.o)
    0x08000e0a   0x08000e0a   0x0000014e   Code   RO         3818    .text               mf_w.l(dadd.o)
    0x08000f58   0x08000f58   0x00000030   Code   RO         3824    .text               mf_w.l(dfixul.o)
    0x08000f88   0x08000f88   0x00000030   Code   RO         3826    .text               mf_w.l(cdrcmple.o)
    0x08000fb8   0x08000fb8   0x00000030   Code   RO         3828    .text               mc_w.l(init.o)
    0x08000fe8   0x08000fe8   0x00000024   Code   RO         3831    .text               mc_w.l(llsshr.o)
    0x0800100c   0x0800100c   0x00000008   Code   RO         3835    .text               mc_w.l(ctype_o.o)
    0x08001014   0x08001014   0x00000012   Code   RO         3857    .text               mc_w.l(isspace_o.o)
    0x08001026   0x08001026   0x0000001c   Code   RO         3863    .text               mc_w.l(_chval.o)
    0x08001042   0x08001042   0x00000002   PAD
    0x08001044   0x08001044   0x0000032c   Code   RO         3865    .text               mc_w.l(_scanf.o)
    0x08001370   0x08001370   0x0000009e   Code   RO         3867    .text               mc_w.l(_strtoul.o)
    0x0800140e   0x0800140e   0x00000018   Code   RO         3872    .text               mf_w.l(dfltul.o)
    0x08001426   0x08001426   0x00000038   Code   RO         3874    .text               mf_w.l(d2f.o)
    0x0800145e   0x0800145e   0x0000006e   Code   RO         3879    .text               mf_w.l(fepilogue.o)
    0x080014cc   0x080014cc   0x00000002   Code   RO         1742    .text.ADC1_2_IRQHandler  stm32g4xx_it.o
    0x080014ce   0x080014ce   0x00000002   PAD
    0x080014d0   0x080014d0   0x00000186   Code   RO           14    .text.APP_Main      app_main.o
    0x08001656   0x08001656   0x00000002   PAD
    0x08001658   0x08001658   0x0000000e   Code   RO          267    .text.AsyncTaskFuncResultMap  bfl_4g_task.o
    0x08001666   0x08001666   0x00000002   PAD
    0x08001668   0x08001668   0x00000032   Code   RO           49    .text.AsyncTaskList_Create  asynctasklist.o
    0x0800169a   0x0800169a   0x00000002   PAD
    0x0800169c   0x0800169c   0x0000002c   Code   RO           61    .text.AsyncTaskList_DynamicPop  asynctasklist.o
    0x080016c8   0x080016c8   0x00000024   Code   RO           65    .text.AsyncTaskList_DynamicPush  asynctasklist.o
    0x080016ec   0x080016ec   0x00000074   Code   RO           67    .text.AsyncTaskList_Exec  asynctasklist.o
    0x08001760   0x08001760   0x00000036   Code   RO           63    .text.AsyncTaskList_IsStaticLastTask  asynctasklist.o
    0x08001796   0x08001796   0x00000002   PAD
    0x08001798   0x08001798   0x0000010a   Code   RO           59    .text.AsyncTaskList_Next  asynctasklist.o
    0x080018a2   0x080018a2   0x00000002   PAD
    0x080018a4   0x080018a4   0x00000022   Code   RO           55    .text.AsyncTaskList_StaticAdd  asynctasklist.o
    0x080018c6   0x080018c6   0x00000002   PAD
    0x080018c8   0x080018c8   0x0000004e   Code   RO           33    .text.AsyncTask_Create  asynctasklist.o
    0x08001916   0x08001916   0x00000002   PAD
    0x08001918   0x08001918   0x00000018   Code   RO           35    .text.AsyncTask_Destroy  asynctasklist.o
    0x08001930   0x08001930   0x00000024   Code   RO           37    .text.AsyncTask_Exec  asynctasklist.o
    0x08001954   0x08001954   0x0000002e   Code   RO           43    .text.AsyncTask_GetRoute  asynctasklist.o
    0x08001982   0x08001982   0x00000002   PAD
    0x08001984   0x08001984   0x00000024   Code   RO           39    .text.AsyncTask_GetState  asynctasklist.o
    0x080019a8   0x080019a8   0x00000018   Code   RO           47    .text.AsyncTask_SetFuncResult  asynctasklist.o
    0x080019c0   0x080019c0   0x00000028   Code   RO           41    .text.AsyncTask_SetRoute  asynctasklist.o
    0x080019e8   0x080019e8   0x0000001c   Code   RO           45    .text.AsyncTask_SetState  asynctasklist.o
    0x08001a04   0x08001a04   0x00000076   Code   RO          277    .text.BFL_4G_AsyncTaskExecContext_Init  bfl_4g_task.o
    0x08001a7a   0x08001a7a   0x00000002   PAD
    0x08001a7c   0x08001a7c   0x00000050   Code   RO          275    .text.BFL_4G_IOInterfaceInit  bfl_4g_task.o
    0x08001acc   0x08001acc   0x00000066   Code   RO          147    .text.BFL_4G_Init   bfl_4g.o
    0x08001b32   0x08001b32   0x00000002   PAD
    0x08001b34   0x08001b34   0x00000358   Code   RO          265    .text.BFL_4G_List_BaseCfgTaskCreate  bfl_4g_task.o
    0x08001e8c   0x08001e8c   0x00000024   Code   RO          159    .text.BFL_4G_Poll   bfl_4g.o
    0x08001eb0   0x08001eb0   0x00000016   Code   RO          161    .text.BFL_4G_SetCalibrateTimeByUtcSecondsCb  bfl_4g.o
    0x08001ec6   0x08001ec6   0x00000002   PAD
    0x08001ec8   0x08001ec8   0x00000184   Code   RO          279    .text.BFL_4G_TCPWrite_Task  bfl_4g_task.o
    0x0800204c   0x0800204c   0x000000aa   Code   RO          149    .text.BFL_4G_TCP_Init  bfl_4g.o
    0x080020f6   0x080020f6   0x00000002   PAD
    0x080020f8   0x080020f8   0x000000fc   Code   RO          271    .text.BFL_4G_TCP_List_TaskCreate  bfl_4g_task.o
    0x080021f4   0x080021f4   0x00000072   Code   RO          293    .text.BFL_4G_TCP_Task_UCRTable_Init  bfl_4g_task.o
    0x08002266   0x08002266   0x00000002   PAD
    0x08002268   0x08002268   0x00000014   Code   RO          281    .text.BFL_4G_TCP_Task_Writeable  bfl_4g_task.o
    0x0800227c   0x0800227c   0x00000020   Code   RO          151    .text.BFL_4G_TCP_Write  bfl_4g.o
    0x0800229c   0x0800229c   0x00000052   Code   RO           97    .text.BFL_RTU_Packet_init  bfl_rtu_packet.o
    0x080022ee   0x080022ee   0x00000002   PAD
    0x080022f0   0x080022f0   0x00000014   Code   RO         1726    .text.BusFault_Handler  stm32g4xx_it.o
    0x08002304   0x08002304   0x000000a4   Code   RO          577    .text.CHIP_EC800M_Init  chip_ec800m.o
    0x080023a8   0x080023a8   0x00000012   Code   RO          587    .text.CHIP_EC800M_PowerOn  chip_ec800m.o
    0x080023ba   0x080023ba   0x00000002   PAD
    0x080023bc   0x080023bc   0x00000012   Code   RO          599    .text.CHIP_EC800M_ResetOn  chip_ec800m.o
    0x080023ce   0x080023ce   0x00000002   PAD
    0x080023d0   0x080023d0   0x0000000e   Code   RO          595    .text.CHIP_EC800M_WakeupOff  chip_ec800m.o
    0x080023de   0x080023de   0x00000002   PAD
    0x080023e0   0x080023e0   0x00000002   Code   RO         1738    .text.DMA1_Channel1_IRQHandler  stm32g4xx_it.o
    0x080023e2   0x080023e2   0x00000002   PAD
    0x080023e4   0x080023e4   0x00000002   Code   RO         1740    .text.DMA1_Channel2_IRQHandler  stm32g4xx_it.o
    0x080023e6   0x080023e6   0x00000002   PAD
    0x080023e8   0x080023e8   0x00000002   Code   RO         1732    .text.DebugMon_Handler  stm32g4xx_it.o
    0x080023ea   0x080023ea   0x00000002   PAD
    0x080023ec   0x080023ec   0x00000054   Code   RO          174    .text.Debug_Printf  log.o
    0x08002440   0x08002440   0x0000001a   Code   RO          581    .text.EXTI15_10_IRQHandler  chip_ec800m.o
    0x0800245a   0x0800245a   0x00000002   PAD
    0x0800245c   0x0800245c   0x0000000e   Code   RO         1677    .text.Error_Handler  main.o
    0x0800246a   0x0800246a   0x00000002   PAD
    0x0800246c   0x0800246c   0x0000001a   Code   RO         2008    .text.HAL_IncTick   stm32g4xx_hal.o
    0x08002486   0x08002486   0x00000002   PAD
    0x08002488   0x08002488   0x00000030   Code   RO         1998    .text.HAL_Init      stm32g4xx_hal.o
    0x080024b8   0x080024b8   0x00000088   Code   RO         2000    .text.HAL_InitTick  stm32g4xx_hal.o
    0x08002540   0x08002540   0x00000048   Code   RO         1752    .text.HAL_MspInit   stm32g4xx_hal_msp.o
    0x08002588   0x08002588   0x0000002e   Code   RO         2488    .text.HAL_NVIC_SetPriority  stm32g4xx_hal_cortex.o
    0x080025b6   0x080025b6   0x00000002   PAD
    0x080025b8   0x080025b8   0x00000010   Code   RO         2484    .text.HAL_NVIC_SetPriorityGrouping  stm32g4xx_hal_cortex.o
    0x080025c8   0x080025c8   0x00000012   Code   RO         2475    .text.HAL_PWREx_DisableUCPDDeadBattery  stm32g4xx_hal_pwr_ex.o
    0x080025da   0x080025da   0x00000002   PAD
    0x080025dc   0x080025dc   0x00000010   Code   RO         2508    .text.HAL_SYSTICK_Config  stm32g4xx_hal_cortex.o
    0x080025ec   0x080025ec   0x00000010   Code   RO         1075    .text.HDL_CPU_IncTick  hdl_cpu_time.o
    0x080025fc   0x080025fc   0x00000028   Code   RO         1033    .text.HDL_CPU_Time_DelayMs  hdl_cpu_time.o
    0x08002624   0x08002624   0x0000000c   Code   RO         1021    .text.HDL_CPU_Time_GetTick  hdl_cpu_time.o
    0x08002630   0x08002630   0x00000154   Code   RO          989    .text.HDL_CPU_Time_Init  hdl_cpu_time.o
    0x08002784   0x08002784   0x000000e4   Code   RO          648    .text.HDL_RTC_GetStructTime  hdl_rtc.o
    0x08002868   0x08002868   0x00000034   Code   RO          646    .text.HDL_RTC_GetTimeTick  hdl_rtc.o
    0x0800289c   0x0800289c   0x0000010e   Code   RO          610    .text.HDL_RTC_Init  hdl_rtc.o
    0x080029aa   0x080029aa   0x00000002   PAD
    0x080029ac   0x080029ac   0x00000074   Code   RO          642    .text.HDL_RTC_SetStructTime  hdl_rtc.o
    0x08002a20   0x08002a20   0x0000001e   Code   RO          650    .text.HDL_RTC_SetTimeTick  hdl_rtc.o
    0x08002a3e   0x08002a3e   0x00000002   PAD
    0x08002a40   0x08002a40   0x00000014   Code   RO         1722    .text.HardFault_Handler  stm32g4xx_it.o
    0x08002a54   0x08002a54   0x00000010   Code   RO         1437    .text.INIT_LIST_HEAD  at_chat.o
    0x08002a64   0x08002a64   0x00000022   Code   RO           16    .text.LL_AHB2_GRP1_EnableClock  app_main.o
    0x08002a86   0x08002a86   0x00000002   PAD
    0x08002a88   0x08002a88   0x00000022   Code   RO          579    .text.LL_AHB2_GRP1_EnableClock  chip_ec800m.o
    0x08002aaa   0x08002aaa   0x00000002   PAD
    0x08002aac   0x08002aac   0x00000022   Code   RO          681    .text.LL_AHB2_GRP1_EnableClock  hdl_uart.o
    0x08002ace   0x08002ace   0x00000002   PAD
    0x08002ad0   0x08002ad0   0x00000022   Code   RO         1691    .text.LL_AHB2_GRP1_EnableClock  gpio.o
    0x08002af2   0x08002af2   0x00000002   PAD
    0x08002af4   0x08002af4   0x00000018   Code   RO          634    .text.LL_APB1_GRP1_DisableClock  hdl_rtc.o
    0x08002b0c   0x08002b0c   0x00000022   Code   RO          616    .text.LL_APB1_GRP1_EnableClock  hdl_rtc.o
    0x08002b2e   0x08002b2e   0x00000002   PAD
    0x08002b30   0x08002b30   0x00000022   Code   RO          709    .text.LL_APB1_GRP1_EnableClock  hdl_uart.o
    0x08002b52   0x08002b52   0x00000002   PAD
    0x08002b54   0x08002b54   0x00000022   Code   RO         1017    .text.LL_APB1_GRP1_EnableClock  hdl_cpu_time.o
    0x08002b76   0x08002b76   0x00000002   PAD
    0x08002b78   0x08002b78   0x0000001e   Code   RO          614    .text.LL_APB1_GRP1_IsEnabledClock  hdl_rtc.o
    0x08002b96   0x08002b96   0x00000002   PAD
    0x08002b98   0x08002b98   0x00000022   Code   RO          713    .text.LL_APB1_GRP2_EnableClock  hdl_uart.o
    0x08002bba   0x08002bba   0x00000002   PAD
    0x08002bbc   0x08002bbc   0x00000022   Code   RO          679    .text.LL_APB2_GRP1_EnableClock  hdl_uart.o
    0x08002bde   0x08002bde   0x00000002   PAD
    0x08002be0   0x08002be0   0x00000022   Code   RO          991    .text.LL_APB2_GRP1_EnableClock  hdl_cpu_time.o
    0x08002c02   0x08002c02   0x00000002   PAD
    0x08002c04   0x08002c04   0x00000014   Code   RO          585    .text.LL_EXTI_ClearFlag_0_31  chip_ec800m.o
    0x08002c18   0x08002c18   0x0000001e   Code   RO          583    .text.LL_EXTI_IsActiveFlag_0_31  chip_ec800m.o
    0x08002c36   0x08002c36   0x00000002   PAD
    0x08002c38   0x08002c38   0x00000010   Code   RO         1635    .text.LL_FLASH_GetLatency  main.o
    0x08002c48   0x08002c48   0x0000001c   Code   RO         1633    .text.LL_FLASH_SetLatency  main.o
    0x08002c64   0x08002c64   0x000000dc   Code   RO         1874    .text.LL_GPIO_Init  stm32g4xx_ll_gpio.o
    0x08002d40   0x08002d40   0x00000010   Code   RO          593    .text.LL_GPIO_ResetOutputPin  chip_ec800m.o
    0x08002d50   0x08002d50   0x00000010   Code   RO         1693    .text.LL_GPIO_ResetOutputPin  gpio.o
    0x08002d60   0x08002d60   0x0000007c   Code   RO         1882    .text.LL_GPIO_SetAFPin_0_7  stm32g4xx_ll_gpio.o
    0x08002ddc   0x08002ddc   0x00000080   Code   RO         1884    .text.LL_GPIO_SetAFPin_8_15  stm32g4xx_ll_gpio.o
    0x08002e5c   0x08002e5c   0x00000010   Code   RO            4    .text.LL_GPIO_SetOutputPin  app_main.o
    0x08002e6c   0x08002e6c   0x00000010   Code   RO          589    .text.LL_GPIO_SetOutputPin  chip_ec800m.o
    0x08002e7c   0x08002e7c   0x0000007c   Code   RO         1886    .text.LL_GPIO_SetPinMode  stm32g4xx_ll_gpio.o
    0x08002ef8   0x08002ef8   0x0000001e   Code   RO         1878    .text.LL_GPIO_SetPinOutputType  stm32g4xx_ll_gpio.o
    0x08002f16   0x08002f16   0x00000002   PAD
    0x08002f18   0x08002f18   0x0000007c   Code   RO         1880    .text.LL_GPIO_SetPinPull  stm32g4xx_ll_gpio.o
    0x08002f94   0x08002f94   0x0000007c   Code   RO         1876    .text.LL_GPIO_SetPinSpeed  stm32g4xx_ll_gpio.o
    0x08003010   0x08003010   0x00000012   Code   RO          721    .text.LL_LPUART_Enable  hdl_uart.o
    0x08003022   0x08003022   0x00000002   PAD
    0x08003024   0x08003024   0x00000012   Code   RO          719    .text.LL_LPUART_EnableFIFO  hdl_uart.o
    0x08003036   0x08003036   0x00000002   PAD
    0x08003038   0x08003038   0x0000002a   Code   RO          725    .text.LL_LPUART_EnableIT_PE  hdl_uart.o
    0x08003062   0x08003062   0x00000002   PAD
    0x08003064   0x08003064   0x0000002a   Code   RO          723    .text.LL_LPUART_EnableIT_RXNE_RXFNE  hdl_uart.o
    0x0800308e   0x0800308e   0x00000002   PAD
    0x08003090   0x08003090   0x0000002a   Code   RO          791    .text.LL_LPUART_EnableIT_TXE_TXFNF  hdl_uart.o
    0x080030ba   0x080030ba   0x00000002   PAD
    0x080030bc   0x080030bc   0x0000002a   Code   RO          727    .text.LL_LPUART_EnableIT_TXFE  hdl_uart.o
    0x080030e6   0x080030e6   0x00000002   PAD
    0x080030e8   0x080030e8   0x0000008e   Code   RO         2600    .text.LL_LPUART_Init  stm32g4xx_ll_lpuart.o
    0x08003176   0x08003176   0x00000002   PAD
    0x08003178   0x08003178   0x00000010   Code   RO          731    .text.LL_LPUART_IsActiveFlag_REACK  hdl_uart.o
    0x08003188   0x08003188   0x00000010   Code   RO          729    .text.LL_LPUART_IsActiveFlag_TEACK  hdl_uart.o
    0x08003198   0x08003198   0x00000010   Code   RO         2602    .text.LL_LPUART_IsEnabled  stm32g4xx_ll_lpuart.o
    0x080031a8   0x080031a8   0x00000054   Code   RO         2608    .text.LL_LPUART_SetBaudRate  stm32g4xx_ll_lpuart.o
    0x080031fc   0x080031fc   0x0000001a   Code   RO         2606    .text.LL_LPUART_SetHWFlowCtrl  stm32g4xx_ll_lpuart.o
    0x08003216   0x08003216   0x00000002   PAD
    0x08003218   0x08003218   0x0000001c   Code   RO         2610    .text.LL_LPUART_SetPrescaler  stm32g4xx_ll_lpuart.o
    0x08003234   0x08003234   0x00000032   Code   RO          717    .text.LL_LPUART_SetRXFIFOThreshold  hdl_uart.o
    0x08003266   0x08003266   0x00000002   PAD
    0x08003268   0x08003268   0x0000001a   Code   RO         2604    .text.LL_LPUART_SetStopBitsLength  stm32g4xx_ll_lpuart.o
    0x08003282   0x08003282   0x00000002   PAD
    0x08003284   0x08003284   0x00000032   Code   RO          715    .text.LL_LPUART_SetTXFIFOThreshold  hdl_uart.o
    0x080032b6   0x080032b6   0x00000002   PAD
    0x080032b8   0x080032b8   0x00000012   Code   RO          620    .text.LL_PWR_EnableBkUpAccess  hdl_rtc.o
    0x080032ca   0x080032ca   0x00000002   PAD
    0x080032cc   0x080032cc   0x00000012   Code   RO         1651    .text.LL_PWR_EnableBkUpAccess  main.o
    0x080032de   0x080032de   0x00000002   PAD
    0x080032e0   0x080032e0   0x00000012   Code   RO         1637    .text.LL_PWR_EnableRange1BoostMode  main.o
    0x080032f2   0x080032f2   0x00000002   PAD
    0x080032f4   0x080032f4   0x00000022   Code   RO          618    .text.LL_PWR_IsEnabledBkUpAccess  hdl_rtc.o
    0x08003316   0x08003316   0x00000002   PAD
    0x08003318   0x08003318   0x00000012   Code   RO          638    .text.LL_RCC_EnableRTC  hdl_rtc.o
    0x0800332a   0x0800332a   0x00000002   PAD
    0x0800332c   0x0800332c   0x00000012   Code   RO          622    .text.LL_RCC_ForceBackupDomainReset  hdl_rtc.o
    0x0800333e   0x0800333e   0x00000002   PAD
    0x08003340   0x08003340   0x00000010   Code   RO         2720    .text.LL_RCC_GetAHBPrescaler  stm32g4xx_ll_rcc.o
    0x08003350   0x08003350   0x00000010   Code   RO         2722    .text.LL_RCC_GetAPB1Prescaler  stm32g4xx_ll_rcc.o
    0x08003360   0x08003360   0x00000010   Code   RO         2724    .text.LL_RCC_GetAPB2Prescaler  stm32g4xx_ll_rcc.o
    0x08003370   0x08003370   0x0000007e   Code   RO         2660    .text.LL_RCC_GetLPUARTClockFreq  stm32g4xx_ll_rcc.o
    0x080033ee   0x080033ee   0x00000002   PAD
    0x080033f0   0x080033f0   0x00000016   Code   RO         2662    .text.LL_RCC_GetLPUARTClockSource  stm32g4xx_ll_rcc.o
    0x08003406   0x08003406   0x00000002   PAD
    0x08003408   0x08003408   0x00000010   Code   RO          612    .text.LL_RCC_GetRTCClockSource  hdl_rtc.o
    0x08003418   0x08003418   0x00000010   Code   RO         1671    .text.LL_RCC_GetSysClkSource  main.o
    0x08003428   0x08003428   0x00000010   Code   RO         2630    .text.LL_RCC_GetSysClkSource  stm32g4xx_ll_rcc.o
    0x08003438   0x08003438   0x0000011e   Code   RO         2652    .text.LL_RCC_GetUARTClockFreq  stm32g4xx_ll_rcc.o
    0x08003556   0x08003556   0x00000002   PAD
    0x08003558   0x08003558   0x0000001a   Code   RO         2654    .text.LL_RCC_GetUARTClockSource  stm32g4xx_ll_rcc.o
    0x08003572   0x08003572   0x00000002   PAD
    0x08003574   0x08003574   0x00000172   Code   RO         2646    .text.LL_RCC_GetUSARTClockFreq  stm32g4xx_ll_rcc.o
    0x080036e6   0x080036e6   0x00000002   PAD
    0x080036e8   0x080036e8   0x0000001a   Code   RO         2648    .text.LL_RCC_GetUSARTClockSource  stm32g4xx_ll_rcc.o
    0x08003702   0x08003702   0x00000002   PAD
    0x08003704   0x08003704   0x00000012   Code   RO         1639    .text.LL_RCC_HSE_Enable  main.o
    0x08003716   0x08003716   0x00000002   PAD
    0x08003718   0x08003718   0x00000010   Code   RO         1641    .text.LL_RCC_HSE_IsReady  main.o
    0x08003728   0x08003728   0x00000012   Code   RO         1643    .text.LL_RCC_HSI48_Enable  main.o
    0x0800373a   0x0800373a   0x00000002   PAD
    0x0800373c   0x0800373c   0x00000010   Code   RO         1645    .text.LL_RCC_HSI48_IsReady  main.o
    0x0800374c   0x0800374c   0x00000010   Code   RO         2626    .text.LL_RCC_HSI_IsReady  stm32g4xx_ll_rcc.o
    0x0800375c   0x0800375c   0x00000012   Code   RO          628    .text.LL_RCC_LSE_Enable  hdl_rtc.o
    0x0800376e   0x0800376e   0x00000002   PAD
    0x08003770   0x08003770   0x00000012   Code   RO         1655    .text.LL_RCC_LSE_Enable  main.o
    0x08003782   0x08003782   0x00000002   PAD
    0x08003784   0x08003784   0x00000010   Code   RO          630    .text.LL_RCC_LSE_IsReady  hdl_rtc.o
    0x08003794   0x08003794   0x00000010   Code   RO         1657    .text.LL_RCC_LSE_IsReady  main.o
    0x080037a4   0x080037a4   0x00000010   Code   RO         2650    .text.LL_RCC_LSE_IsReady  stm32g4xx_ll_rcc.o
    0x080037b4   0x080037b4   0x0000001c   Code   RO          626    .text.LL_RCC_LSE_SetDriveCapability  hdl_rtc.o
    0x080037d0   0x080037d0   0x0000001c   Code   RO         1653    .text.LL_RCC_LSE_SetDriveCapability  main.o
    0x080037ec   0x080037ec   0x00000012   Code   RO         1647    .text.LL_RCC_LSI_Enable  main.o
    0x080037fe   0x080037fe   0x00000002   PAD
    0x08003800   0x08003800   0x00000010   Code   RO         1649    .text.LL_RCC_LSI_IsReady  main.o
    0x08003810   0x08003810   0x00000036   Code   RO         1659    .text.LL_RCC_PLL_ConfigDomain_SYS  main.o
    0x08003846   0x08003846   0x00000002   PAD
    0x08003848   0x08003848   0x00000012   Code   RO         1663    .text.LL_RCC_PLL_Enable  main.o
    0x0800385a   0x0800385a   0x00000002   PAD
    0x0800385c   0x0800385c   0x00000012   Code   RO         1661    .text.LL_RCC_PLL_EnableDomain_SYS  main.o
    0x0800386e   0x0800386e   0x00000002   PAD
    0x08003870   0x08003870   0x00000010   Code   RO         2716    .text.LL_RCC_PLL_GetDivider  stm32g4xx_ll_rcc.o
    0x08003880   0x08003880   0x00000010   Code   RO         2712    .text.LL_RCC_PLL_GetMainSource  stm32g4xx_ll_rcc.o
    0x08003890   0x08003890   0x00000010   Code   RO         2714    .text.LL_RCC_PLL_GetN  stm32g4xx_ll_rcc.o
    0x080038a0   0x080038a0   0x00000010   Code   RO         2718    .text.LL_RCC_PLL_GetR  stm32g4xx_ll_rcc.o
    0x080038b0   0x080038b0   0x00000010   Code   RO         1665    .text.LL_RCC_PLL_IsReady  main.o
    0x080038c0   0x080038c0   0x00000012   Code   RO          624    .text.LL_RCC_ReleaseBackupDomainReset  hdl_rtc.o
    0x080038d2   0x080038d2   0x00000002   PAD
    0x080038d4   0x080038d4   0x0000001c   Code   RO         1669    .text.LL_RCC_SetAHBPrescaler  main.o
    0x080038f0   0x080038f0   0x0000001c   Code   RO         1673    .text.LL_RCC_SetAPB1Prescaler  main.o
    0x0800390c   0x0800390c   0x0000001c   Code   RO         1675    .text.LL_RCC_SetAPB2Prescaler  main.o
    0x08003928   0x08003928   0x0000001c   Code   RO          632    .text.LL_RCC_SetRTCClockSource  hdl_rtc.o
    0x08003944   0x08003944   0x0000001c   Code   RO         1667    .text.LL_RCC_SetSysClkSource  main.o
    0x08003960   0x08003960   0x0000001e   Code   RO          711    .text.LL_RCC_SetUARTClockSource  hdl_uart.o
    0x0800397e   0x0800397e   0x00000002   PAD
    0x08003980   0x08003980   0x0000001e   Code   RO          677    .text.LL_RCC_SetUSARTClockSource  hdl_uart.o
    0x0800399e   0x0800399e   0x00000002   PAD
    0x080039a0   0x080039a0   0x0000001e   Code   RO          640    .text.LL_RTC_BKP_GetRegister  hdl_rtc.o
    0x080039be   0x080039be   0x00000002   PAD
    0x080039c0   0x080039c0   0x00000022   Code   RO          644    .text.LL_RTC_BKP_SetRegister  hdl_rtc.o
    0x080039e2   0x080039e2   0x00000002   PAD
    0x080039e4   0x080039e4   0x00000018   Code   RO          636    .text.LL_RTC_ClearFlag_RS  hdl_rtc.o
    0x080039fc   0x080039fc   0x00000018   Code   RO         2942    .text.LL_RTC_ClearFlag_RS  stm32g4xx_ll_rtc.o
    0x08003a14   0x08003a14   0x00000042   Code   RO         2898    .text.LL_RTC_DATE_Config  stm32g4xx_ll_rtc.o
    0x08003a56   0x08003a56   0x00000002   PAD
    0x08003a58   0x08003a58   0x0000010a   Code   RO         2896    .text.LL_RTC_DATE_Init  stm32g4xx_ll_rtc.o
    0x08003b62   0x08003b62   0x00000002   PAD
    0x08003b64   0x08003b64   0x00000010   Code   RO         2870    .text.LL_RTC_DisableInitMode  stm32g4xx_ll_rtc.o
    0x08003b74   0x08003b74   0x00000014   Code   RO         2866    .text.LL_RTC_DisableWriteProtection  stm32g4xx_ll_rtc.o
    0x08003b88   0x08003b88   0x00000010   Code   RO         2936    .text.LL_RTC_EnableInitMode  stm32g4xx_ll_rtc.o
    0x08003b98   0x08003b98   0x0000000e   Code   RO         2874    .text.LL_RTC_EnableWriteProtection  stm32g4xx_ll_rtc.o
    0x08003ba6   0x08003ba6   0x00000002   PAD
    0x08003ba8   0x08003ba8   0x0000007e   Code   RO         2868    .text.LL_RTC_EnterInitMode  stm32g4xx_ll_rtc.o
    0x08003c26   0x08003c26   0x00000002   PAD
    0x08003c28   0x08003c28   0x00000010   Code   RO         2888    .text.LL_RTC_GetHourFormat  stm32g4xx_ll_rtc.o
    0x08003c38   0x08003c38   0x0000005a   Code   RO         2876    .text.LL_RTC_Init   stm32g4xx_ll_rtc.o
    0x08003c92   0x08003c92   0x00000002   PAD
    0x08003c94   0x08003c94   0x00000010   Code   RO         2934    .text.LL_RTC_IsActiveFlag_INIT  stm32g4xx_ll_rtc.o
    0x08003ca4   0x08003ca4   0x00000010   Code   RO         2944    .text.LL_RTC_IsActiveFlag_RS  stm32g4xx_ll_rtc.o
    0x08003cb4   0x08003cb4   0x00000010   Code   RO         2892    .text.LL_RTC_IsShadowRegBypassEnabled  stm32g4xx_ll_rtc.o
    0x08003cc4   0x08003cc4   0x0000001c   Code   RO         2882    .text.LL_RTC_SetAsynchPrescaler  stm32g4xx_ll_rtc.o
    0x08003ce0   0x08003ce0   0x0000001a   Code   RO         2878    .text.LL_RTC_SetHourFormat  stm32g4xx_ll_rtc.o
    0x08003cfa   0x08003cfa   0x00000002   PAD
    0x08003cfc   0x08003cfc   0x0000001c   Code   RO         2880    .text.LL_RTC_SetSynchPrescaler  stm32g4xx_ll_rtc.o
    0x08003d18   0x08003d18   0x00000042   Code   RO         2890    .text.LL_RTC_TIME_Config  stm32g4xx_ll_rtc.o
    0x08003d5a   0x08003d5a   0x00000002   PAD
    0x08003d5c   0x08003d5c   0x00000112   Code   RO         2886    .text.LL_RTC_TIME_Init  stm32g4xx_ll_rtc.o
    0x08003e6e   0x08003e6e   0x00000002   PAD
    0x08003e70   0x08003e70   0x000000d6   Code   RO         2872    .text.LL_RTC_WaitForSynchro  stm32g4xx_ll_rtc.o
    0x08003f46   0x08003f46   0x00000002   PAD
    0x08003f48   0x08003f48   0x00000010   Code   RO         2938    .text.LL_SYSTICK_IsActiveCounterFlag  stm32g4xx_ll_rtc.o
    0x08003f58   0x08003f58   0x00000014   Code   RO         1766    .text.LL_SetSystemCoreClock  stm32g4xx_ll_utils.o
    0x08003f6c   0x08003f6c   0x00000010   Code   RO         1039    .text.LL_TIM_ClearFlag_CC1  hdl_cpu_time.o
    0x08003f7c   0x08003f7c   0x00000010   Code   RO         1045    .text.LL_TIM_ClearFlag_CC2  hdl_cpu_time.o
    0x08003f8c   0x08003f8c   0x00000010   Code   RO         1051    .text.LL_TIM_ClearFlag_CC3  hdl_cpu_time.o
    0x08003f9c   0x08003f9c   0x00000010   Code   RO         1057    .text.LL_TIM_ClearFlag_CC4  hdl_cpu_time.o
    0x08003fac   0x08003fac   0x00000010   Code   RO         1077    .text.LL_TIM_ClearFlag_UPDATE  hdl_cpu_time.o
    0x08003fbc   0x08003fbc   0x00000012   Code   RO         1001    .text.LL_TIM_DisableARRPreload  hdl_cpu_time.o
    0x08003fce   0x08003fce   0x00000002   PAD
    0x08003fd0   0x08003fd0   0x00000012   Code   RO         1063    .text.LL_TIM_DisableIT_CC1  hdl_cpu_time.o
    0x08003fe2   0x08003fe2   0x00000002   PAD
    0x08003fe4   0x08003fe4   0x00000012   Code   RO         1065    .text.LL_TIM_DisableIT_CC2  hdl_cpu_time.o
    0x08003ff6   0x08003ff6   0x00000002   PAD
    0x08003ff8   0x08003ff8   0x00000012   Code   RO         1067    .text.LL_TIM_DisableIT_CC3  hdl_cpu_time.o
    0x0800400a   0x0800400a   0x00000002   PAD
    0x0800400c   0x0800400c   0x00000012   Code   RO         1069    .text.LL_TIM_DisableIT_CC4  hdl_cpu_time.o
    0x0800401e   0x0800401e   0x00000002   PAD
    0x08004020   0x08004020   0x00000012   Code   RO         1019    .text.LL_TIM_DisableIT_UPDATE  hdl_cpu_time.o
    0x08004032   0x08004032   0x00000002   PAD
    0x08004034   0x08004034   0x00000012   Code   RO         1009    .text.LL_TIM_DisableMasterSlaveMode  hdl_cpu_time.o
    0x08004046   0x08004046   0x00000002   PAD
    0x08004048   0x08004048   0x00000012   Code   RO         1015    .text.LL_TIM_EnableCounter  hdl_cpu_time.o
    0x0800405a   0x0800405a   0x00000002   PAD
    0x0800405c   0x0800405c   0x00000012   Code   RO         1013    .text.LL_TIM_EnableIT_UPDATE  hdl_cpu_time.o
    0x0800406e   0x0800406e   0x00000002   PAD
    0x08004070   0x08004070   0x00000012   Code   RO         3404    .text.LL_TIM_GenerateEvent_UPDATE  stm32g4xx_ll_tim.o
    0x08004082   0x08004082   0x00000002   PAD
    0x08004084   0x08004084   0x000001c4   Code   RO         3396    .text.LL_TIM_Init   stm32g4xx_ll_tim.o
    0x08004248   0x08004248   0x00000010   Code   RO         1083    .text.LL_TIM_IsActiveFlag_CC1  hdl_cpu_time.o
    0x08004258   0x08004258   0x00000010   Code   RO         1087    .text.LL_TIM_IsActiveFlag_CC2  hdl_cpu_time.o
    0x08004268   0x08004268   0x00000010   Code   RO         1091    .text.LL_TIM_IsActiveFlag_CC3  hdl_cpu_time.o
    0x08004278   0x08004278   0x00000010   Code   RO         1095    .text.LL_TIM_IsActiveFlag_CC4  hdl_cpu_time.o
    0x08004288   0x08004288   0x00000010   Code   RO         1073    .text.LL_TIM_IsActiveFlag_UPDATE  hdl_cpu_time.o
    0x08004298   0x08004298   0x00000010   Code   RO         1081    .text.LL_TIM_IsEnabledIT_CC1  hdl_cpu_time.o
    0x080042a8   0x080042a8   0x00000010   Code   RO         1085    .text.LL_TIM_IsEnabledIT_CC2  hdl_cpu_time.o
    0x080042b8   0x080042b8   0x00000010   Code   RO         1089    .text.LL_TIM_IsEnabledIT_CC3  hdl_cpu_time.o
    0x080042c8   0x080042c8   0x00000010   Code   RO         1093    .text.LL_TIM_IsEnabledIT_CC4  hdl_cpu_time.o
    0x080042d8   0x080042d8   0x00000010   Code   RO         3398    .text.LL_TIM_SetAutoReload  stm32g4xx_ll_tim.o
    0x080042e8   0x080042e8   0x00000020   Code   RO         1003    .text.LL_TIM_SetClockSource  hdl_cpu_time.o
    0x08004308   0x08004308   0x00000010   Code   RO         1011    .text.LL_TIM_SetCounter  hdl_cpu_time.o
    0x08004318   0x08004318   0x00000010   Code   RO         3400    .text.LL_TIM_SetPrescaler  stm32g4xx_ll_tim.o
    0x08004328   0x08004328   0x00000010   Code   RO         3402    .text.LL_TIM_SetRepetitionCounter  stm32g4xx_ll_tim.o
    0x08004338   0x08004338   0x00000020   Code   RO         1005    .text.LL_TIM_SetTriggerOutput  hdl_cpu_time.o
    0x08004358   0x08004358   0x0000001a   Code   RO         1007    .text.LL_TIM_SetTriggerOutput2  hdl_cpu_time.o
    0x08004372   0x08004372   0x00000002   PAD
    0x08004374   0x08004374   0x0000000e   Code   RO          759    .text.LL_USART_ClearFlag_FE  hdl_uart.o
    0x08004382   0x08004382   0x00000002   PAD
    0x08004384   0x08004384   0x0000000e   Code   RO          757    .text.LL_USART_ClearFlag_ORE  hdl_uart.o
    0x08004392   0x08004392   0x00000002   PAD
    0x08004394   0x08004394   0x0000000e   Code   RO          761    .text.LL_USART_ClearFlag_PE  hdl_uart.o
    0x080043a2   0x080043a2   0x00000002   PAD
    0x080043a4   0x080043a4   0x0000001c   Code   RO          697    .text.LL_USART_ConfigAsyncMode  hdl_uart.o
    0x080043c0   0x080043c0   0x0000002a   Code   RO          705    .text.LL_USART_DisableIT_TC  hdl_uart.o
    0x080043ea   0x080043ea   0x00000002   PAD
    0x080043ec   0x080043ec   0x0000002a   Code   RO          769    .text.LL_USART_DisableIT_TXE_TXFNF  hdl_uart.o
    0x08004416   0x08004416   0x00000002   PAD
    0x08004418   0x08004418   0x0000002a   Code   RO          707    .text.LL_USART_DisableIT_TXFE  hdl_uart.o
    0x08004442   0x08004442   0x00000002   PAD
    0x08004444   0x08004444   0x00000012   Code   RO          699    .text.LL_USART_Enable  hdl_uart.o
    0x08004456   0x08004456   0x00000002   PAD
    0x08004458   0x08004458   0x00000012   Code   RO          695    .text.LL_USART_EnableFIFO  hdl_uart.o
    0x0800446a   0x0800446a   0x00000002   PAD
    0x0800446c   0x0800446c   0x0000002a   Code   RO          703    .text.LL_USART_EnableIT_PE  hdl_uart.o
    0x08004496   0x08004496   0x00000002   PAD
    0x08004498   0x08004498   0x0000002a   Code   RO          701    .text.LL_USART_EnableIT_RXNE_RXFNE  hdl_uart.o
    0x080044c2   0x080044c2   0x00000002   PAD
    0x080044c4   0x080044c4   0x0000002a   Code   RO          771    .text.LL_USART_EnableIT_TC  hdl_uart.o
    0x080044ee   0x080044ee   0x00000002   PAD
    0x080044f0   0x080044f0   0x0000002a   Code   RO          789    .text.LL_USART_EnableIT_TXE_TXFNF  hdl_uart.o
    0x0800451a   0x0800451a   0x00000002   PAD
    0x0800451c   0x0800451c   0x0000012c   Code   RO         2747    .text.LL_USART_Init  stm32g4xx_ll_usart.o
    0x08004648   0x08004648   0x00000010   Code   RO          755    .text.LL_USART_IsActiveFlag_ORE  hdl_uart.o
    0x08004658   0x08004658   0x00000010   Code   RO          751    .text.LL_USART_IsActiveFlag_RXNE_RXFNE  hdl_uart.o
    0x08004668   0x08004668   0x00000010   Code   RO          775    .text.LL_USART_IsActiveFlag_TC  hdl_uart.o
    0x08004678   0x08004678   0x00000010   Code   RO          765    .text.LL_USART_IsActiveFlag_TXE_TXFNF  hdl_uart.o
    0x08004688   0x08004688   0x00000010   Code   RO         2749    .text.LL_USART_IsEnabled  stm32g4xx_ll_usart.o
    0x08004698   0x08004698   0x00000010   Code   RO          773    .text.LL_USART_IsEnabledIT_TC  hdl_uart.o
    0x080046a8   0x080046a8   0x00000010   Code   RO          763    .text.LL_USART_IsEnabledIT_TXE_TXFNF  hdl_uart.o
    0x080046b8   0x080046b8   0x0000000e   Code   RO          753    .text.LL_USART_ReceiveData8  hdl_uart.o
    0x080046c6   0x080046c6   0x00000002   PAD
    0x080046c8   0x080046c8   0x000000a0   Code   RO         2755    .text.LL_USART_SetBaudRate  stm32g4xx_ll_usart.o
    0x08004768   0x08004768   0x0000001a   Code   RO         2753    .text.LL_USART_SetHWFlowCtrl  stm32g4xx_ll_usart.o
    0x08004782   0x08004782   0x00000002   PAD
    0x08004784   0x08004784   0x0000001c   Code   RO         2757    .text.LL_USART_SetPrescaler  stm32g4xx_ll_usart.o
    0x080047a0   0x080047a0   0x00000032   Code   RO          693    .text.LL_USART_SetRXFIFOThreshold  hdl_uart.o
    0x080047d2   0x080047d2   0x00000002   PAD
    0x080047d4   0x080047d4   0x0000001a   Code   RO         2751    .text.LL_USART_SetStopBitsLength  stm32g4xx_ll_usart.o
    0x080047ee   0x080047ee   0x00000002   PAD
    0x080047f0   0x080047f0   0x00000032   Code   RO          691    .text.LL_USART_SetTXFIFOThreshold  hdl_uart.o
    0x08004822   0x08004822   0x00000002   PAD
    0x08004824   0x08004824   0x00000014   Code   RO          767    .text.LL_USART_TransmitData8  hdl_uart.o
    0x08004838   0x08004838   0x0000001c   Code   RO          787    .text.LPUART1_IRQHandler  hdl_uart.o
    0x08004854   0x08004854   0x0000014e   Code   RO         1689    .text.MX_GPIO_Init  gpio.o
    0x080049a2   0x080049a2   0x00000002   PAD
    0x080049a4   0x080049a4   0x00000014   Code   RO         1724    .text.MemManage_Handler  stm32g4xx_it.o
    0x080049b8   0x080049b8   0x00000004   Code   RO         1720    .text.NMI_Handler   stm32g4xx_it.o
    0x080049bc   0x080049bc   0x0000006c   Code   RO          685    .text.NVIC_EncodePriority  hdl_uart.o
    0x08004a28   0x08004a28   0x0000006c   Code   RO          995    .text.NVIC_EncodePriority  hdl_cpu_time.o
    0x08004a94   0x08004a94   0x0000006c   Code   RO         2494    .text.NVIC_EncodePriority  stm32g4xx_hal_cortex.o
    0x08004b00   0x08004b00   0x00000002   Code   RO         1734    .text.PendSV_Handler  stm32g4xx_it.o
    0x08004b02   0x08004b02   0x00000002   PAD
    0x08004b04   0x08004b04   0x0000002a   Code   RO         2640    .text.RCC_GetHCLKClockFreq  stm32g4xx_ll_rcc.o
    0x08004b2e   0x08004b2e   0x00000002   PAD
    0x08004b30   0x08004b30   0x00000028   Code   RO         2642    .text.RCC_GetPCLK1ClockFreq  stm32g4xx_ll_rcc.o
    0x08004b58   0x08004b58   0x00000028   Code   RO         2644    .text.RCC_GetPCLK2ClockFreq  stm32g4xx_ll_rcc.o
    0x08004b80   0x08004b80   0x00000054   Code   RO         2638    .text.RCC_GetSystemClockFreq  stm32g4xx_ll_rcc.o
    0x08004bd4   0x08004bd4   0x0000007c   Code   RO         2710    .text.RCC_PLL_GetFreqDomain_SYS  stm32g4xx_ll_rcc.o
    0x08004c50   0x08004c50   0x00000002   Code   RO         1730    .text.SVC_Handler   stm32g4xx_it.o
    0x08004c52   0x08004c52   0x00000002   PAD
    0x08004c54   0x08004c54   0x0000001c   Code   RO            8    .text.Sensor_Queue_Init  app_main.o
    0x08004c70   0x08004c70   0x00000052   Code   RO         2510    .text.SysTick_Config  stm32g4xx_hal_cortex.o
    0x08004cc2   0x08004cc2   0x00000002   PAD
    0x08004cc4   0x08004cc4   0x00000008   Code   RO         1736    .text.SysTick_Handler  stm32g4xx_it.o
    0x08004ccc   0x08004ccc   0x0000011e   Code   RO         1631    .text.SystemClock_Config  main.o
    0x08004dea   0x08004dea   0x00000002   PAD
    0x08004dec   0x08004dec   0x00000012   Code   RO         3612    .text.SystemInit    system_stm32g4xx.o
    0x08004dfe   0x08004dfe   0x00000002   PAD
    0x08004e00   0x08004e00   0x00000042   Code   RO         1071    .text.TIM1_UP_TIM16_IRQHandler  hdl_cpu_time.o
    0x08004e42   0x08004e42   0x00000002   PAD
    0x08004e44   0x08004e44   0x000000c6   Code   RO         1079    .text.TIM2_IRQHandler  hdl_cpu_time.o
    0x08004f0a   0x08004f0a   0x00000002   PAD
    0x08004f0c   0x08004f0c   0x0000001c   Code   RO          783    .text.UART4_IRQHandler  hdl_uart.o
    0x08004f28   0x08004f28   0x0000001c   Code   RO          785    .text.UART5_IRQHandler  hdl_uart.o
    0x08004f44   0x08004f44   0x0000001c   Code   RO          777    .text.USART1_IRQHandler  hdl_uart.o
    0x08004f60   0x08004f60   0x0000001c   Code   RO          779    .text.USART2_IRQHandler  hdl_uart.o
    0x08004f7c   0x08004f7c   0x0000001c   Code   RO          781    .text.USART3_IRQHandler  hdl_uart.o
    0x08004f98   0x08004f98   0x00000100   Code   RO          749    .text.USART_Callback  hdl_uart.o
    0x08005098   0x08005098   0x0000007c   Code   RO          735    .text.Uart_EnableIT_TXE  hdl_uart.o
    0x08005114   0x08005114   0x00000772   Code   RO          675    .text.Uart_Init     hdl_uart.o
    0x08005886   0x08005886   0x00000002   PAD
    0x08005888   0x08005888   0x00000040   Code   RO          737    .text.Uart_Read     hdl_uart.o
    0x080058c8   0x080058c8   0x000000de   Code   RO          733    .text.Uart_Write    hdl_uart.o
    0x080059a6   0x080059a6   0x00000002   PAD
    0x080059a8   0x080059a8   0x00000014   Code   RO         1728    .text.UsageFault_Handler  stm32g4xx_it.o
    0x080059bc   0x080059bc   0x00000030   Code   RO          689    .text.__NVIC_EnableIRQ  hdl_uart.o
    0x080059ec   0x080059ec   0x00000030   Code   RO          999    .text.__NVIC_EnableIRQ  hdl_cpu_time.o
    0x08005a1c   0x08005a1c   0x00000010   Code   RO          687    .text.__NVIC_GetPriorityGrouping  hdl_uart.o
    0x08005a2c   0x08005a2c   0x00000010   Code   RO          997    .text.__NVIC_GetPriorityGrouping  hdl_cpu_time.o
    0x08005a3c   0x08005a3c   0x00000010   Code   RO         2490    .text.__NVIC_GetPriorityGrouping  stm32g4xx_hal_cortex.o
    0x08005a4c   0x08005a4c   0x00000042   Code   RO          683    .text.__NVIC_SetPriority  hdl_uart.o
    0x08005a8e   0x08005a8e   0x00000002   PAD
    0x08005a90   0x08005a90   0x00000042   Code   RO          993    .text.__NVIC_SetPriority  hdl_cpu_time.o
    0x08005ad2   0x08005ad2   0x00000002   PAD
    0x08005ad4   0x08005ad4   0x00000042   Code   RO         2492    .text.__NVIC_SetPriority  stm32g4xx_hal_cortex.o
    0x08005b16   0x08005b16   0x00000002   PAD
    0x08005b18   0x08005b18   0x0000003c   Code   RO         2486    .text.__NVIC_SetPriorityGrouping  stm32g4xx_hal_cortex.o
    0x08005b54   0x08005b54   0x0000000c   Code   RO         1481    .text.__get_adapter  at_chat.o
    0x08005b60   0x08005b60   0x00000024   Code   RO         1553    .text.__list_add    at_chat.o
    0x08005b84   0x08005b84   0x00000016   Code   RO         1543    .text.__list_del    at_chat.o
    0x08005b9a   0x08005b9a   0x00000002   PAD
    0x08005b9c   0x08005b9c   0x00000046   Code   RO         1483    .text.add_work_item  at_chat.o
    0x08005be2   0x08005be2   0x00000002   PAD
    0x08005be4   0x08005be4   0x0000008c   Code   RO         1371    .text.applib_dt_is_leap_year  mtime.o
    0x08005c70   0x08005c70   0x00000088   Code   RO         1373    .text.applib_dt_last_day_of_mon  mtime.o
    0x08005cf8   0x08005cf8   0x0000003c   Code   RO          201    .text.at_callback   bfl_4g_task.o
    0x08005d34   0x08005d34   0x00000032   Code   RO          213    .text.at_cfun_callback  bfl_4g_task.o
    0x08005d66   0x08005d66   0x00000002   PAD
    0x08005d68   0x08005d68   0x00000050   Code   RO          215    .text.at_cfun_task_send  bfl_4g_task.o
    0x08005db8   0x08005db8   0x00000048   Code   RO          221    .text.at_cgact_task_send  bfl_4g_task.o
    0x08005e00   0x08005e00   0x0000003c   Code   RO          217    .text.at_cgdcont_callback  bfl_4g_task.o
    0x08005e3c   0x08005e3c   0x00000056   Code   RO          219    .text.at_cgdcont_task_send  bfl_4g_task.o
    0x08005e92   0x08005e92   0x00000002   PAD
    0x08005e94   0x08005e94   0x0000014e   Code   RO          237    .text.at_clk_callback  bfl_4g_task.o
    0x08005fe2   0x08005fe2   0x00000002   PAD
    0x08005fe4   0x08005fe4   0x00000058   Code   RO          239    .text.at_clk_task_send  bfl_4g_task.o
    0x0800603c   0x0800603c   0x00000038   Code   RO         1465    .text.at_core_free  at_chat.o
    0x08006074   0x08006074   0x00000078   Code   RO         1435    .text.at_core_malloc  at_chat.o
    0x080060ec   0x080060ec   0x00000032   Code   RO          205    .text.at_cpin_q_callback  bfl_4g_task.o
    0x0800611e   0x0800611e   0x00000002   PAD
    0x08006120   0x08006120   0x00000058   Code   RO          207    .text.at_cpin_q_task_send  bfl_4g_task.o
    0x08006178   0x08006178   0x00000032   Code   RO          209    .text.at_creg_q_callback  bfl_4g_task.o
    0x080061aa   0x080061aa   0x00000002   PAD
    0x080061ac   0x080061ac   0x00000058   Code   RO          211    .text.at_creg_q_task_send  bfl_4g_task.o
    0x08006204   0x08006204   0x0000003a   Code   RO          273    .text.at_curr_callback  bfl_4g_task.o
    0x0800623e   0x0800623e   0x00000002   PAD
    0x08006240   0x08006240   0x00000016   Code   RO          195    .text.at_device_read  bfl_4g_task.o
    0x08006256   0x08006256   0x00000002   PAD
    0x08006258   0x08006258   0x00000016   Code   RO          193    .text.at_device_write  bfl_4g_task.o
    0x0800626e   0x0800626e   0x00000002   PAD
    0x08006270   0x08006270   0x00000034   Code   RO         1485    .text.at_exec_cmd   at_chat.o
    0x080062a4   0x080062a4   0x000000a6   Code   RO         1479    .text.at_exec_vcmd  at_chat.o
    0x0800634a   0x0800634a   0x00000002   PAD
    0x0800634c   0x0800634c   0x00000026   Code   RO         1455    .text.at_finish     at_chat.o
    0x08006372   0x08006372   0x00000002   PAD
    0x08006374   0x08006374   0x00000010   Code   RO         1589    .text.at_free       at_port.o
    0x08006384   0x08006384   0x00000008   Code   RO         1591    .text.at_get_ms     at_port.o
    0x0800638c   0x0800638c   0x0000002c   Code   RO         1441    .text.at_is_timeout  at_chat.o
    0x080063b8   0x080063b8   0x00000040   Code   RO         1453    .text.at_isabort    at_chat.o
    0x080063f8   0x080063f8   0x00000022   Code   RO         1499    .text.at_lock       at_chat.o
    0x0800641a   0x0800641a   0x00000002   PAD
    0x0800641c   0x0800641c   0x00000010   Code   RO         1587    .text.at_malloc     at_port.o
    0x0800642c   0x0800642c   0x00000050   Code   RO         1459    .text.at_next_wait  at_chat.o
    0x0800647c   0x0800647c   0x0000015a   Code   RO         1433    .text.at_obj_create  at_chat.o
    0x080065d6   0x080065d6   0x00000002   PAD
    0x080065d8   0x080065d8   0x0000005e   Code   RO         1439    .text.at_obj_destroy  at_chat.o
    0x08006636   0x08006636   0x00000002   PAD
    0x08006638   0x08006638   0x00000046   Code   RO         1527    .text.at_obj_process  at_chat.o
    0x0800667e   0x0800667e   0x00000002   PAD
    0x08006680   0x08006680   0x00000010   Code   RO         1461    .text.at_obj_set_curr_at_cb  at_chat.o
    0x08006690   0x08006690   0x00000024   Code   RO         1427    .text.at_obj_set_urc  at_chat.o
    0x080066b4   0x080066b4   0x0000003a   Code   RO          227    .text.at_qicfg_callback  bfl_4g_task.o
    0x080066ee   0x080066ee   0x00000002   PAD
    0x080066f0   0x080066f0   0x00000048   Code   RO          233    .text.at_qicfg_close_task_send  bfl_4g_task.o
    0x08006738   0x08006738   0x00000048   Code   RO          235    .text.at_qicfg_dataformat_task_send  bfl_4g_task.o
    0x08006780   0x08006780   0x00000050   Code   RO          229    .text.at_qicfg_task_send  bfl_4g_task.o
    0x080067d0   0x080067d0   0x00000042   Code   RO          223    .text.at_qicsgp_callback  bfl_4g_task.o
    0x08006812   0x08006812   0x00000002   PAD
    0x08006814   0x08006814   0x00000058   Code   RO          225    .text.at_qicsgp_task_send  bfl_4g_task.o
    0x0800686c   0x0800686c   0x000000be   Code   RO          245    .text.at_qiopen_callback  bfl_4g_task.o
    0x0800692a   0x0800692a   0x00000002   PAD
    0x0800692c   0x0800692c   0x0000009e   Code   RO          247    .text.at_qiopen_task_send  bfl_4g_task.o
    0x080069ca   0x080069ca   0x00000002   PAD
    0x080069cc   0x080069cc   0x00000014   Code   RO          249    .text.at_qiopen_task_send_  bfl_4g_task.o
    0x080069e0   0x080069e0   0x0000004c   Code   RO          241    .text.at_qisde_task_send  bfl_4g_task.o
    0x08006a2c   0x08006a2c   0x00000014   Code   RO          243    .text.at_qisde_task_send_  bfl_4g_task.o
    0x08006a40   0x08006a40   0x000000bc   Code   RO          257    .text.at_qisend_callback  bfl_4g_task.o
    0x08006afc   0x08006afc   0x0000006c   Code   RO          259    .text.at_qisend_task_send  bfl_4g_task.o
    0x08006b68   0x08006b68   0x00000014   Code   RO          261    .text.at_qisend_task_send_  bfl_4g_task.o
    0x08006b7c   0x08006b7c   0x00000060   Code   RO          251    .text.at_qiswtmd_callback  bfl_4g_task.o
    0x08006bdc   0x08006bdc   0x00000072   Code   RO          253    .text.at_qiswtmd_task_send  bfl_4g_task.o
    0x08006c4e   0x08006c4e   0x00000002   PAD
    0x08006c50   0x08006c50   0x00000014   Code   RO          255    .text.at_qiswtmd_task_send_  bfl_4g_task.o
    0x08006c64   0x08006c64   0x0000001e   Code   RO         1457    .text.at_reset_timer  at_chat.o
    0x08006c82   0x08006c82   0x00000002   PAD
    0x08006c84   0x08006c84   0x000000aa   Code   RO         1535    .text.at_send_line  at_chat.o
    0x08006d2e   0x08006d2e   0x00000002   PAD
    0x08006d30   0x08006d30   0x0000002c   Code   RO         1493    .text.at_send_multiline  at_chat.o
    0x08006d5c   0x08006d5c   0x0000002c   Code   RO         1491    .text.at_send_singlline  at_chat.o
    0x08006d88   0x08006d88   0x0000004c   Code   RO          285    .text.at_socket_ucr_handler  bfl_4g_task.o
    0x08006dd4   0x08006dd4   0x00000046   Code   RO          197    .text.at_task_delay  bfl_4g_task.o
    0x08006e1a   0x08006e1a   0x00000002   PAD
    0x08006e1c   0x08006e1c   0x00000050   Code   RO          203    .text.at_task_send  bfl_4g_task.o
    0x08006e6c   0x08006e6c   0x00000022   Code   RO         1505    .text.at_unlock     at_chat.o
    0x08006e8e   0x08006e8e   0x00000002   PAD
    0x08006e90   0x08006e90   0x0000012c   Code   RO         1533    .text.at_work_process  at_chat.o
    0x08006fbc   0x08006fbc   0x0000002a   Code   RO         1398    .text.cqueue_create  cqueue.o
    0x08006fe6   0x08006fe6   0x00000002   PAD
    0x08006fe8   0x08006fe8   0x0000005a   Code   RO         1402    .text.cqueue_dequeue  cqueue.o
    0x08007042   0x08007042   0x00000002   PAD
    0x08007044   0x08007044   0x00000066   Code   RO         1400    .text.cqueue_enqueue  cqueue.o
    0x080070aa   0x080070aa   0x00000002   PAD
    0x080070ac   0x080070ac   0x00000092   Code   RO         1404    .text.cqueue_in     cqueue.o
    0x0800713e   0x0800713e   0x00000002   PAD
    0x08007140   0x08007140   0x00000086   Code   RO         1406    .text.cqueue_out    cqueue.o
    0x080071c6   0x080071c6   0x00000002   PAD
    0x080071c8   0x080071c8   0x0000013e   Code   RO         1545    .text.create_work_item  at_chat.o
    0x08007306   0x08007306   0x00000002   PAD
    0x08007308   0x08007308   0x000001f6   Code   RO         1573    .text.do_at_callback  at_chat.o
    0x080074fe   0x080074fe   0x00000002   PAD
    0x08007500   0x08007500   0x00000292   Code   RO         1565    .text.do_cmd_handler  at_chat.o
    0x08007792   0x08007792   0x00000002   PAD
    0x08007794   0x08007794   0x00000048   Code   RO         1563    .text.do_work_handler  at_chat.o
    0x080077dc   0x080077dc   0x0000001c   Code   RO         1451    .text.find_substr   at_chat.o
    0x080077f8   0x080077f8   0x00000098   Code   RO         1431    .text.find_urc_item  at_chat.o
    0x08007890   0x08007890   0x00000016   Code   RO         1449    .text.get_recv_count  at_chat.o
    0x080078a6   0x080078a6   0x00000002   PAD
    0x080078a8   0x080078a8   0x00000014   Code   RO         1445    .text.get_recvbuf   at_chat.o
    0x080078bc   0x080078bc   0x00000016   Code   RO         1551    .text.list_add_tail  at_chat.o
    0x080078d2   0x080078d2   0x00000002   PAD
    0x080078d4   0x080078d4   0x0000006e   Code   RO         1539    .text.list_del      at_chat.o
    0x08007942   0x08007942   0x00000002   PAD
    0x08007944   0x08007944   0x00000014   Code   RO         1469    .text.list_empty    at_chat.o
    0x08007958   0x08007958   0x0000001c   Code   RO         1629    .text.main          main.o
    0x08007974   0x08007974   0x0000006a   Code   RO         1571    .text.match_info_init  at_chat.o
    0x080079de   0x080079de   0x00000002   PAD
    0x080079e0   0x080079e0   0x000000ce   Code   RO         1379    .text.mtime_2_utc_sec  mtime.o
    0x08007aae   0x08007aae   0x00000002   PAD
    0x08007ab0   0x08007ab0   0x0000014c   Code   RO         1375    .text.mtime_get_week  mtime.o
    0x08007bfc   0x08007bfc   0x0000014c   Code   RO         1377    .text.mtime_utc_sec_2_time  mtime.o
    0x08007d48   0x08007d48   0x00000094   Code   RO          176    .text.my_com_logger  log.o
    0x08007ddc   0x08007ddc   0x0000000a   Code   RO         1429    .text.obj_map       at_chat.o
    0x08007de6   0x08007de6   0x00000002   PAD
    0x08007de8   0x08007de8   0x0000002c   Code   RO         1443    .text.println       at_chat.o
    0x08007e14   0x08007e14   0x0000001a   Code   RO         1447    .text.recvbuf_clear  at_chat.o
    0x08007e2e   0x08007e2e   0x00000002   PAD
    0x08007e30   0x08007e30   0x00000014   Code   RO            2    .text.releaseModbus1  app_main.o
    0x08007e44   0x08007e44   0x00000058   Code   RO         1531    .text.resp_recv_process  at_chat.o
    0x08007e9c   0x08007e9c   0x0000000e   Code   RO         1320    .text.sc_byte_buffer_clear  sc_byte_buffer.o
    0x08007eaa   0x08007eaa   0x00000002   PAD
    0x08007eac   0x08007eac   0x0000001e   Code   RO         1306    .text.sc_byte_buffer_init  sc_byte_buffer.o
    0x08007eca   0x08007eca   0x00000002   PAD
    0x08007ecc   0x08007ecc   0x0000003e   Code   RO         1312    .text.sc_byte_buffer_push  sc_byte_buffer.o
    0x08007f0a   0x08007f0a   0x00000002   PAD
    0x08007f0c   0x08007f0c   0x0000003c   Code   RO         1316    .text.sc_byte_buffer_push_data  sc_byte_buffer.o
    0x08007f48   0x08007f48   0x0000000c   Code   RO         1308    .text.sc_byte_buffer_size  sc_byte_buffer.o
    0x08007f54   0x08007f54   0x00000032   Code   RO         1287    .text.sc_list_add_tail  sc_list.o
    0x08007f86   0x08007f86   0x00000002   PAD
    0x08007f88   0x08007f88   0x00000022   Code   RO         1277    .text.sc_list_del   sc_list.o
    0x08007faa   0x08007faa   0x00000002   PAD
    0x08007fac   0x08007fac   0x00000010   Code   RO         1273    .text.sc_list_init  sc_list.o
    0x08007fbc   0x08007fbc   0x00000014   Code   RO         1279    .text.sc_list_is_empty  sc_list.o
    0x08007fd0   0x08007fd0   0x00000030   Code   RO         1293    .text.sc_list_pop_head  sc_list.o
    0x08008000   0x08008000   0x00000064   Code   RO         1569    .text.send_cmdline  at_chat.o
    0x08008064   0x08008064   0x0000001c   Code   RO         1537    .text.send_data     at_chat.o
    0x08008080   0x08008080   0x000001d0   Code   RO         1567    .text.send_multiline_handler  at_chat.o
    0x08008250   0x08008250   0x00000088   Code   RO            6    .text.setCalibrateTimeByUtcSecondsCb  app_main.o
    0x080082d8   0x080082d8   0x000000ce   Code   RO          287    .text.socket0_recv_handler  bfl_4g_task.o
    0x080083a6   0x080083a6   0x00000002   PAD
    0x080083a8   0x080083a8   0x0000000a   Code   RO          289    .text.socket1_recv_handler  bfl_4g_task.o
    0x080083b2   0x080083b2   0x00000002   PAD
    0x080083b4   0x080083b4   0x0000000a   Code   RO          291    .text.socket2_recv_handler  bfl_4g_task.o
    0x080083be   0x080083be   0x00000002   PAD
    0x080083c0   0x080083c0   0x00000052   Code   RO         1547    .text.sumit_work_item  at_chat.o
    0x08008412   0x08008412   0x00000002   PAD
    0x08008414   0x08008414   0x00000012   Code   RO         1600    .text.ulog_init     ulog.o
    0x08008426   0x08008426   0x00000002   PAD
    0x08008428   0x08008428   0x0000002c   Code   RO          178    .text.ulog_init_user  log.o
    0x08008454   0x08008454   0x00000088   Code   RO         1606    .text.ulog_level_name  ulog.o
    0x080084dc   0x080084dc   0x00000094   Code   RO         1608    .text.ulog_message  ulog.o
    0x08008570   0x08008570   0x000000ae   Code   RO         1602    .text.ulog_subscribe  ulog.o
    0x0800861e   0x0800861e   0x00000002   PAD
    0x08008620   0x08008620   0x0000005c   Code   RO         1503    .text.update_work_state  at_chat.o
    0x0800867c   0x0800867c   0x00000100   Code   RO         1559    .text.urc_handler_entry  at_chat.o
    0x0800877c   0x0800877c   0x00000184   Code   RO         1529    .text.urc_recv_process  at_chat.o
    0x08008900   0x08008900   0x00000028   Code   RO         1557    .text.urc_reset     at_chat.o
    0x08008928   0x08008928   0x00000090   Code   RO         1555    .text.urc_timeout_process  at_chat.o
    0x080089b8   0x080089b8   0x00000028   Code   RO         1549    .text.work_item_create  at_chat.o
    0x080089e0   0x080089e0   0x0000001e   Code   RO         1541    .text.work_item_destroy  at_chat.o
    0x080089fe   0x080089fe   0x00000002   PAD
    0x08008a00   0x08008a00   0x0000004e   Code   RO         1463    .text.work_item_destroy_all  at_chat.o
    0x08008a4e   0x08008a4e   0x00000002   PAD
    0x08008a50   0x08008a50   0x00000062   Code   RO         1561    .text.work_item_recycle  at_chat.o
    0x08008ab2   0x08008ab2   0x00000002   PAD
    0x08008ab4   0x08008ab4   0x00000028   Code   RO         3654    i.__0sprintf        mc_w.l(printfa.o)
    0x08008adc   0x08008adc   0x00000034   Code   RO         3657    i.__0vsnprintf      mc_w.l(printfa.o)
    0x08008b10   0x08008b10   0x00000008   Code   RO         3792    i.__aeabi_errno_addr  mc_w.l(errno.o)
    0x08008b18   0x08008b18   0x0000000e   Code   RO         3883    i.__scatterload_copy  mc_w.l(handlers.o)
    0x08008b26   0x08008b26   0x00000002   Code   RO         3884    i.__scatterload_null  mc_w.l(handlers.o)
    0x08008b28   0x08008b28   0x0000000e   Code   RO         3885    i.__scatterload_zeroinit  mc_w.l(handlers.o)
    0x08008b36   0x08008b36   0x00000002   PAD
    0x08008b38   0x08008b38   0x00000184   Code   RO         3659    i._fp_digits        mc_w.l(printfa.o)
    0x08008cbc   0x08008cbc   0x0000000e   Code   RO         3807    i._is_digit         mc_w.l(scanf_fp.o)
    0x08008cca   0x08008cca   0x00000002   PAD
    0x08008ccc   0x08008ccc   0x000006dc   Code   RO         3660    i._printf_core      mc_w.l(printfa.o)
    0x080093a8   0x080093a8   0x00000024   Code   RO         3661    i._printf_post_padding  mc_w.l(printfa.o)
    0x080093cc   0x080093cc   0x0000002e   Code   RO         3662    i._printf_pre_padding  mc_w.l(printfa.o)
    0x080093fa   0x080093fa   0x00000016   Code   RO         3663    i._snputc           mc_w.l(printfa.o)
    0x08009410   0x08009410   0x0000000a   Code   RO         3664    i._sputc            mc_w.l(printfa.o)
    0x0800941a   0x0800941a   0x00000002   PAD
    0x0800941c   0x0800941c   0x00000050   Code   RO         3679    i.free              mc_w.l(malloc.o)
    0x0800946c   0x0800946c   0x0000006c   Code   RO         3680    i.malloc            mc_w.l(malloc.o)
    0x080094d8   0x080094d8   0x00000081   Data   RO         3836    .constdata          mc_w.l(ctype_o.o)
    0x08009559   0x08009559   0x00000003   PAD
    0x0800955c   0x0800955c   0x00000004   Data   RO         3837    .constdata          mc_w.l(ctype_o.o)
    0x08009560   0x08009560   0x00000014   Data   RO           22    .rodata..L__const.APP_Main.loop_frq_test  app_main.o
    0x08009574   0x08009574   0x00000010   Data   RO         3617    .rodata.AHBPrescTable  system_stm32g4xx.o
    0x08009584   0x08009584   0x00000008   Data   RO         3618    .rodata.APBPrescTable  system_stm32g4xx.o
    0x0800958c   0x0800958c   0x00000018   Data   RO         2614    .rodata.LPUART_PRESCALER_TAB  stm32g4xx_ll_lpuart.o
    0x080095a4   0x080095a4   0x00000030   Data   RO         2765    .rodata.USART_PRESCALER_TAB  stm32g4xx_ll_usart.o
    0x080095d4   0x080095d4   0x0000001c   Data   RO          312    .rodata.at_adapter  bfl_4g_task.o
    0x080095f0   0x080095f0   0x00000018   Data   RO         1575    .rodata.at_def_attr  at_chat.o
    0x08009608   0x08009608   0x0000000c   Data   RO         1389    .rodata.g_day_per_mon  mtime.o
    0x08009614   0x08009614   0x0000004c   Data   RO           19    .rodata.str1.1      app_main.o
    0x08009660   0x08009660   0x00000028   Data   RO          181    .rodata.str1.1      log.o
    0x08009688   0x08009688   0x000005ff   Data   RO          299    .rodata.str1.1      bfl_4g_task.o
    0x08009c87   0x08009c87   0x000001da   Data   RO         1576    .rodata.str1.1      at_chat.o
    0x08009e61   0x08009e61   0x00000031   Data   RO         1611    .rodata.str1.1      ulog.o
    0x08009e92   0x08009e92   0x00000048   Data   RO         1744    .rodata.str1.1      stm32g4xx_it.o
    0x08009eda   0x08009eda   0x00000002   PAD
    0x08009edc   0x08009edc   0x00000018   Data   RO         1579    .rodata.work_handler_table  at_chat.o
    0x08009ef4   0x08009ef4   0x00000020   Data   RO         3882    Region$$Table       anon$$obj.o


    Execution Region RW_IRAM1 (Exec base: 0x20000000, Load base: 0x08009f18, Size: 0x000059c0, Max: 0x00020000, ABSOLUTE)

    Exec Addr    Load Addr    Size         Type   Attr      Idx    E Section Name        Object

    0x20000000   0x08009f18   0x00000004   Data   RW         3790    .data               mc_w.l(mvars.o)
    0x20000004   0x08009f1c   0x00000004   Data   RW         3791    .data               mc_w.l(mvars.o)
    0x20000008   0x08009f20   0x00000004   Data   RW         3795    .data               mc_w.l(errno.o)
    0x2000000c   0x08009f24   0x00000004   Data   RW         3616    .data.SystemCoreClock  system_stm32g4xx.o
    0x20000010   0x08009f28   0x0000002c   Data   RW          300    .data.at_qicfg_task_send.cmds  bfl_4g_task.o
    0x2000003c   0x08009f54   0x00000004   Data   RW         2069    .data.uwTickFreq    stm32g4xx_hal.o
    0x20000040   0x08009f58   0x00000004   Data   RW         2068    .data.uwTickPrio    stm32g4xx_hal.o
    0x20000044   0x08009f5c   0x00000004   PAD
    0x20000048        -       0x00000014   Zero   RW           20    .bss.Sensor_Queue   app_main.o
    0x2000005c        -       0x000003c0   Zero   RW           21    .bss.Sensor_Queue_Buffer  app_main.o
    0x2000041c        -       0x000000c8   Zero   RW           23    .bss._4G_rev_buf    app_main.o
    0x200004e4        -       0x000001f8   Zero   RW          793    .bss._gCOMList      hdl_uart.o
    0x200006dc        -       0x00000004   Zero   RW         1105    .bss._gCPUTickCallback  hdl_cpu_time.o
    0x200006e0        -       0x000005dc   Zero   RW           25    .bss.aBuf           app_main.o
    0x20000cbc        -       0x00000004   Zero   RW          304    .bss.at_cfun_task   bfl_4g_task.o
    0x20000cc0        -       0x00000004   Zero   RW          306    .bss.at_cgact_task  bfl_4g_task.o
    0x20000cc4        -       0x00000004   Zero   RW          305    .bss.at_cgdcont_task  bfl_4g_task.o
    0x20000cc8        -       0x00000004   Zero   RW          309    .bss.at_clk_task    bfl_4g_task.o
    0x20000ccc        -       0x00000004   Zero   RW          302    .bss.at_cpin_q_task  bfl_4g_task.o
    0x20000cd0        -       0x00000004   Zero   RW          303    .bss.at_creg_q_task  bfl_4g_task.o
    0x20000cd4        -       0x00000004   Zero   RW         1578    .bss.at_cur_mem     at_chat.o
    0x20000cd8        -       0x00000004   Zero   RW         1577    .bss.at_max_mem     at_chat.o
    0x20000cdc        -       0x00000400   Zero   RW          313    .bss.at_output_buf  bfl_4g_task.o
    0x200010dc        -       0x00000004   Zero   RW          310    .bss.at_qicfg_close_task  bfl_4g_task.o
    0x200010e0        -       0x00000004   Zero   RW          311    .bss.at_qicfg_dataformat_task  bfl_4g_task.o
    0x200010e4        -       0x00000004   Zero   RW          308    .bss.at_qicfg_task  bfl_4g_task.o
    0x200010e8        -       0x00000004   Zero   RW          307    .bss.at_qicsgp_task  bfl_4g_task.o
    0x200010ec        -       0x00000004   Zero   RW          301    .bss.at_task        bfl_4g_task.o
    0x200010f0        -       0x00000101   Zero   RW          180    .bss.buffer         log.o
    0x200011f1   0x08009f5c   0x00000003   PAD
    0x200011f4        -       0x00000d48   Zero   RW          165    .bss.context        bfl_4g.o
    0x20001f3c        -       0x00000001   Zero   RW         1099    .bss.cpu_time_init_flag  hdl_cpu_time.o
    0x20001f3d        -       0x000000c8   Zero   RW          795    .bss.m_Com1RxBuf    hdl_uart.o
    0x20002005        -       0x00000400   Zero   RW          794    .bss.m_Com1TxBuf    hdl_uart.o
    0x20002405        -       0x00000400   Zero   RW          797    .bss.m_Com2RxBuf    hdl_uart.o
    0x20002805        -       0x00000400   Zero   RW          796    .bss.m_Com2TxBuf    hdl_uart.o
    0x20002c05        -       0x00000064   Zero   RW          799    .bss.m_Com3RxBuf    hdl_uart.o
    0x20002c69        -       0x00000064   Zero   RW          798    .bss.m_Com3TxBuf    hdl_uart.o
    0x20002ccd        -       0x00000064   Zero   RW          801    .bss.m_Com4RxBuf    hdl_uart.o
    0x20002d31        -       0x00000032   Zero   RW          800    .bss.m_Com4TxBuf    hdl_uart.o
    0x20002d63        -       0x00000064   Zero   RW          803    .bss.m_Com5RxBuf    hdl_uart.o
    0x20002dc7        -       0x00000064   Zero   RW          802    .bss.m_Com5TxBuf    hdl_uart.o
    0x20002e2b        -       0x00000064   Zero   RW          805    .bss.m_Com6RxBuf    hdl_uart.o
    0x20002e8f        -       0x00000064   Zero   RW          804    .bss.m_Com6TxBuf    hdl_uart.o
    0x20002ef3        -       0x00000800   Zero   RW           24    .bss.rtu_packet_buf  app_main.o
    0x200036f3   0x08009f5c   0x00000001   PAD
    0x200036f4        -       0x00000004   Zero   RW         1101    .bss.s_TIM_CallBack1  hdl_cpu_time.o
    0x200036f8        -       0x00000004   Zero   RW         1102    .bss.s_TIM_CallBack2  hdl_cpu_time.o
    0x200036fc        -       0x00000004   Zero   RW         1103    .bss.s_TIM_CallBack3  hdl_cpu_time.o
    0x20003700        -       0x00000004   Zero   RW         1104    .bss.s_TIM_CallBack4  hdl_cpu_time.o
    0x20003704        -       0x00000078   Zero   RW         1612    .bss.s_message      ulog.o
    0x2000377c        -       0x00000030   Zero   RW         1610    .bss.s_subscribers  ulog.o
    0x200037ac        -       0x0000000c   Zero   RW           18    .bss.sys            app_main.o
    0x200037b8        -       0x00000004   Zero   RW         1100    .bss.uwCpuTick      hdl_cpu_time.o
    0x200037bc        -       0x00000004   Zero   RW         2070    .bss.uwTick         stm32g4xx_hal.o
    0x200037c0        -       0x00001100   Zero   RW         1620    HEAP                startup_stm32g473xx.o
    0x200048c0        -       0x00001100   Zero   RW         1619    STACK               startup_stm32g473xx.o


==============================================================================

Image component sizes


      Code (inc. data)   RO Data    RW Data    ZI Data      Debug   Object Name

       624          0         96          0       4740       6152   app_main.o
       912          4          0          0          0       5393   asynctasklist.o
      6032          0        522          0          8      20274   at_chat.o
        40          0          0          0          0        773   at_port.o
       362          0          0          0       3400       5809   bfl_4g.o
      4948          0       1563         44       1068      17406   bfl_4g_task.o
        82          0          0          0          0       3617   bfl_rtu_packet.o
       356          0          0          0          0       4544   chip_ec800m.o
       514          0          0          0          0       2235   cqueue.o
       384          0          0          0          0       2641   gpio.o
      1470          0          0          0         25      13789   hdl_cpu_time.o
      1084          0          0          0          0       7611   hdl_rtc.o
      4140         18          0          0       4526      17624   hdl_uart.o
       276          0         40          0        257       2067   log.o
       806          0          0          0          0       9686   main.o
      1146          0         12          0          0       3506   mtime.o
       178          0          0          0          0       2148   sc_byte_buffer.o
       168          0          0          0          0       2759   sc_list.o
        36          8        472          0       8704        828   startup_stm32g473xx.o
       210          0          0          8          4       8690   stm32g4xx_hal.o
       410          0          0          0          0       9716   stm32g4xx_hal_cortex.o
        72          0          0          0          0       1683   stm32g4xx_hal_msp.o
        18          0          0          0          0       7834   stm32g4xx_hal_pwr_ex.o
       104          0         72          0          0       1768   stm32g4xx_it.o
       874          0          0          0          0       5172   stm32g4xx_ll_gpio.o
       322          0         24          0          0       4138   stm32g4xx_ll_lpuart.o
      1346         18          0          0          0      11086   stm32g4xx_ll_rcc.o
      1354          0          0          0          0      10386   stm32g4xx_ll_rtc.o
       518          0          0          0          0      10831   stm32g4xx_ll_tim.o
       556          0         48          0          0       5237   stm32g4xx_ll_usart.o
        20          0          0          0          0       7967   stm32g4xx_ll_utils.o
        18          0         24          4          0       2734   system_stm32g4xx.o
       476          8         49          0        168       2510   ulog.o

    ----------------------------------------------------------------------
     30220         56       2956         56      22908     218614   Object Totals
         0          0         32          0          0          0   (incl. Generated)
       364          0          2          0          8          0   (incl. Padding)

    ----------------------------------------------------------------------

      Code (inc. data)   RO Data    RW Data    ZI Data      Debug   Library Member Name

        28          0          0          0          0         68   _chval.o
       812          4          0          0          0        112   _scanf.o
       332          0          0          0          0         96   _scanf_int.o
       342          0          0          0          0        100   _scanf_longlong.o
       224          0          0          0          0         96   _scanf_str.o
        64          0          0          0          0         84   _sgetc.o
       158          0          0          0          0         92   _strtoul.o
        26          0          0          0          0         80   atoi.o
         8          4        133          0          0         68   ctype_o.o
         0          0          0          0          0          0   entry.o
         0          0          0          0          0          0   entry10a.o
         0          0          0          0          0          0   entry11a.o
         8          4          0          0          0          0   entry2.o
         4          0          0          0          0          0   entry5.o
         0          0          0          0          0          0   entry7b.o
         0          0          0          0          0          0   entry8b.o
         8          4          0          0          0          0   entry9a.o
         8          4          0          4          0         68   errno.o
        30          0          0          0          0          0   handlers.o
        48         10          0          0          0         68   init.o
        18          0          0          0          0         76   isspace_o.o
         0          0          0          0          0          0   iusefp.o
        30          0          0          0          0         68   llshl.o
        36          0          0          0          0         68   llsshr.o
        32          0          0          0          0         68   llushr.o
       188         20          0          0          0        160   malloc.o
        36          0          0          0          0         68   memcpya.o
        36          0          0          0          0        108   memseta.o
         0          0          0          8          0          0   mvars.o
      2350         92          0          0          0        668   printfa.o
        40          8          0          0          0         84   scanf_char.o
       878         12          0          0          0        216   scanf_fp.o
        56          8          0          0          0         84   sscanf.o
        20          0          0          0          0         68   strchr.o
        14          0          0          0          0         68   strlen.o
        24          0          0          0          0         76   strncpy.o
        36          0          0          0          0         80   strstr.o
       112          0          0          0          0         88   strtol.o
        44          0          0          0          0         80   uidiv.o
        98          0          0          0          0         92   uldiv.o
        48          0          0          0          0         68   cdrcmple.o
        56          0          0          0          0         88   d2f.o
       334          0          0          0          0        148   dadd.o
       222          0          0          0          0        100   ddiv.o
       186          0          0          0          0        176   depilogue.o
        48          0          0          0          0         68   dfixul.o
        24          0          0          0          0         76   dfltul.o
       228          0          0          0          0         96   dmul.o
       110          0          0          0          0        168   fepilogue.o

    ----------------------------------------------------------------------
      7412        170        136         12          0       4140   Library Totals
         8          0          3          0          0          0   (incl. Padding)

    ----------------------------------------------------------------------

      Code (inc. data)   RO Data    RW Data    ZI Data      Debug   Library Name

      6148        170        133         12          0       3152   mc_w.l
      1256          0          0          0          0        988   mf_w.l

    ----------------------------------------------------------------------
      7412        170        136         12          0       4140   Library Totals

    ----------------------------------------------------------------------

==============================================================================


      Code (inc. data)   RO Data    RW Data    ZI Data      Debug   

     37632        226       3092         68      22908     220102   Grand Totals
     37632        226       3092         68      22908     220102   ELF Image Totals
     37632        226       3092         68          0          0   ROM Totals

==============================================================================

    Total RO  Size (Code + RO Data)                40724 (  39.77kB)
    Total RW  Size (RW Data + ZI Data)             22976 (  22.44kB)
    Total ROM Size (Code + RO Data + RW Data)      40792 (  39.84kB)

==============================================================================

