Component: Arm Compiler for Embedded 6.22 Tool: armlink [5ee90200]

==============================================================================

Section Cross References

    startup_stm32g473xx.o(RESET) refers to startup_stm32g473xx.o(STACK) for __initial_sp
    startup_stm32g473xx.o(RESET) refers to startup_stm32g473xx.o(.text) for Reset_Handler
    startup_stm32g473xx.o(RESET) refers to stm32g4xx_it.o(.text.NMI_Handler) for NMI_Handler
    startup_stm32g473xx.o(RESET) refers to stm32g4xx_it.o(.text.HardFault_Handler) for HardFault_Handler
    startup_stm32g473xx.o(RESET) refers to stm32g4xx_it.o(.text.MemManage_Handler) for MemManage_Handler
    startup_stm32g473xx.o(RESET) refers to stm32g4xx_it.o(.text.BusFault_Handler) for BusFault_Handler
    startup_stm32g473xx.o(RESET) refers to stm32g4xx_it.o(.text.UsageFault_Handler) for UsageFault_Handler
    startup_stm32g473xx.o(RESET) refers to stm32g4xx_it.o(.text.SVC_Handler) for SVC_Handler
    startup_stm32g473xx.o(RESET) refers to stm32g4xx_it.o(.text.DebugMon_Handler) for DebugMon_Handler
    startup_stm32g473xx.o(RESET) refers to stm32g4xx_it.o(.text.PendSV_Handler) for PendSV_Handler
    startup_stm32g473xx.o(RESET) refers to stm32g4xx_it.o(.text.SysTick_Handler) for SysTick_Handler
    startup_stm32g473xx.o(RESET) refers to stm32g4xx_it.o(.text.DMA1_Channel1_IRQHandler) for DMA1_Channel1_IRQHandler
    startup_stm32g473xx.o(RESET) refers to stm32g4xx_it.o(.text.DMA1_Channel2_IRQHandler) for DMA1_Channel2_IRQHandler
    startup_stm32g473xx.o(RESET) refers to stm32g4xx_it.o(.text.ADC1_2_IRQHandler) for ADC1_2_IRQHandler
    startup_stm32g473xx.o(RESET) refers to hdl_g4_cpu_time.o(.text.TIM1_UP_TIM16_IRQHandler) for TIM1_UP_TIM16_IRQHandler
    startup_stm32g473xx.o(RESET) refers to hdl_g4_cpu_time.o(.text.TIM2_IRQHandler) for TIM2_IRQHandler
    startup_stm32g473xx.o(RESET) refers to hdl_g4_uart.o(.text.USART1_IRQHandler) for USART1_IRQHandler
    startup_stm32g473xx.o(RESET) refers to hdl_g4_uart.o(.text.USART2_IRQHandler) for USART2_IRQHandler
    startup_stm32g473xx.o(RESET) refers to hdl_g4_uart.o(.text.USART3_IRQHandler) for USART3_IRQHandler
    startup_stm32g473xx.o(RESET) refers to chip_ec800m.o(.text.EXTI15_10_IRQHandler) for EXTI15_10_IRQHandler
    startup_stm32g473xx.o(RESET) refers to hdl_g4_uart.o(.text.UART4_IRQHandler) for UART4_IRQHandler
    startup_stm32g473xx.o(RESET) refers to hdl_g4_uart.o(.text.UART5_IRQHandler) for UART5_IRQHandler
    startup_stm32g473xx.o(RESET) refers to hdl_g4_uart.o(.text.LPUART1_IRQHandler) for LPUART1_IRQHandler
    startup_stm32g473xx.o(.text) refers to system_stm32g4xx.o(.text.SystemInit) for SystemInit
    startup_stm32g473xx.o(.text) refers to entry.o(.ARM.Collect$$$$00000000) for __main
    main.o(.text.main) refers to stm32g4xx_hal.o(.text.HAL_Init) for HAL_Init
    main.o(.text.main) refers to main.o(.text.SystemClock_Config) for SystemClock_Config
    main.o(.text.main) refers to gpio.o(.text.MX_GPIO_Init) for MX_GPIO_Init
    main.o(.text.main) refers to app_main.o(.text.APP_Main) for APP_Main
    main.o(.ARM.exidx.text.main) refers to main.o(.text.main) for [Anonymous Symbol]
    main.o(.text.SystemClock_Config) refers to main.o(.text.LL_FLASH_SetLatency) for LL_FLASH_SetLatency
    main.o(.text.SystemClock_Config) refers to main.o(.text.LL_FLASH_GetLatency) for LL_FLASH_GetLatency
    main.o(.text.SystemClock_Config) refers to main.o(.text.LL_PWR_EnableRange1BoostMode) for LL_PWR_EnableRange1BoostMode
    main.o(.text.SystemClock_Config) refers to main.o(.text.LL_RCC_HSE_Enable) for LL_RCC_HSE_Enable
    main.o(.text.SystemClock_Config) refers to main.o(.text.LL_RCC_HSE_IsReady) for LL_RCC_HSE_IsReady
    main.o(.text.SystemClock_Config) refers to main.o(.text.LL_RCC_HSI48_Enable) for LL_RCC_HSI48_Enable
    main.o(.text.SystemClock_Config) refers to main.o(.text.LL_RCC_HSI48_IsReady) for LL_RCC_HSI48_IsReady
    main.o(.text.SystemClock_Config) refers to main.o(.text.LL_RCC_LSI_Enable) for LL_RCC_LSI_Enable
    main.o(.text.SystemClock_Config) refers to main.o(.text.LL_RCC_LSI_IsReady) for LL_RCC_LSI_IsReady
    main.o(.text.SystemClock_Config) refers to main.o(.text.LL_PWR_EnableBkUpAccess) for LL_PWR_EnableBkUpAccess
    main.o(.text.SystemClock_Config) refers to main.o(.text.LL_RCC_LSE_SetDriveCapability) for LL_RCC_LSE_SetDriveCapability
    main.o(.text.SystemClock_Config) refers to main.o(.text.LL_RCC_LSE_Enable) for LL_RCC_LSE_Enable
    main.o(.text.SystemClock_Config) refers to main.o(.text.LL_RCC_LSE_IsReady) for LL_RCC_LSE_IsReady
    main.o(.text.SystemClock_Config) refers to main.o(.text.LL_RCC_PLL_ConfigDomain_SYS) for LL_RCC_PLL_ConfigDomain_SYS
    main.o(.text.SystemClock_Config) refers to main.o(.text.LL_RCC_PLL_EnableDomain_SYS) for LL_RCC_PLL_EnableDomain_SYS
    main.o(.text.SystemClock_Config) refers to main.o(.text.LL_RCC_PLL_Enable) for LL_RCC_PLL_Enable
    main.o(.text.SystemClock_Config) refers to main.o(.text.LL_RCC_PLL_IsReady) for LL_RCC_PLL_IsReady
[...]
    LPUART1_IRQHandler                       0x0800478d   Thumb Code   226  hdl_g4_uart.o(.text.LPUART1_IRQHandler)
    MX_GPIO_Init                             0x08004871   Thumb Code   334  gpio.o(.text.MX_GPIO_Init)
    MemManage_Handler                        0x080049c1   Thumb Code    20  stm32g4xx_it.o(.text.MemManage_Handler)
    NMI_Handler                              0x080049d5   Thumb Code     4  stm32g4xx_it.o(.text.NMI_Handler)
    PendSV_Handler                           0x08004b1d   Thumb Code     2  stm32g4xx_it.o(.text.PendSV_Handler)
    QUEUE_PacketCreate                       0x08004b21   Thumb Code    38  queue.o(.text.QUEUE_PacketCreate)
    QUEUE_PacketIn                           0x08004b49   Thumb Code   114  queue.o(.text.QUEUE_PacketIn)
    QUEUE_PacketOut                          0x08004bbd   Thumb Code   130  queue.o(.text.QUEUE_PacketOut)
    SVC_Handler                              0x08004d8d   Thumb Code     2  stm32g4xx_it.o(.text.SVC_Handler)
    Sensor_Queue_Init                        0x08004d91   Thumb Code    28  app_main.o(.text.Sensor_Queue_Init)
    SysTick_Handler                          0x08004e01   Thumb Code     8  stm32g4xx_it.o(.text.SysTick_Handler)
    SystemClock_Config                       0x08004e09   Thumb Code   286  main.o(.text.SystemClock_Config)
    SystemInit                               0x08004f29   Thumb Code    18  system_stm32g4xx.o(.text.SystemInit)
    TIM1_UP_TIM16_IRQHandler                 0x08004f3d   Thumb Code    76  hdl_g4_cpu_time.o(.text.TIM1_UP_TIM16_IRQHandler)
    TIM2_IRQHandler                          0x08004f89   Thumb Code   304  hdl_g4_cpu_time.o(.text.TIM2_IRQHandler)
    UART4_IRQHandler                         0x080050b9   Thumb Code   226  hdl_g4_uart.o(.text.UART4_IRQHandler)
    UART5_IRQHandler                         0x0800519d   Thumb Code   226  hdl_g4_uart.o(.text.UART5_IRQHandler)
    USART1_IRQHandler                        0x08005281   Thumb Code   380  hdl_g4_uart.o(.text.USART1_IRQHandler)
    USART2_IRQHandler                        0x080053fd   Thumb Code   380  hdl_g4_uart.o(.text.USART2_IRQHandler)
    USART3_IRQHandler                        0x08005579   Thumb Code   226  hdl_g4_uart.o(.text.USART3_IRQHandler)
    Uart_Init                                0x0800565d   Thumb Code  1714  hdl_g4_uart.o(.text.Uart_Init)
    Uart_Read                                0x08005d11   Thumb Code   170  hdl_g4_uart.o(.text.Uart_Read)
    Uart_Write                               0x08005dbd   Thumb Code   818  hdl_g4_uart.o(.text.Uart_Write)
    UsageFault_Handler                       0x080060f1   Thumb Code    20  stm32g4xx_it.o(.text.UsageFault_Handler)
    applib_dt_dayindex                       0x0800632d   Thumb Code   332  mytime.o(.text.applib_dt_dayindex)
    applib_dt_is_leap_year                   0x08006479   Thumb Code   140  mtime.o(.text.applib_dt_is_leap_year)
    applib_dt_last_day_of_mon                0x08006505   Thumb Code   136  mtime.o(.text.applib_dt_last_day_of_mon)
    at_callback                              0x0800658d   Thumb Code    60  bfl_4g_task.o(.text.at_callback)
    at_cfun_callback                         0x080065c9   Thumb Code    50  bfl_4g_task.o(.text.at_cfun_callback)
    at_cfun_task_send                        0x080065fd   Thumb Code    80  bfl_4g_task.o(.text.at_cfun_task_send)
    at_cgact_task_send                       0x0800664d   Thumb Code    72  bfl_4g_task.o(.text.at_cgact_task_send)
    at_cgdcont_callback                      0x08006695   Thumb Code    60  bfl_4g_task.o(.text.at_cgdcont_callback)
    at_cgdcont_task_send                     0x080066d1   Thumb Code    86  bfl_4g_task.o(.text.at_cgdcont_task_send)
    at_clk_callback                          0x08006729   Thumb Code   334  bfl_4g_task.o(.text.at_clk_callback)
    at_clk_task_send                         0x08006879   Thumb Code    88  bfl_4g_task.o(.text.at_clk_task_send)
    at_cpin_q_callback                       0x08006981   Thumb Code    50  bfl_4g_task.o(.text.at_cpin_q_callback)
    at_cpin_q_task_send                      0x080069b5   Thumb Code    88  bfl_4g_task.o(.text.at_cpin_q_task_send)
    at_creg_q_callback                       0x08006a0d   Thumb Code    50  bfl_4g_task.o(.text.at_creg_q_callback)
    at_creg_q_task_send                      0x08006a41   Thumb Code    88  bfl_4g_task.o(.text.at_creg_q_task_send)
    at_curr_callback                         0x08006a99   Thumb Code    58  bfl_4g_task.o(.text.at_curr_callback)
    at_device_read                           0x08006ad5   Thumb Code    22  bfl_4g_task.o(.text.at_device_read)
    at_device_write                          0x08006aed   Thumb Code    22  bfl_4g_task.o(.text.at_device_write)
    at_exec_cmd                              0x08006b05   Thumb Code    52  at_chat.o(.text.at_exec_cmd)
    at_exec_vcmd                             0x08006b39   Thumb Code   166  at_chat.o(.text.at_exec_vcmd)
    at_free                                  0x08006c09   Thumb Code    16  at_port.o(.text.at_free)
    at_get_ms                                0x08006c19   Thumb Code     8  at_port.o(.text.at_get_ms)
    at_malloc                                0x08006cb1   Thumb Code    16  at_port.o(.text.at_malloc)
    at_obj_create                            0x08006d11   Thumb Code   346  at_chat.o(.text.at_obj_create)
    at_obj_destroy                           0x08006e6d   Thumb Code    94  at_chat.o(.text.at_obj_destroy)
    at_obj_process                           0x08006ecd   Thumb Code    70  at_chat.o(.text.at_obj_process)
    at_obj_set_curr_at_cb                    0x08006f15   Thumb Code    16  at_chat.o(.text.at_obj_set_curr_at_cb)
    at_obj_set_urc                           0x08006f25   Thumb Code    36  at_chat.o(.text.at_obj_set_urc)
    at_qicfg_callback                        0x08006f49   Thumb Code    58  bfl_4g_task.o(.text.at_qicfg_callback)
    at_qicfg_close_task_send                 0x08006f85   Thumb Code    72  bfl_4g_task.o(.text.at_qicfg_close_task_send)
    at_qicfg_dataformat_task_send            0x08006fcd   Thumb Code    72  bfl_4g_task.o(.text.at_qicfg_dataformat_task_send)
    at_qicfg_task_send                       0x08007015   Thumb Code    80  bfl_4g_task.o(.text.at_qicfg_task_send)
    at_qicsgp_callback                       0x08007065   Thumb Code    66  bfl_4g_task.o(.text.at_qicsgp_callback)
    at_qicsgp_task_send                      0x080070a9   Thumb Code    88  bfl_4g_task.o(.text.at_qicsgp_task_send)
    at_qiopen_callback                       0x08007101   Thumb Code   190  bfl_4g_task.o(.text.at_qiopen_callback)
    at_qiopen_task_send                      0x080071c1   Thumb Code   158  bfl_4g_task.o(.text.at_qiopen_task_send)
    at_qiopen_task_send_                     0x08007261   Thumb Code    20  bfl_4g_task.o(.text.at_qiopen_task_send_)
    at_qisde_task_send                       0x08007275   Thumb Code    76  bfl_4g_task.o(.text.at_qisde_task_send)
    at_qisde_task_send_                      0x080072c1   Thumb Code    20  bfl_4g_task.o(.text.at_qisde_task_send_)
    at_qisend_callback                       0x080072d5   Thumb Code   188  bfl_4g_task.o(.text.at_qisend_callback)
    at_qisend_task_send                      0x08007391   Thumb Code   108  bfl_4g_task.o(.text.at_qisend_task_send)
    at_qisend_task_send_                     0x080073fd   Thumb Code    20  bfl_4g_task.o(.text.at_qisend_task_send_)
    at_qiswtmd_callback                      0x08007411   Thumb Code    96  bfl_4g_task.o(.text.at_qiswtmd_callback)
    at_qiswtmd_task_send                     0x08007471   Thumb Code   114  bfl_4g_task.o(.text.at_qiswtmd_task_send)
    at_qiswtmd_task_send_                    0x080074e5   Thumb Code    20  bfl_4g_task.o(.text.at_qiswtmd_task_send_)
    at_send_multiline                        0x080075c5   Thumb Code    44  at_chat.o(.text.at_send_multiline)
    at_send_singlline                        0x080075f1   Thumb Code    44  at_chat.o(.text.at_send_singlline)
    at_socket_ucr_handler                    0x0800761d   Thumb Code    76  bfl_4g_task.o(.text.at_socket_ucr_handler)
    at_task_delay                            0x08007669   Thumb Code    70  bfl_4g_task.o(.text.at_task_delay)
    at_task_send                             0x080076b1   Thumb Code    80  bfl_4g_task.o(.text.at_task_send)
    cqueue_create                            0x08007851   Thumb Code    42  cqueue.o(.text.cqueue_create)
    cqueue_in                                0x0800787d   Thumb Code   146  cqueue.o(.text.cqueue_in)
    find_urc_item                            0x08007f41   Thumb Code   152  at_chat.o(.text.find_urc_item)
    main                                     0x080080a1   Thumb Code    28  main.o(.text.main)
    mtime_2_utc_sec                          0x08008129   Thumb Code   206  mtime.o(.text.mtime_2_utc_sec)
    mtime_get_week                           0x080081f9   Thumb Code   332  mtime.o(.text.mtime_get_week)
    mtime_utc_sec_2_time                     0x08008345   Thumb Code   332  mtime.o(.text.mtime_utc_sec_2_time)
    my_com_logger                            0x08008491   Thumb Code   148  log.o(.text.my_com_logger)
    mytime_2_utc_sec                         0x08008525   Thumb Code   206  mytime.o(.text.mytime_2_utc_sec)
    releaseModbus1                           0x08008649   Thumb Code    20  app_main.o(.text.releaseModbus1)
    sc_byte_buffer_clear                     0x080086b5   Thumb Code    14  sc_byte_buffer.o(.text.sc_byte_buffer_clear)
    sc_byte_buffer_init                      0x080086c5   Thumb Code    30  sc_byte_buffer.o(.text.sc_byte_buffer_init)
    sc_byte_buffer_push                      0x080086e5   Thumb Code    62  sc_byte_buffer.o(.text.sc_byte_buffer_push)
    sc_byte_buffer_push_data                 0x08008725   Thumb Code    60  sc_byte_buffer.o(.text.sc_byte_buffer_push_data)
    sc_byte_buffer_size                      0x08008761   Thumb Code    12  sc_byte_buffer.o(.text.sc_byte_buffer_size)
    sc_list_add_tail                         0x0800876d   Thumb Code    50  sc_list.o(.text.sc_list_add_tail)
    sc_list_del                              0x080087a1   Thumb Code    34  sc_list.o(.text.sc_list_del)
    sc_list_init                             0x080087c5   Thumb Code    16  sc_list.o(.text.sc_list_init)
    sc_list_is_empty                         0x080087d5   Thumb Code    20  sc_list.o(.text.sc_list_is_empty)
    sc_list_pop_head                         0x080087e9   Thumb Code    48  sc_list.o(.text.sc_list_pop_head)
    setCalibrateTimeByUtcSecondsCb           0x08008a69   Thumb Code   138  app_main.o(.text.setCalibrateTimeByUtcSecondsCb)
    socket0_recv_handler                     0x08008af5   Thumb Code   206  bfl_4g_task.o(.text.socket0_recv_handler)
    socket1_recv_handler                     0x08008bc5   Thumb Code    10  bfl_4g_task.o(.text.socket1_recv_handler)
    socket2_recv_handler                     0x08008bd1   Thumb Code    10  bfl_4g_task.o(.text.socket2_recv_handler)
    ulog_init                                0x08008c31   Thumb Code    18  ulog.o(.text.ulog_init)
    ulog_init_user                           0x08008c45   Thumb Code    44  log.o(.text.ulog_init_user)
    ulog_level_name                          0x08008c71   Thumb Code   136  ulog.o(.text.ulog_level_name)
    ulog_message                             0x08008cf9   Thumb Code   148  ulog.o(.text.ulog_message)
    ulog_subscribe                           0x08008d8d   Thumb Code   174  ulog.o(.text.ulog_subscribe)
    utc_sec_2_mytime                         0x080091d5   Thumb Code   332  mytime.o(.text.utc_sec_2_mytime)
    __0sprintf                               0x0800941d   Thumb Code    34  printfa.o(i.__0sprintf)
    __1sprintf                               0x0800941d   Thumb Code     0  printfa.o(i.__0sprintf)
    __2sprintf                               0x0800941d   Thumb Code     0  printfa.o(i.__0sprintf)
    __c89sprintf                             0x0800941d   Thumb Code     0  printfa.o(i.__0sprintf)
    sprintf                                  0x0800941d   Thumb Code     0  printfa.o(i.__0sprintf)
    __0vsnprintf                             0x08009445   Thumb Code    46  printfa.o(i.__0vsnprintf)
    __1vsnprintf                             0x08009445   Thumb Code     0  printfa.o(i.__0vsnprintf)
    __2vsnprintf                             0x08009445   Thumb Code     0  printfa.o(i.__0vsnprintf)
    __c89vsnprintf                           0x08009445   Thumb Code     0  printfa.o(i.__0vsnprintf)
    vsnprintf                                0x08009445   Thumb Code     0  printfa.o(i.__0vsnprintf)
    __aeabi_errno_addr                       0x08009479   Thumb Code     4  errno.o(i.__aeabi_errno_addr)
    __rt_errno_addr                          0x08009479   Thumb Code     0  errno.o(i.__aeabi_errno_addr)
    __scatterload_copy                       0x08009481   Thumb Code    14  handlers.o(i.__scatterload_copy)
    __scatterload_null                       0x0800948f   Thumb Code     2  handlers.o(i.__scatterload_null)
    __scatterload_zeroinit                   0x08009491   Thumb Code    14  handlers.o(i.__scatterload_zeroinit)
    _is_digit                                0x08009625   Thumb Code    14  scanf_fp.o(i._is_digit)
    free                                     0x08009d85   Thumb Code    76  malloc.o(i.free)
    malloc                                   0x08009dd5   Thumb Code    92  malloc.o(i.malloc)
    __ctype_table                            0x08009e40   Data         129  ctype_o.o(.constdata)
    AHBPrescTable                            0x08009edc   Data          16  system_stm32g4xx.o(.rodata.AHBPrescTable)
    APBPrescTable                            0x08009eec   Data           8  system_stm32g4xx.o(.rodata.APBPrescTable)
    g_day_per_mon                            0x08009f70   Data          12  mtime.o(.rodata.g_day_per_mon)
    Region$$Table$$Base                      0x0800a85c   Number         0  anon$$obj.o(Region$$Table)
    Region$$Table$$Limit                     0x0800a87c   Number         0  anon$$obj.o(Region$$Table)
    __microlib_freelist                      0x20000000   Data           4  mvars.o(.data)
    __microlib_freelist_initialised          0x20000004   Data           4  mvars.o(.data)
    COM1_Dev                                 0x2000000c   Data          16  hdl_g4_uart.o(.data.COM1_Dev)
    COM2_Dev                                 0x2000001c   Data          16  hdl_g4_uart.o(.data.COM2_Dev)
    COM3_Dev                                 0x2000002c   Data          16  hdl_g4_uart.o(.data.COM3_Dev)
    COM4_Dev                                 0x2000003c   Data          16  hdl_g4_uart.o(.data.COM4_Dev)
    COM5_Dev                                 0x2000004c   Data          16  hdl_g4_uart.o(.data.COM5_Dev)
    COM6_Dev                                 0x2000005c   Data          16  hdl_g4_uart.o(.data.COM6_Dev)
    SystemCoreClock                          0x2000006c   Data           4  system_stm32g4xx.o(.data.SystemCoreClock)
    uwTickFreq                               0x2000009c   Data           4  stm32g4xx_hal.o(.data.uwTickFreq)
    uwTickPrio                               0x200000a0   Data           4  stm32g4xx_hal.o(.data.uwTickPrio)
    Sensor_Queue                             0x200000a8   Data          20  app_main.o(.bss.Sensor_Queue)
    Sensor_Queue_Buffer                      0x200000bc   Data         960  app_main.o(.bss.Sensor_Queue_Buffer)
    at_cfun_task                             0x20000b20   Data           4  bfl_4g_task.o(.bss.at_cfun_task)
    at_cgact_task                            0x20000b24   Data           4  bfl_4g_task.o(.bss.at_cgact_task)
    at_cgdcont_task                          0x20000b28   Data           4  bfl_4g_task.o(.bss.at_cgdcont_task)
    at_clk_task                              0x20000b2c   Data           4  bfl_4g_task.o(.bss.at_clk_task)
    at_cpin_q_task                           0x20000b30   Data           4  bfl_4g_task.o(.bss.at_cpin_q_task)
    at_creg_q_task                           0x20000b34   Data           4  bfl_4g_task.o(.bss.at_creg_q_task)
    at_qicfg_close_task                      0x20000f40   Data           4  bfl_4g_task.o(.bss.at_qicfg_close_task)
    at_qicfg_dataformat_task                 0x20000f44   Data           4  bfl_4g_task.o(.bss.at_qicfg_dataformat_task)
    at_qicfg_task                            0x20000f48   Data           4  bfl_4g_task.o(.bss.at_qicfg_task)
    at_qicsgp_task                           0x20000f4c   Data           4  bfl_4g_task.o(.bss.at_qicsgp_task)
    at_task                                  0x20000f50   Data           4  bfl_4g_task.o(.bss.at_task)
    context                                  0x20001058   Data        3400  bfl_4g.o(.bss.context)
    sys                                      0x20003934   Data          12  app_main.o(.bss.sys)
    uwCpuTick                                0x20003940   Data           4  hdl_g4_cpu_time.o(.bss.uwCpuTick)
    uwTick                                   0x20003944   Data           4  stm32g4xx_hal.o(.bss.uwTick)
    __heap_base                              0x20003948   Data           0  startup_stm32g473xx.o(HEAP)
    __heap_limit                             0x20004a48   Data           0  startup_stm32g473xx.o(HEAP)
    __initial_sp                             0x20005b48   Data           0  startup_stm32g473xx.o(STACK)



==============================================================================

Memory Map of the image

  Image Entry point : 0x080001d9

  Load Region LR_IROM1 (Base: 0x08000000, Size: 0x0000a928, Max: 0x00080000, ABSOLUTE)

    Execution Region ER_IROM1 (Exec base: 0x08000000, Load base: 0x08000000, Size: 0x0000a87c, Max: 0x00080000, ABSOLUTE)

    Exec Addr    Load Addr    Size         Type   Attr      Idx    E Section Name        Object

    0x08000000   0x08000000   0x000001d8   Data   RO            3    RESET               startup_stm32g473xx.o
    0x080001d8   0x080001d8   0x00000000   Code   RO         3615  * .ARM.Collect$$$$00000000  mc_w.l(entry.o)
    0x080001d8   0x080001d8   0x00000004   Code   RO         3737    .ARM.Collect$$$$00000001  mc_w.l(entry2.o)
    0x080001dc   0x080001dc   0x00000004   Code   RO         3740    .ARM.Collect$$$$00000004  mc_w.l(entry5.o)
    0x080001e0   0x080001e0   0x00000000   Code   RO         3742    .ARM.Collect$$$$00000008  mc_w.l(entry7b.o)
    0x080001e0   0x080001e0   0x00000000   Code   RO         3744    .ARM.Collect$$$$0000000A  mc_w.l(entry8b.o)
    0x080001e0   0x080001e0   0x00000008   Code   RO         3745    .ARM.Collect$$$$0000000B  mc_w.l(entry9a.o)
    0x080001e8   0x080001e8   0x00000000   Code   RO         3747    .ARM.Collect$$$$0000000D  mc_w.l(entry10a.o)
    0x080001e8   0x080001e8   0x00000000   Code   RO         3749    .ARM.Collect$$$$0000000F  mc_w.l(entry11a.o)
    0x080001e8   0x080001e8   0x00000004   Code   RO         3738    .ARM.Collect$$$$00002712  mc_w.l(entry2.o)
    0x080001ec   0x080001ec   0x00000024   Code   RO            4    .text               startup_stm32g473xx.o
    0x08000210   0x08000210   0x00000062   Code   RO         3618    .text               mc_w.l(uldiv.o)
    0x08000272   0x08000272   0x00000024   Code   RO         3620    .text               mc_w.l(memcpya.o)
    0x08000296   0x08000296   0x00000024   Code   RO         3622    .text               mc_w.l(memseta.o)
    0x080002ba   0x080002ba   0x00000024   Code   RO         3624    .text               mc_w.l(strstr.o)
    0x080002de   0x080002de   0x00000018   Code   RO         3626    .text               mc_w.l(strncpy.o)
    0x080002f6   0x080002f6   0x00000014   Code   RO         3628    .text               mc_w.l(strchr.o)
    0x0800030a   0x0800030a   0x0000000e   Code   RO         3630    .text               mc_w.l(strlen.o)
    0x08000318   0x08000318   0x00000038   Code   RO         3690    .text               mc_w.l(sscanf.o)
    0x08000350   0x08000350   0x0000001a   Code   RO         3692    .text               mc_w.l(atoi.o)
    0x0800036a   0x0800036a   0x000000e4   Code   RO         3694    .text               mf_w.l(dmul.o)
    0x0800044e   0x0800044e   0x000000de   Code   RO         3696    .text               mf_w.l(ddiv.o)
    0x0800052c   0x0800052c   0x0000002c   Code   RO         3765    .text               mc_w.l(uidiv.o)
    0x08000558   0x08000558   0x0000001e   Code   RO         3767    .text               mc_w.l(llshl.o)
    0x08000576   0x08000576   0x00000020   Code   RO         3769    .text               mc_w.l(llushr.o)
    0x08000596   0x08000596   0x00000156   Code   RO         3780    .text               mc_w.l(_scanf_longlong.o)
    0x080006ec   0x080006ec   0x0000014c   Code   RO         3782    .text               mc_w.l(_scanf_int.o)
    0x08000838   0x08000838   0x000000e0   Code   RO         3784    .text               mc_w.l(_scanf_str.o)
    0x08000918   0x08000918   0x00000360   Code   RO         3786    .text               mc_w.l(scanf_fp.o)
    0x08000c78   0x08000c78   0x00000028   Code   RO         3790    .text               mc_w.l(scanf_char.o)
    0x08000ca0   0x08000ca0   0x00000040   Code   RO         3792    .text               mc_w.l(_sgetc.o)
    0x08000ce0   0x08000ce0   0x00000070   Code   RO         3794    .text               mc_w.l(strtol.o)
    0x08000d50   0x08000d50   0x00000000   Code   RO         3796    .text               mc_w.l(iusefp.o)
    0x08000d50   0x08000d50   0x000000ba   Code   RO         3797    .text               mf_w.l(depilogue.o)
    0x08000e0a   0x08000e0a   0x0000014e   Code   RO         3799    .text               mf_w.l(dadd.o)
    0x08000f58   0x08000f58   0x00000030   Code   RO         3805    .text               mf_w.l(dfixul.o)
    0x08000f88   0x08000f88   0x00000030   Code   RO         3807    .text               mf_w.l(cdrcmple.o)
    0x08000fb8   0x08000fb8   0x00000030   Code   RO         3809    .text               mc_w.l(init.o)
    0x08000fe8   0x08000fe8   0x00000024   Code   RO         3812    .text               mc_w.l(llsshr.o)
    0x0800100c   0x0800100c   0x00000008   Code   RO         3816    .text               mc_w.l(ctype_o.o)
    0x08001014   0x08001014   0x00000012   Code   RO         3838    .text               mc_w.l(isspace_o.o)
    0x08001026   0x08001026   0x0000001c   Code   RO         3844    .text               mc_w.l(_chval.o)
    0x08001042   0x08001042   0x00000002   PAD
    0x08001044   0x08001044   0x0000032c   Code   RO         3846    .text               mc_w.l(_scanf.o)
    0x08001370   0x08001370   0x0000009e   Code   RO         3848    .text               mc_w.l(_strtoul.o)
    0x0800140e   0x0800140e   0x00000018   Code   RO         3853    .text               mf_w.l(dfltul.o)
    0x08001426   0x08001426   0x00000038   Code   RO         3855    .text               mf_w.l(d2f.o)
    0x0800145e   0x0800145e   0x0000006e   Code   RO         3860    .text               mf_w.l(fepilogue.o)
    0x080014cc   0x080014cc   0x00000002   Code   RO          124    .text.ADC1_2_IRQHandler  stm32g4xx_it.o
    0x080014ce   0x080014ce   0x00000002   PAD
    0x080014d0   0x080014d0   0x00000178   Code   RO         3306    .text.APP_Main      app_main.o
    0x08001648   0x08001648   0x0000000e   Code   RO         3225    .text.AsyncTaskFuncResultMap  bfl_4g_task.o
    0x08001656   0x08001656   0x00000002   PAD
    0x08001658   0x08001658   0x00000032   Code   RO         3341    .text.AsyncTaskList_Create  asynctasklist.o
    0x0800168a   0x0800168a   0x00000002   PAD
    0x0800168c   0x0800168c   0x0000002c   Code   RO         3353    .text.AsyncTaskList_DynamicPop  asynctasklist.o
    0x080016b8   0x080016b8   0x00000024   Code   RO         3357    .text.AsyncTaskList_DynamicPush  asynctasklist.o
    0x080016dc   0x080016dc   0x00000074   Code   RO         3359    .text.AsyncTaskList_Exec  asynctasklist.o
    0x08001750   0x08001750   0x00000036   Code   RO         3355    .text.AsyncTaskList_IsStaticLastTask  asynctasklist.o
    0x08001786   0x08001786   0x00000002   PAD
    0x08001788   0x08001788   0x0000010a   Code   RO         3351    .text.AsyncTaskList_Next  asynctasklist.o
    0x08001892   0x08001892   0x00000002   PAD
    0x08001894   0x08001894   0x00000022   Code   RO         3347    .text.AsyncTaskList_StaticAdd  asynctasklist.o
    0x080018b6   0x080018b6   0x00000002   PAD
    0x080018b8   0x080018b8   0x0000004e   Code   RO         3325    .text.AsyncTask_Create  asynctasklist.o
    0x08001906   0x08001906   0x00000002   PAD
    0x08001908   0x08001908   0x00000018   Code   RO         3327    .text.AsyncTask_Destroy  asynctasklist.o
    0x08001920   0x08001920   0x00000024   Code   RO         3329    .text.AsyncTask_Exec  asynctasklist.o
    0x08001944   0x08001944   0x0000002e   Code   RO         3335    .text.AsyncTask_GetRoute  asynctasklist.o
    0x08001972   0x08001972   0x00000002   PAD
    0x08001974   0x08001974   0x00000024   Code   RO         3331    .text.AsyncTask_GetState  asynctasklist.o
    0x08001998   0x08001998   0x00000018   Code   RO         3339    .text.AsyncTask_SetFuncResult  asynctasklist.o
    0x080019b0   0x080019b0   0x00000028   Code   RO         3333    .text.AsyncTask_SetRoute  asynctasklist.o
    0x080019d8   0x080019d8   0x0000001c   Code   RO         3337    .text.AsyncTask_SetState  asynctasklist.o
    0x080019f4   0x080019f4   0x00000076   Code   RO         3235    .text.BFL_4G_AsyncTaskExecContext_Init  bfl_4g_task.o
    0x08001a6a   0x08001a6a   0x00000002   PAD
    0x08001a6c   0x08001a6c   0x00000050   Code   RO         3233    .text.BFL_4G_IOInterfaceInit  bfl_4g_task.o
    0x08001abc   0x08001abc   0x00000066   Code   RO         3120    .text.BFL_4G_Init   bfl_4g.o
    0x08001b22   0x08001b22   0x00000002   PAD
    0x08001b24   0x08001b24   0x00000358   Code   RO         3223    .text.BFL_4G_List_BaseCfgTaskCreate  bfl_4g_task.o
    0x08001e7c   0x08001e7c   0x00000024   Code   RO         3132    .text.BFL_4G_Poll   bfl_4g.o
    0x08001ea0   0x08001ea0   0x00000016   Code   RO         3134    .text.BFL_4G_SetCalibrateTimeByUtcSecondsCb  bfl_4g.o
    0x08001eb6   0x08001eb6   0x00000002   PAD
    0x08001eb8   0x08001eb8   0x00000184   Code   RO         3237    .text.BFL_4G_TCPWrite_Task  bfl_4g_task.o
    0x0800203c   0x0800203c   0x000000aa   Code   RO         3122    .text.BFL_4G_TCP_Init  bfl_4g.o
    0x080020e6   0x080020e6   0x00000002   PAD
    0x080020e8   0x080020e8   0x000000fc   Code   RO         3229    .text.BFL_4G_TCP_List_TaskCreate  bfl_4g_task.o
    0x080021e4   0x080021e4   0x00000072   Code   RO         3251    .text.BFL_4G_TCP_Task_UCRTable_Init  bfl_4g_task.o
    0x08002256   0x08002256   0x00000002   PAD
    0x08002258   0x08002258   0x00000014   Code   RO         3239    .text.BFL_4G_TCP_Task_Writeable  bfl_4g_task.o
    0x0800226c   0x0800226c   0x00000020   Code   RO         3124    .text.BFL_4G_TCP_Write  bfl_4g.o
    0x0800228c   0x0800228c   0x00000052   Code   RO         3389    .text.BFL_RTU_Packet_init  bfl_rtu_packet.o
    0x080022de   0x080022de   0x00000002   PAD
    0x080022e0   0x080022e0   0x00000014   Code   RO          108    .text.BusFault_Handler  stm32g4xx_it.o
    0x080022f4   0x080022f4   0x000000a4   Code   RO         2690    .text.CHIP_EC800M_Init  chip_ec800m.o
    0x08002398   0x08002398   0x00000012   Code   RO         2700    .text.CHIP_EC800M_PowerOn  chip_ec800m.o
    0x080023aa   0x080023aa   0x00000002   PAD
    0x080023ac   0x080023ac   0x00000012   Code   RO         2712    .text.CHIP_EC800M_ResetOn  chip_ec800m.o
    0x080023be   0x080023be   0x00000002   PAD
    0x080023c0   0x080023c0   0x0000000e   Code   RO         2708    .text.CHIP_EC800M_WakeupOff  chip_ec800m.o
    0x080023ce   0x080023ce   0x00000002   PAD
    0x080023d0   0x080023d0   0x00000002   Code   RO          120    .text.DMA1_Channel1_IRQHandler  stm32g4xx_it.o
    0x080023d2   0x080023d2   0x00000002   PAD
    0x080023d4   0x080023d4   0x00000002   Code   RO          122    .text.DMA1_Channel2_IRQHandler  stm32g4xx_it.o
    0x080023d6   0x080023d6   0x00000002   PAD
    0x080023d8   0x080023d8   0x00000002   Code   RO          114    .text.DebugMon_Handler  stm32g4xx_it.o
    0x080023da   0x080023da   0x00000002   PAD
    0x080023dc   0x080023dc   0x00000054   Code   RO         3279    .text.Debug_Printf  log.o
    0x08002430   0x08002430   0x0000001a   Code   RO         2694    .text.EXTI15_10_IRQHandler  chip_ec800m.o
    0x0800244a   0x0800244a   0x00000002   PAD
    0x0800244c   0x0800244c   0x0000000e   Code   RO           59    .text.Error_Handler  main.o
    0x0800245a   0x0800245a   0x00000002   PAD
    0x0800245c   0x0800245c   0x0000001a   Code   RO          390    .text.HAL_IncTick   stm32g4xx_hal.o
    0x08002476   0x08002476   0x00000002   PAD
    0x08002478   0x08002478   0x00000030   Code   RO          380    .text.HAL_Init      stm32g4xx_hal.o
    0x080024a8   0x080024a8   0x00000088   Code   RO          382    .text.HAL_InitTick  stm32g4xx_hal.o
    0x08002530   0x08002530   0x00000048   Code   RO          134    .text.HAL_MspInit   stm32g4xx_hal_msp.o
    0x08002578   0x08002578   0x0000002e   Code   RO          870    .text.HAL_NVIC_SetPriority  stm32g4xx_hal_cortex.o
    0x080025a6   0x080025a6   0x00000002   PAD
    0x080025a8   0x080025a8   0x00000010   Code   RO          866    .text.HAL_NVIC_SetPriorityGrouping  stm32g4xx_hal_cortex.o
    0x080025b8   0x080025b8   0x00000012   Code   RO          857    .text.HAL_PWREx_DisableUCPDDeadBattery  stm32g4xx_hal_pwr_ex.o
    0x080025ca   0x080025ca   0x00000002   PAD
    0x080025cc   0x080025cc   0x00000010   Code   RO          890    .text.HAL_SYSTICK_Config  stm32g4xx_hal_cortex.o
    0x080025dc   0x080025dc   0x00000028   Code   RO         2446    .text.HDL_CPU_Time_DelayMs  hdl_g4_cpu_time.o
    0x08002604   0x08002604   0x0000000c   Code   RO         2436    .text.HDL_G4_CPU_Time_GetTick  hdl_g4_cpu_time.o
    0x08002610   0x08002610   0x00000134   Code   RO         2404    .text.HDL_G4_CPU_Time_Init  hdl_g4_cpu_time.o
    0x08002744   0x08002744   0x000000e4   Code   RO         2046    .text.HDL_G4_RTC_GetStructTime  hdl_g4_rtc.o
    0x08002828   0x08002828   0x0000002a   Code   RO         2044    .text.HDL_G4_RTC_GetTimeTick  hdl_g4_rtc.o
    0x08002852   0x08002852   0x00000002   PAD
    0x08002854   0x08002854   0x0000010e   Code   RO         2008    .text.HDL_G4_RTC_Init  hdl_g4_rtc.o
    0x08002962   0x08002962   0x00000002   PAD
    0x08002964   0x08002964   0x00000074   Code   RO         2040    .text.HDL_G4_RTC_SetStructTime  hdl_g4_rtc.o
    0x080029d8   0x080029d8   0x0000001c   Code   RO         2048    .text.HDL_G4_RTC_SetTimeTick  hdl_g4_rtc.o
    0x080029f4   0x080029f4   0x00000014   Code   RO          104    .text.HardFault_Handler  stm32g4xx_it.o
    0x08002a08   0x08002a08   0x00000010   Code   RO         3426    .text.INIT_LIST_HEAD  at_chat.o
    0x08002a18   0x08002a18   0x00000022   Code   RO           73    .text.LL_AHB2_GRP1_EnableClock  gpio.o
    0x08002a3a   0x08002a3a   0x00000002   PAD
    0x08002a3c   0x08002a3c   0x00000022   Code   RO         2077    .text.LL_AHB2_GRP1_EnableClock  hdl_g4_uart.o
    0x08002a5e   0x08002a5e   0x00000002   PAD
    0x08002a60   0x08002a60   0x00000022   Code   RO         2692    .text.LL_AHB2_GRP1_EnableClock  chip_ec800m.o
    0x08002a82   0x08002a82   0x00000002   PAD
    0x08002a84   0x08002a84   0x00000022   Code   RO         3308    .text.LL_AHB2_GRP1_EnableClock  app_main.o
    0x08002aa6   0x08002aa6   0x00000002   PAD
    0x08002aa8   0x08002aa8   0x00000018   Code   RO         2032    .text.LL_APB1_GRP1_DisableClock  hdl_g4_rtc.o
    0x08002ac0   0x08002ac0   0x00000022   Code   RO         2014    .text.LL_APB1_GRP1_EnableClock  hdl_g4_rtc.o
    0x08002ae2   0x08002ae2   0x00000002   PAD
    0x08002ae4   0x08002ae4   0x00000022   Code   RO         2105    .text.LL_APB1_GRP1_EnableClock  hdl_g4_uart.o
    0x08002b06   0x08002b06   0x00000002   PAD
    0x08002b08   0x08002b08   0x00000022   Code   RO         2432    .text.LL_APB1_GRP1_EnableClock  hdl_g4_cpu_time.o
    0x08002b2a   0x08002b2a   0x00000002   PAD
    0x08002b2c   0x08002b2c   0x0000001e   Code   RO         2012    .text.LL_APB1_GRP1_IsEnabledClock  hdl_g4_rtc.o
    0x08002b4a   0x08002b4a   0x00000002   PAD
    0x08002b4c   0x08002b4c   0x00000022   Code   RO         2109    .text.LL_APB1_GRP2_EnableClock  hdl_g4_uart.o
    0x08002b6e   0x08002b6e   0x00000002   PAD
    0x08002b70   0x08002b70   0x00000022   Code   RO         2075    .text.LL_APB2_GRP1_EnableClock  hdl_g4_uart.o
    0x08002b92   0x08002b92   0x00000002   PAD
    0x08002b94   0x08002b94   0x00000022   Code   RO         2406    .text.LL_APB2_GRP1_EnableClock  hdl_g4_cpu_time.o
    0x08002bb6   0x08002bb6   0x00000002   PAD
    0x08002bb8   0x08002bb8   0x00000014   Code   RO         2698    .text.LL_EXTI_ClearFlag_0_31  chip_ec800m.o
    0x08002bcc   0x08002bcc   0x0000001e   Code   RO         2696    .text.LL_EXTI_IsActiveFlag_0_31  chip_ec800m.o
    0x08002bea   0x08002bea   0x00000002   PAD
    0x08002bec   0x08002bec   0x00000010   Code   RO           17    .text.LL_FLASH_GetLatency  main.o
    0x08002bfc   0x08002bfc   0x0000001c   Code   RO           15    .text.LL_FLASH_SetLatency  main.o
    0x08002c18   0x08002c18   0x000000dc   Code   RO          256    .text.LL_GPIO_Init  stm32g4xx_ll_gpio.o
    0x08002cf4   0x08002cf4   0x00000010   Code   RO           75    .text.LL_GPIO_ResetOutputPin  gpio.o
    0x08002d04   0x08002d04   0x00000010   Code   RO         2706    .text.LL_GPIO_ResetOutputPin  chip_ec800m.o
    0x08002d14   0x08002d14   0x0000007c   Code   RO          264    .text.LL_GPIO_SetAFPin_0_7  stm32g4xx_ll_gpio.o
    0x08002d90   0x08002d90   0x00000080   Code   RO          266    .text.LL_GPIO_SetAFPin_8_15  stm32g4xx_ll_gpio.o
    0x08002e10   0x08002e10   0x00000010   Code   RO         2702    .text.LL_GPIO_SetOutputPin  chip_ec800m.o
    0x08002e20   0x08002e20   0x00000010   Code   RO         3296    .text.LL_GPIO_SetOutputPin  app_main.o
    0x08002e30   0x08002e30   0x0000007c   Code   RO          268    .text.LL_GPIO_SetPinMode  stm32g4xx_ll_gpio.o
    0x08002eac   0x08002eac   0x0000001e   Code   RO          260    .text.LL_GPIO_SetPinOutputType  stm32g4xx_ll_gpio.o
    0x08002eca   0x08002eca   0x00000002   PAD
    0x08002ecc   0x08002ecc   0x0000007c   Code   RO          262    .text.LL_GPIO_SetPinPull  stm32g4xx_ll_gpio.o
    0x08002f48   0x08002f48   0x0000007c   Code   RO          258    .text.LL_GPIO_SetPinSpeed  stm32g4xx_ll_gpio.o
    0x08002fc4   0x08002fc4   0x0000000e   Code   RO         2193    .text.LL_LPUART_ClearFlag_FE  hdl_g4_uart.o
    0x08002fd2   0x08002fd2   0x00000002   PAD
    0x08002fd4   0x08002fd4   0x0000000e   Code   RO         2191    .text.LL_LPUART_ClearFlag_ORE  hdl_g4_uart.o
    0x08002fe2   0x08002fe2   0x00000002   PAD
    0x08002fe4   0x08002fe4   0x0000000e   Code   RO         2195    .text.LL_LPUART_ClearFlag_PE  hdl_g4_uart.o
    0x08002ff2   0x08002ff2   0x00000002   PAD
    0x08002ff4   0x08002ff4   0x0000002a   Code   RO         2197    .text.LL_LPUART_DisableIT_TC  hdl_g4_uart.o
    0x0800301e   0x0800301e   0x00000002   PAD
    0x08003020   0x08003020   0x00000012   Code   RO         2117    .text.LL_LPUART_Enable  hdl_g4_uart.o
    0x08003032   0x08003032   0x00000002   PAD
    0x08003034   0x08003034   0x00000012   Code   RO         2115    .text.LL_LPUART_EnableFIFO  hdl_g4_uart.o
    0x08003046   0x08003046   0x00000002   PAD
    0x08003048   0x08003048   0x0000002a   Code   RO         2121    .text.LL_LPUART_EnableIT_PE  hdl_g4_uart.o
    0x08003072   0x08003072   0x00000002   PAD
    0x08003074   0x08003074   0x0000002a   Code   RO         2119    .text.LL_LPUART_EnableIT_RXNE_RXFNE  hdl_g4_uart.o
    0x0800309e   0x0800309e   0x00000002   PAD
    0x080030a0   0x080030a0   0x0000002a   Code   RO         2143    .text.LL_LPUART_EnableIT_TC  hdl_g4_uart.o
    0x080030ca   0x080030ca   0x00000002   PAD
    0x080030cc   0x080030cc   0x0000002a   Code   RO         2123    .text.LL_LPUART_EnableIT_TXFE  hdl_g4_uart.o
    0x080030f6   0x080030f6   0x00000002   PAD
    0x080030f8   0x080030f8   0x0000008e   Code   RO          982    .text.LL_LPUART_Init  stm32g4xx_ll_lpuart.o
    0x08003186   0x08003186   0x00000002   PAD
    0x08003188   0x08003188   0x00000010   Code   RO         2189    .text.LL_LPUART_IsActiveFlag_ORE  hdl_g4_uart.o
    0x08003198   0x08003198   0x00000010   Code   RO         2127    .text.LL_LPUART_IsActiveFlag_REACK  hdl_g4_uart.o
    0x080031a8   0x080031a8   0x00000010   Code   RO         2185    .text.LL_LPUART_IsActiveFlag_RXNE_RXFNE  hdl_g4_uart.o
    0x080031b8   0x080031b8   0x00000010   Code   RO         2125    .text.LL_LPUART_IsActiveFlag_TEACK  hdl_g4_uart.o
    0x080031c8   0x080031c8   0x00000010   Code   RO         2139    .text.LL_LPUART_IsActiveFlag_TXE_TXFNF  hdl_g4_uart.o
    0x080031d8   0x080031d8   0x00000010   Code   RO          984    .text.LL_LPUART_IsEnabled  stm32g4xx_ll_lpuart.o
    0x080031e8   0x080031e8   0x0000000e   Code   RO         2187    .text.LL_LPUART_ReceiveData8  hdl_g4_uart.o
    0x080031f6   0x080031f6   0x00000002   PAD
    0x080031f8   0x080031f8   0x00000054   Code   RO          990    .text.LL_LPUART_SetBaudRate  stm32g4xx_ll_lpuart.o
    0x0800324c   0x0800324c   0x0000001a   Code   RO          988    .text.LL_LPUART_SetHWFlowCtrl  stm32g4xx_ll_lpuart.o
    0x08003266   0x08003266   0x00000002   PAD
    0x08003268   0x08003268   0x0000001c   Code   RO          992    .text.LL_LPUART_SetPrescaler  stm32g4xx_ll_lpuart.o
    0x08003284   0x08003284   0x00000032   Code   RO         2113    .text.LL_LPUART_SetRXFIFOThreshold  hdl_g4_uart.o
    0x080032b6   0x080032b6   0x00000002   PAD
    0x080032b8   0x080032b8   0x0000001a   Code   RO          986    .text.LL_LPUART_SetStopBitsLength  stm32g4xx_ll_lpuart.o
    0x080032d2   0x080032d2   0x00000002   PAD
    0x080032d4   0x080032d4   0x00000032   Code   RO         2111    .text.LL_LPUART_SetTXFIFOThreshold  hdl_g4_uart.o
    0x08003306   0x08003306   0x00000002   PAD
    0x08003308   0x08003308   0x00000014   Code   RO         2141    .text.LL_LPUART_TransmitData8  hdl_g4_uart.o
    0x0800331c   0x0800331c   0x00000012   Code   RO           33    .text.LL_PWR_EnableBkUpAccess  main.o
    0x0800332e   0x0800332e   0x00000002   PAD
    0x08003330   0x08003330   0x00000012   Code   RO         2018    .text.LL_PWR_EnableBkUpAccess  hdl_g4_rtc.o
    0x08003342   0x08003342   0x00000002   PAD
    0x08003344   0x08003344   0x00000012   Code   RO           19    .text.LL_PWR_EnableRange1BoostMode  main.o
    0x08003356   0x08003356   0x00000002   PAD
    0x08003358   0x08003358   0x00000022   Code   RO         2016    .text.LL_PWR_IsEnabledBkUpAccess  hdl_g4_rtc.o
    0x0800337a   0x0800337a   0x00000002   PAD
    0x0800337c   0x0800337c   0x00000012   Code   RO         2036    .text.LL_RCC_EnableRTC  hdl_g4_rtc.o
    0x0800338e   0x0800338e   0x00000002   PAD
    0x08003390   0x08003390   0x00000012   Code   RO         2020    .text.LL_RCC_ForceBackupDomainReset  hdl_g4_rtc.o
    0x080033a2   0x080033a2   0x00000002   PAD
    0x080033a4   0x080033a4   0x00000010   Code   RO         1102    .text.LL_RCC_GetAHBPrescaler  stm32g4xx_ll_rcc.o
    0x080033b4   0x080033b4   0x00000010   Code   RO         1104    .text.LL_RCC_GetAPB1Prescaler  stm32g4xx_ll_rcc.o
    0x080033c4   0x080033c4   0x00000010   Code   RO         1106    .text.LL_RCC_GetAPB2Prescaler  stm32g4xx_ll_rcc.o
    0x080033d4   0x080033d4   0x0000007e   Code   RO         1042    .text.LL_RCC_GetLPUARTClockFreq  stm32g4xx_ll_rcc.o
    0x08003452   0x08003452   0x00000002   PAD
    0x08003454   0x08003454   0x00000016   Code   RO         1044    .text.LL_RCC_GetLPUARTClockSource  stm32g4xx_ll_rcc.o
    0x0800346a   0x0800346a   0x00000002   PAD
    0x0800346c   0x0800346c   0x00000010   Code   RO         2010    .text.LL_RCC_GetRTCClockSource  hdl_g4_rtc.o
    0x0800347c   0x0800347c   0x00000010   Code   RO           53    .text.LL_RCC_GetSysClkSource  main.o
    0x0800348c   0x0800348c   0x00000010   Code   RO         1012    .text.LL_RCC_GetSysClkSource  stm32g4xx_ll_rcc.o
    0x0800349c   0x0800349c   0x0000011e   Code   RO         1034    .text.LL_RCC_GetUARTClockFreq  stm32g4xx_ll_rcc.o
    0x080035ba   0x080035ba   0x00000002   PAD
    0x080035bc   0x080035bc   0x0000001a   Code   RO         1036    .text.LL_RCC_GetUARTClockSource  stm32g4xx_ll_rcc.o
    0x080035d6   0x080035d6   0x00000002   PAD
    0x080035d8   0x080035d8   0x00000172   Code   RO         1028    .text.LL_RCC_GetUSARTClockFreq  stm32g4xx_ll_rcc.o
    0x0800374a   0x0800374a   0x00000002   PAD
    0x0800374c   0x0800374c   0x0000001a   Code   RO         1030    .text.LL_RCC_GetUSARTClockSource  stm32g4xx_ll_rcc.o
    0x08003766   0x08003766   0x00000002   PAD
    0x08003768   0x08003768   0x00000012   Code   RO           21    .text.LL_RCC_HSE_Enable  main.o
    0x0800377a   0x0800377a   0x00000002   PAD
    0x0800377c   0x0800377c   0x00000010   Code   RO           23    .text.LL_RCC_HSE_IsReady  main.o
    0x0800378c   0x0800378c   0x00000012   Code   RO           25    .text.LL_RCC_HSI48_Enable  main.o
    0x0800379e   0x0800379e   0x00000002   PAD
    0x080037a0   0x080037a0   0x00000010   Code   RO           27    .text.LL_RCC_HSI48_IsReady  main.o
    0x080037b0   0x080037b0   0x00000010   Code   RO         1008    .text.LL_RCC_HSI_IsReady  stm32g4xx_ll_rcc.o
    0x080037c0   0x080037c0   0x00000012   Code   RO           37    .text.LL_RCC_LSE_Enable  main.o
    0x080037d2   0x080037d2   0x00000002   PAD
    0x080037d4   0x080037d4   0x00000012   Code   RO         2026    .text.LL_RCC_LSE_Enable  hdl_g4_rtc.o
    0x080037e6   0x080037e6   0x00000002   PAD
    0x080037e8   0x080037e8   0x00000010   Code   RO           39    .text.LL_RCC_LSE_IsReady  main.o
    0x080037f8   0x080037f8   0x00000010   Code   RO         1032    .text.LL_RCC_LSE_IsReady  stm32g4xx_ll_rcc.o
    0x08003808   0x08003808   0x00000010   Code   RO         2028    .text.LL_RCC_LSE_IsReady  hdl_g4_rtc.o
    0x08003818   0x08003818   0x0000001c   Code   RO           35    .text.LL_RCC_LSE_SetDriveCapability  main.o
    0x08003834   0x08003834   0x0000001c   Code   RO         2024    .text.LL_RCC_LSE_SetDriveCapability  hdl_g4_rtc.o
    0x08003850   0x08003850   0x00000012   Code   RO           29    .text.LL_RCC_LSI_Enable  main.o
    0x08003862   0x08003862   0x00000002   PAD
    0x08003864   0x08003864   0x00000010   Code   RO           31    .text.LL_RCC_LSI_IsReady  main.o
    0x08003874   0x08003874   0x00000036   Code   RO           41    .text.LL_RCC_PLL_ConfigDomain_SYS  main.o
    0x080038aa   0x080038aa   0x00000002   PAD
    0x080038ac   0x080038ac   0x00000012   Code   RO           45    .text.LL_RCC_PLL_Enable  main.o
    0x080038be   0x080038be   0x00000002   PAD
    0x080038c0   0x080038c0   0x00000012   Code   RO           43    .text.LL_RCC_PLL_EnableDomain_SYS  main.o
    0x080038d2   0x080038d2   0x00000002   PAD
    0x080038d4   0x080038d4   0x00000010   Code   RO         1098    .text.LL_RCC_PLL_GetDivider  stm32g4xx_ll_rcc.o
    0x080038e4   0x080038e4   0x00000010   Code   RO         1094    .text.LL_RCC_PLL_GetMainSource  stm32g4xx_ll_rcc.o
    0x080038f4   0x080038f4   0x00000010   Code   RO         1096    .text.LL_RCC_PLL_GetN  stm32g4xx_ll_rcc.o
    0x08003904   0x08003904   0x00000010   Code   RO         1100    .text.LL_RCC_PLL_GetR  stm32g4xx_ll_rcc.o
    0x08003914   0x08003914   0x00000010   Code   RO           47    .text.LL_RCC_PLL_IsReady  main.o
    0x08003924   0x08003924   0x00000012   Code   RO         2022    .text.LL_RCC_ReleaseBackupDomainReset  hdl_g4_rtc.o
    0x08003936   0x08003936   0x00000002   PAD
    0x08003938   0x08003938   0x0000001c   Code   RO           51    .text.LL_RCC_SetAHBPrescaler  main.o
    0x08003954   0x08003954   0x0000001c   Code   RO           55    .text.LL_RCC_SetAPB1Prescaler  main.o
    0x08003970   0x08003970   0x0000001c   Code   RO           57    .text.LL_RCC_SetAPB2Prescaler  main.o
    0x0800398c   0x0800398c   0x0000001c   Code   RO         2030    .text.LL_RCC_SetRTCClockSource  hdl_g4_rtc.o
    0x080039a8   0x080039a8   0x0000001c   Code   RO           49    .text.LL_RCC_SetSysClkSource  main.o
    0x080039c4   0x080039c4   0x0000001e   Code   RO         2107    .text.LL_RCC_SetUARTClockSource  hdl_g4_uart.o
    0x080039e2   0x080039e2   0x00000002   PAD
    0x080039e4   0x080039e4   0x0000001e   Code   RO         2073    .text.LL_RCC_SetUSARTClockSource  hdl_g4_uart.o
    0x08003a02   0x08003a02   0x00000002   PAD
    0x08003a04   0x08003a04   0x0000001e   Code   RO         2038    .text.LL_RTC_BKP_GetRegister  hdl_g4_rtc.o
    0x08003a22   0x08003a22   0x00000002   PAD
    0x08003a24   0x08003a24   0x00000022   Code   RO         2042    .text.LL_RTC_BKP_SetRegister  hdl_g4_rtc.o
    0x08003a46   0x08003a46   0x00000002   PAD
    0x08003a48   0x08003a48   0x00000018   Code   RO         1324    .text.LL_RTC_ClearFlag_RS  stm32g4xx_ll_rtc.o
    0x08003a60   0x08003a60   0x00000018   Code   RO         2034    .text.LL_RTC_ClearFlag_RS  hdl_g4_rtc.o
    0x08003a78   0x08003a78   0x00000042   Code   RO         1280    .text.LL_RTC_DATE_Config  stm32g4xx_ll_rtc.o
    0x08003aba   0x08003aba   0x00000002   PAD
    0x08003abc   0x08003abc   0x0000010a   Code   RO         1278    .text.LL_RTC_DATE_Init  stm32g4xx_ll_rtc.o
    0x08003bc6   0x08003bc6   0x00000002   PAD
    0x08003bc8   0x08003bc8   0x00000010   Code   RO         1252    .text.LL_RTC_DisableInitMode  stm32g4xx_ll_rtc.o
    0x08003bd8   0x08003bd8   0x00000014   Code   RO         1248    .text.LL_RTC_DisableWriteProtection  stm32g4xx_ll_rtc.o
    0x08003bec   0x08003bec   0x00000010   Code   RO         1318    .text.LL_RTC_EnableInitMode  stm32g4xx_ll_rtc.o
    0x08003bfc   0x08003bfc   0x0000000e   Code   RO         1256    .text.LL_RTC_EnableWriteProtection  stm32g4xx_ll_rtc.o
    0x08003c0a   0x08003c0a   0x00000002   PAD
    0x08003c0c   0x08003c0c   0x0000007e   Code   RO         1250    .text.LL_RTC_EnterInitMode  stm32g4xx_ll_rtc.o
    0x08003c8a   0x08003c8a   0x00000002   PAD
    0x08003c8c   0x08003c8c   0x00000010   Code   RO         1270    .text.LL_RTC_GetHourFormat  stm32g4xx_ll_rtc.o
    0x08003c9c   0x08003c9c   0x0000005a   Code   RO         1258    .text.LL_RTC_Init   stm32g4xx_ll_rtc.o
    0x08003cf6   0x08003cf6   0x00000002   PAD
    0x08003cf8   0x08003cf8   0x00000010   Code   RO         1316    .text.LL_RTC_IsActiveFlag_INIT  stm32g4xx_ll_rtc.o
    0x08003d08   0x08003d08   0x00000010   Code   RO         1326    .text.LL_RTC_IsActiveFlag_RS  stm32g4xx_ll_rtc.o
    0x08003d18   0x08003d18   0x00000010   Code   RO         1274    .text.LL_RTC_IsShadowRegBypassEnabled  stm32g4xx_ll_rtc.o
    0x08003d28   0x08003d28   0x0000001c   Code   RO         1264    .text.LL_RTC_SetAsynchPrescaler  stm32g4xx_ll_rtc.o
    0x08003d44   0x08003d44   0x0000001a   Code   RO         1260    .text.LL_RTC_SetHourFormat  stm32g4xx_ll_rtc.o
    0x08003d5e   0x08003d5e   0x00000002   PAD
    0x08003d60   0x08003d60   0x0000001c   Code   RO         1262    .text.LL_RTC_SetSynchPrescaler  stm32g4xx_ll_rtc.o
    0x08003d7c   0x08003d7c   0x00000042   Code   RO         1272    .text.LL_RTC_TIME_Config  stm32g4xx_ll_rtc.o
    0x08003dbe   0x08003dbe   0x00000002   PAD
    0x08003dc0   0x08003dc0   0x00000112   Code   RO         1268    .text.LL_RTC_TIME_Init  stm32g4xx_ll_rtc.o
    0x08003ed2   0x08003ed2   0x00000002   PAD
    0x08003ed4   0x08003ed4   0x000000d6   Code   RO         1254    .text.LL_RTC_WaitForSynchro  stm32g4xx_ll_rtc.o
    0x08003faa   0x08003faa   0x00000002   PAD
    0x08003fac   0x08003fac   0x00000010   Code   RO         1320    .text.LL_SYSTICK_IsActiveCounterFlag  stm32g4xx_ll_rtc.o
    0x08003fbc   0x08003fbc   0x00000014   Code   RO          148    .text.LL_SetSystemCoreClock  stm32g4xx_ll_utils.o
    0x08003fd0   0x08003fd0   0x00000010   Code   RO         2458    .text.LL_TIM_ClearFlag_UPDATE  hdl_g4_cpu_time.o
    0x08003fe0   0x08003fe0   0x00000012   Code   RO         2416    .text.LL_TIM_DisableARRPreload  hdl_g4_cpu_time.o
    0x08003ff2   0x08003ff2   0x00000002   PAD
    0x08003ff4   0x08003ff4   0x00000012   Code   RO         2434    .text.LL_TIM_DisableIT_UPDATE  hdl_g4_cpu_time.o
    0x08004006   0x08004006   0x00000002   PAD
    0x08004008   0x08004008   0x00000012   Code   RO         2424    .text.LL_TIM_DisableMasterSlaveMode  hdl_g4_cpu_time.o
    0x0800401a   0x0800401a   0x00000002   PAD
    0x0800401c   0x0800401c   0x00000012   Code   RO         2430    .text.LL_TIM_EnableCounter  hdl_g4_cpu_time.o
    0x0800402e   0x0800402e   0x00000002   PAD
    0x08004030   0x08004030   0x00000012   Code   RO         2428    .text.LL_TIM_EnableIT_UPDATE  hdl_g4_cpu_time.o
    0x08004042   0x08004042   0x00000002   PAD
    0x08004044   0x08004044   0x00000012   Code   RO         1786    .text.LL_TIM_GenerateEvent_UPDATE  stm32g4xx_ll_tim.o
    0x08004056   0x08004056   0x00000002   PAD
    0x08004058   0x08004058   0x000001c4   Code   RO         1778    .text.LL_TIM_Init   stm32g4xx_ll_tim.o
    0x0800421c   0x0800421c   0x00000010   Code   RO         2456    .text.LL_TIM_IsActiveFlag_UPDATE  hdl_g4_cpu_time.o
    0x0800422c   0x0800422c   0x00000010   Code   RO         1780    .text.LL_TIM_SetAutoReload  stm32g4xx_ll_tim.o
    0x0800423c   0x0800423c   0x00000020   Code   RO         2418    .text.LL_TIM_SetClockSource  hdl_g4_cpu_time.o
    0x0800425c   0x0800425c   0x00000010   Code   RO         2426    .text.LL_TIM_SetCounter  hdl_g4_cpu_time.o
    0x0800426c   0x0800426c   0x00000010   Code   RO         1782    .text.LL_TIM_SetPrescaler  stm32g4xx_ll_tim.o
    0x0800427c   0x0800427c   0x00000010   Code   RO         1784    .text.LL_TIM_SetRepetitionCounter  stm32g4xx_ll_tim.o
    0x0800428c   0x0800428c   0x00000020   Code   RO         2420    .text.LL_TIM_SetTriggerOutput  hdl_g4_cpu_time.o
    0x080042ac   0x080042ac   0x0000001a   Code   RO         2422    .text.LL_TIM_SetTriggerOutput2  hdl_g4_cpu_time.o
    0x080042c6   0x080042c6   0x00000002   PAD
    0x080042c8   0x080042c8   0x0000000e   Code   RO         2163    .text.LL_USART_ClearFlag_FE  hdl_g4_uart.o
    0x080042d6   0x080042d6   0x00000002   PAD
    0x080042d8   0x080042d8   0x0000000e   Code   RO         2161    .text.LL_USART_ClearFlag_ORE  hdl_g4_uart.o
    0x080042e6   0x080042e6   0x00000002   PAD
    0x080042e8   0x080042e8   0x0000000e   Code   RO         2165    .text.LL_USART_ClearFlag_PE  hdl_g4_uart.o
    0x080042f6   0x080042f6   0x00000002   PAD
    0x080042f8   0x080042f8   0x0000001c   Code   RO         2093    .text.LL_USART_ConfigAsyncMode  hdl_g4_uart.o
    0x08004314   0x08004314   0x0000002a   Code   RO         2101    .text.LL_USART_DisableIT_TC  hdl_g4_uart.o
    0x0800433e   0x0800433e   0x00000002   PAD
    0x08004340   0x08004340   0x0000002a   Code   RO         2169    .text.LL_USART_DisableIT_TXE_TXFNF  hdl_g4_uart.o
    0x0800436a   0x0800436a   0x00000002   PAD
    0x0800436c   0x0800436c   0x0000002a   Code   RO         2103    .text.LL_USART_DisableIT_TXFE  hdl_g4_uart.o
    0x08004396   0x08004396   0x00000002   PAD
    0x08004398   0x08004398   0x00000012   Code   RO         2095    .text.LL_USART_Enable  hdl_g4_uart.o
    0x080043aa   0x080043aa   0x00000002   PAD
    0x080043ac   0x080043ac   0x00000012   Code   RO         2091    .text.LL_USART_EnableFIFO  hdl_g4_uart.o
    0x080043be   0x080043be   0x00000002   PAD
    0x080043c0   0x080043c0   0x0000002a   Code   RO         2099    .text.LL_USART_EnableIT_PE  hdl_g4_uart.o
    0x080043ea   0x080043ea   0x00000002   PAD
    0x080043ec   0x080043ec   0x0000002a   Code   RO         2097    .text.LL_USART_EnableIT_RXNE_RXFNE  hdl_g4_uart.o
    0x08004416   0x08004416   0x00000002   PAD
    0x08004418   0x08004418   0x0000002a   Code   RO         2137    .text.LL_USART_EnableIT_TC  hdl_g4_uart.o
    0x08004442   0x08004442   0x00000002   PAD
    0x08004444   0x08004444   0x0000002a   Code   RO         2131    .text.LL_USART_EnableIT_TXE_TXFNF  hdl_g4_uart.o
    0x0800446e   0x0800446e   0x00000002   PAD
    0x08004470   0x08004470   0x0000012c   Code   RO         1129    .text.LL_USART_Init  stm32g4xx_ll_usart.o
    0x0800459c   0x0800459c   0x00000010   Code   RO         2159    .text.LL_USART_IsActiveFlag_ORE  hdl_g4_uart.o
    0x080045ac   0x080045ac   0x00000010   Code   RO         2155    .text.LL_USART_IsActiveFlag_RXNE_RXFNE  hdl_g4_uart.o
    0x080045bc   0x080045bc   0x00000010   Code   RO         2173    .text.LL_USART_IsActiveFlag_TC  hdl_g4_uart.o
    0x080045cc   0x080045cc   0x00000010   Code   RO         2133    .text.LL_USART_IsActiveFlag_TXE_TXFNF  hdl_g4_uart.o
    0x080045dc   0x080045dc   0x00000010   Code   RO         1131    .text.LL_USART_IsEnabled  stm32g4xx_ll_usart.o
    0x080045ec   0x080045ec   0x00000010   Code   RO         2171    .text.LL_USART_IsEnabledIT_TC  hdl_g4_uart.o
    0x080045fc   0x080045fc   0x00000010   Code   RO         2167    .text.LL_USART_IsEnabledIT_TXE_TXFNF  hdl_g4_uart.o
    0x0800460c   0x0800460c   0x0000000e   Code   RO         2157    .text.LL_USART_ReceiveData8  hdl_g4_uart.o
    0x0800461a   0x0800461a   0x00000002   PAD
    0x0800461c   0x0800461c   0x000000a0   Code   RO         1137    .text.LL_USART_SetBaudRate  stm32g4xx_ll_usart.o
    0x080046bc   0x080046bc   0x0000001a   Code   RO         1135    .text.LL_USART_SetHWFlowCtrl  stm32g4xx_ll_usart.o
    0x080046d6   0x080046d6   0x00000002   PAD
    0x080046d8   0x080046d8   0x0000001c   Code   RO         1139    .text.LL_USART_SetPrescaler  stm32g4xx_ll_usart.o
    0x080046f4   0x080046f4   0x00000032   Code   RO         2089    .text.LL_USART_SetRXFIFOThreshold  hdl_g4_uart.o
    0x08004726   0x08004726   0x00000002   PAD
    0x08004728   0x08004728   0x0000001a   Code   RO         1133    .text.LL_USART_SetStopBitsLength  stm32g4xx_ll_usart.o
    0x08004742   0x08004742   0x00000002   PAD
    0x08004744   0x08004744   0x00000032   Code   RO         2087    .text.LL_USART_SetTXFIFOThreshold  hdl_g4_uart.o
    0x08004776   0x08004776   0x00000002   PAD
    0x08004778   0x08004778   0x00000014   Code   RO         2135    .text.LL_USART_TransmitData8  hdl_g4_uart.o
    0x0800478c   0x0800478c   0x000000e2   Code   RO         2183    .text.LPUART1_IRQHandler  hdl_g4_uart.o
    0x0800486e   0x0800486e   0x00000002   PAD
    0x08004870   0x08004870   0x0000014e   Code   RO           71    .text.MX_GPIO_Init  gpio.o
    0x080049be   0x080049be   0x00000002   PAD
    0x080049c0   0x080049c0   0x00000014   Code   RO          106    .text.MemManage_Handler  stm32g4xx_it.o
    0x080049d4   0x080049d4   0x00000004   Code   RO          102    .text.NMI_Handler   stm32g4xx_it.o
    0x080049d8   0x080049d8   0x0000006c   Code   RO          876    .text.NVIC_EncodePriority  stm32g4xx_hal_cortex.o
    0x08004a44   0x08004a44   0x0000006c   Code   RO         2081    .text.NVIC_EncodePriority  hdl_g4_uart.o
    0x08004ab0   0x08004ab0   0x0000006c   Code   RO         2410    .text.NVIC_EncodePriority  hdl_g4_cpu_time.o
    0x08004b1c   0x08004b1c   0x00000002   Code   RO          116    .text.PendSV_Handler  stm32g4xx_it.o
    0x08004b1e   0x08004b1e   0x00000002   PAD
    0x08004b20   0x08004b20   0x00000026   Code   RO         2723    .text.QUEUE_PacketCreate  queue.o
    0x08004b46   0x08004b46   0x00000002   PAD
    0x08004b48   0x08004b48   0x00000072   Code   RO         2725    .text.QUEUE_PacketIn  queue.o
    0x08004bba   0x08004bba   0x00000002   PAD
    0x08004bbc   0x08004bbc   0x00000082   Code   RO         2727    .text.QUEUE_PacketOut  queue.o
    0x08004c3e   0x08004c3e   0x00000002   PAD
    0x08004c40   0x08004c40   0x0000002a   Code   RO         1022    .text.RCC_GetHCLKClockFreq  stm32g4xx_ll_rcc.o
    0x08004c6a   0x08004c6a   0x00000002   PAD
    0x08004c6c   0x08004c6c   0x00000028   Code   RO         1024    .text.RCC_GetPCLK1ClockFreq  stm32g4xx_ll_rcc.o
    0x08004c94   0x08004c94   0x00000028   Code   RO         1026    .text.RCC_GetPCLK2ClockFreq  stm32g4xx_ll_rcc.o
    0x08004cbc   0x08004cbc   0x00000054   Code   RO         1020    .text.RCC_GetSystemClockFreq  stm32g4xx_ll_rcc.o
    0x08004d10   0x08004d10   0x0000007c   Code   RO         1092    .text.RCC_PLL_GetFreqDomain_SYS  stm32g4xx_ll_rcc.o
    0x08004d8c   0x08004d8c   0x00000002   Code   RO          112    .text.SVC_Handler   stm32g4xx_it.o
    0x08004d8e   0x08004d8e   0x00000002   PAD
    0x08004d90   0x08004d90   0x0000001c   Code   RO         3300    .text.Sensor_Queue_Init  app_main.o
    0x08004dac   0x08004dac   0x00000052   Code   RO          892    .text.SysTick_Config  stm32g4xx_hal_cortex.o
    0x08004dfe   0x08004dfe   0x00000002   PAD
    0x08004e00   0x08004e00   0x00000008   Code   RO          118    .text.SysTick_Handler  stm32g4xx_it.o
    0x08004e08   0x08004e08   0x0000011e   Code   RO           13    .text.SystemClock_Config  main.o
    0x08004f26   0x08004f26   0x00000002   PAD
    0x08004f28   0x08004f28   0x00000012   Code   RO         1994    .text.SystemInit    system_stm32g4xx.o
    0x08004f3a   0x08004f3a   0x00000002   PAD
    0x08004f3c   0x08004f3c   0x0000004c   Code   RO         2454    .text.TIM1_UP_TIM16_IRQHandler  hdl_g4_cpu_time.o
    0x08004f88   0x08004f88   0x00000130   Code   RO         2460    .text.TIM2_IRQHandler  hdl_g4_cpu_time.o
    0x080050b8   0x080050b8   0x000000e2   Code   RO         2179    .text.UART4_IRQHandler  hdl_g4_uart.o
    0x0800519a   0x0800519a   0x00000002   PAD
    0x0800519c   0x0800519c   0x000000e2   Code   RO         2181    .text.UART5_IRQHandler  hdl_g4_uart.o
    0x0800527e   0x0800527e   0x00000002   PAD
    0x08005280   0x08005280   0x0000017c   Code   RO         2153    .text.USART1_IRQHandler  hdl_g4_uart.o
    0x080053fc   0x080053fc   0x0000017c   Code   RO         2175    .text.USART2_IRQHandler  hdl_g4_uart.o
    0x08005578   0x08005578   0x000000e2   Code   RO         2177    .text.USART3_IRQHandler  hdl_g4_uart.o
    0x0800565a   0x0800565a   0x00000002   PAD
    0x0800565c   0x0800565c   0x000006b2   Code   RO         2071    .text.Uart_Init     hdl_g4_uart.o
    0x08005d0e   0x08005d0e   0x00000002   PAD
    0x08005d10   0x08005d10   0x000000aa   Code   RO         2145    .text.Uart_Read     hdl_g4_uart.o
    0x08005dba   0x08005dba   0x00000002   PAD
    0x08005dbc   0x08005dbc   0x00000332   Code   RO         2129    .text.Uart_Write    hdl_g4_uart.o
    0x080060ee   0x080060ee   0x00000002   PAD
    0x080060f0   0x080060f0   0x00000014   Code   RO          110    .text.UsageFault_Handler  stm32g4xx_it.o
    0x08006104   0x08006104   0x00000030   Code   RO         2085    .text.__NVIC_EnableIRQ  hdl_g4_uart.o
    0x08006134   0x08006134   0x00000030   Code   RO         2414    .text.__NVIC_EnableIRQ  hdl_g4_cpu_time.o
    0x08006164   0x08006164   0x00000010   Code   RO          872    .text.__NVIC_GetPriorityGrouping  stm32g4xx_hal_cortex.o
    0x08006174   0x08006174   0x00000010   Code   RO         2083    .text.__NVIC_GetPriorityGrouping  hdl_g4_uart.o
    0x08006184   0x08006184   0x00000010   Code   RO         2412    .text.__NVIC_GetPriorityGrouping  hdl_g4_cpu_time.o
    0x08006194   0x08006194   0x00000042   Code   RO          874    .text.__NVIC_SetPriority  stm32g4xx_hal_cortex.o
    0x080061d6   0x080061d6   0x00000002   PAD
    0x080061d8   0x080061d8   0x00000042   Code   RO         2079    .text.__NVIC_SetPriority  hdl_g4_uart.o
    0x0800621a   0x0800621a   0x00000002   PAD
    0x0800621c   0x0800621c   0x00000042   Code   RO         2408    .text.__NVIC_SetPriority  hdl_g4_cpu_time.o
    0x0800625e   0x0800625e   0x00000002   PAD
    0x08006260   0x08006260   0x0000003c   Code   RO          868    .text.__NVIC_SetPriorityGrouping  stm32g4xx_hal_cortex.o
    0x0800629c   0x0800629c   0x0000000c   Code   RO         3470    .text.__get_adapter  at_chat.o
    0x080062a8   0x080062a8   0x00000024   Code   RO         3542    .text.__list_add    at_chat.o
    0x080062cc   0x080062cc   0x00000016   Code   RO         3532    .text.__list_del    at_chat.o
    0x080062e2   0x080062e2   0x00000002   PAD
    0x080062e4   0x080062e4   0x00000046   Code   RO         3472    .text.add_work_item  at_chat.o
    0x0800632a   0x0800632a   0x00000002   PAD
    0x0800632c   0x0800632c   0x0000014c   Code   RO         3075    .text.applib_dt_dayindex  mytime.o
    0x08006478   0x08006478   0x0000008c   Code   RO         3031    .text.applib_dt_is_leap_year  mtime.o
    0x08006504   0x08006504   0x00000088   Code   RO         3033    .text.applib_dt_last_day_of_mon  mtime.o
    0x0800658c   0x0800658c   0x0000003c   Code   RO         3159    .text.at_callback   bfl_4g_task.o
    0x080065c8   0x080065c8   0x00000032   Code   RO         3171    .text.at_cfun_callback  bfl_4g_task.o
    0x080065fa   0x080065fa   0x00000002   PAD
    0x080065fc   0x080065fc   0x00000050   Code   RO         3173    .text.at_cfun_task_send  bfl_4g_task.o
    0x0800664c   0x0800664c   0x00000048   Code   RO         3179    .text.at_cgact_task_send  bfl_4g_task.o
    0x08006694   0x08006694   0x0000003c   Code   RO         3175    .text.at_cgdcont_callback  bfl_4g_task.o
    0x080066d0   0x080066d0   0x00000056   Code   RO         3177    .text.at_cgdcont_task_send  bfl_4g_task.o
    0x08006726   0x08006726   0x00000002   PAD
    0x08006728   0x08006728   0x0000014e   Code   RO         3195    .text.at_clk_callback  bfl_4g_task.o
    0x08006876   0x08006876   0x00000002   PAD
    0x08006878   0x08006878   0x00000058   Code   RO         3197    .text.at_clk_task_send  bfl_4g_task.o
    0x080068d0   0x080068d0   0x00000038   Code   RO         3454    .text.at_core_free  at_chat.o
    0x08006908   0x08006908   0x00000078   Code   RO         3424    .text.at_core_malloc  at_chat.o
    0x08006980   0x08006980   0x00000032   Code   RO         3163    .text.at_cpin_q_callback  bfl_4g_task.o
    0x080069b2   0x080069b2   0x00000002   PAD
    0x080069b4   0x080069b4   0x00000058   Code   RO         3165    .text.at_cpin_q_task_send  bfl_4g_task.o
    0x08006a0c   0x08006a0c   0x00000032   Code   RO         3167    .text.at_creg_q_callback  bfl_4g_task.o
    0x08006a3e   0x08006a3e   0x00000002   PAD
    0x08006a40   0x08006a40   0x00000058   Code   RO         3169    .text.at_creg_q_task_send  bfl_4g_task.o
    0x08006a98   0x08006a98   0x0000003a   Code   RO         3231    .text.at_curr_callback  bfl_4g_task.o
    0x08006ad2   0x08006ad2   0x00000002   PAD
    0x08006ad4   0x08006ad4   0x00000016   Code   RO         3153    .text.at_device_read  bfl_4g_task.o
    0x08006aea   0x08006aea   0x00000002   PAD
    0x08006aec   0x08006aec   0x00000016   Code   RO         3151    .text.at_device_write  bfl_4g_task.o
    0x08006b02   0x08006b02   0x00000002   PAD
    0x08006b04   0x08006b04   0x00000034   Code   RO         3474    .text.at_exec_cmd   at_chat.o
    0x08006b38   0x08006b38   0x000000a6   Code   RO         3468    .text.at_exec_vcmd  at_chat.o
    0x08006bde   0x08006bde   0x00000002   PAD
    0x08006be0   0x08006be0   0x00000026   Code   RO         3444    .text.at_finish     at_chat.o
    0x08006c06   0x08006c06   0x00000002   PAD
    0x08006c08   0x08006c08   0x00000010   Code   RO         3578    .text.at_free       at_port.o
    0x08006c18   0x08006c18   0x00000008   Code   RO         3580    .text.at_get_ms     at_port.o
    0x08006c20   0x08006c20   0x0000002c   Code   RO         3430    .text.at_is_timeout  at_chat.o
    0x08006c4c   0x08006c4c   0x00000040   Code   RO         3442    .text.at_isabort    at_chat.o
    0x08006c8c   0x08006c8c   0x00000022   Code   RO         3488    .text.at_lock       at_chat.o
    0x08006cae   0x08006cae   0x00000002   PAD
    0x08006cb0   0x08006cb0   0x00000010   Code   RO         3576    .text.at_malloc     at_port.o
    0x08006cc0   0x08006cc0   0x00000050   Code   RO         3448    .text.at_next_wait  at_chat.o
    0x08006d10   0x08006d10   0x0000015a   Code   RO         3422    .text.at_obj_create  at_chat.o
    0x08006e6a   0x08006e6a   0x00000002   PAD
    0x08006e6c   0x08006e6c   0x0000005e   Code   RO         3428    .text.at_obj_destroy  at_chat.o
    0x08006eca   0x08006eca   0x00000002   PAD
    0x08006ecc   0x08006ecc   0x00000046   Code   RO         3516    .text.at_obj_process  at_chat.o
    0x08006f12   0x08006f12   0x00000002   PAD
    0x08006f14   0x08006f14   0x00000010   Code   RO         3450    .text.at_obj_set_curr_at_cb  at_chat.o
    0x08006f24   0x08006f24   0x00000024   Code   RO         3416    .text.at_obj_set_urc  at_chat.o
    0x08006f48   0x08006f48   0x0000003a   Code   RO         3185    .text.at_qicfg_callback  bfl_4g_task.o
    0x08006f82   0x08006f82   0x00000002   PAD
    0x08006f84   0x08006f84   0x00000048   Code   RO         3191    .text.at_qicfg_close_task_send  bfl_4g_task.o
    0x08006fcc   0x08006fcc   0x00000048   Code   RO         3193    .text.at_qicfg_dataformat_task_send  bfl_4g_task.o
    0x08007014   0x08007014   0x00000050   Code   RO         3187    .text.at_qicfg_task_send  bfl_4g_task.o
    0x08007064   0x08007064   0x00000042   Code   RO         3181    .text.at_qicsgp_callback  bfl_4g_task.o
    0x080070a6   0x080070a6   0x00000002   PAD
    0x080070a8   0x080070a8   0x00000058   Code   RO         3183    .text.at_qicsgp_task_send  bfl_4g_task.o
    0x08007100   0x08007100   0x000000be   Code   RO         3203    .text.at_qiopen_callback  bfl_4g_task.o
    0x080071be   0x080071be   0x00000002   PAD
    0x080071c0   0x080071c0   0x0000009e   Code   RO         3205    .text.at_qiopen_task_send  bfl_4g_task.o
    0x0800725e   0x0800725e   0x00000002   PAD
    0x08007260   0x08007260   0x00000014   Code   RO         3207    .text.at_qiopen_task_send_  bfl_4g_task.o
    0x08007274   0x08007274   0x0000004c   Code   RO         3199    .text.at_qisde_task_send  bfl_4g_task.o
    0x080072c0   0x080072c0   0x00000014   Code   RO         3201    .text.at_qisde_task_send_  bfl_4g_task.o
    0x080072d4   0x080072d4   0x000000bc   Code   RO         3215    .text.at_qisend_callback  bfl_4g_task.o
    0x08007390   0x08007390   0x0000006c   Code   RO         3217    .text.at_qisend_task_send  bfl_4g_task.o
    0x080073fc   0x080073fc   0x00000014   Code   RO         3219    .text.at_qisend_task_send_  bfl_4g_task.o
    0x08007410   0x08007410   0x00000060   Code   RO         3209    .text.at_qiswtmd_callback  bfl_4g_task.o
    0x08007470   0x08007470   0x00000072   Code   RO         3211    .text.at_qiswtmd_task_send  bfl_4g_task.o
    0x080074e2   0x080074e2   0x00000002   PAD
    0x080074e4   0x080074e4   0x00000014   Code   RO         3213    .text.at_qiswtmd_task_send_  bfl_4g_task.o
    0x080074f8   0x080074f8   0x0000001e   Code   RO         3446    .text.at_reset_timer  at_chat.o
    0x08007516   0x08007516   0x00000002   PAD
    0x08007518   0x08007518   0x000000aa   Code   RO         3524    .text.at_send_line  at_chat.o
    0x080075c2   0x080075c2   0x00000002   PAD
    0x080075c4   0x080075c4   0x0000002c   Code   RO         3482    .text.at_send_multiline  at_chat.o
    0x080075f0   0x080075f0   0x0000002c   Code   RO         3480    .text.at_send_singlline  at_chat.o
    0x0800761c   0x0800761c   0x0000004c   Code   RO         3243    .text.at_socket_ucr_handler  bfl_4g_task.o
    0x08007668   0x08007668   0x00000046   Code   RO         3155    .text.at_task_delay  bfl_4g_task.o
    0x080076ae   0x080076ae   0x00000002   PAD
    0x080076b0   0x080076b0   0x00000050   Code   RO         3161    .text.at_task_send  bfl_4g_task.o
    0x08007700   0x08007700   0x00000022   Code   RO         3494    .text.at_unlock     at_chat.o
    0x08007722   0x08007722   0x00000002   PAD
    0x08007724   0x08007724   0x0000012c   Code   RO         3522    .text.at_work_process  at_chat.o
    0x08007850   0x08007850   0x0000002a   Code   RO         3058    .text.cqueue_create  cqueue.o
    0x0800787a   0x0800787a   0x00000002   PAD
    0x0800787c   0x0800787c   0x00000092   Code   RO         3064    .text.cqueue_in     cqueue.o
    0x0800790e   0x0800790e   0x00000002   PAD
    0x08007910   0x08007910   0x0000013e   Code   RO         3534    .text.create_work_item  at_chat.o
    0x08007a4e   0x08007a4e   0x00000002   PAD
    0x08007a50   0x08007a50   0x000001f6   Code   RO         3562    .text.do_at_callback  at_chat.o
    0x08007c46   0x08007c46   0x00000002   PAD
    0x08007c48   0x08007c48   0x00000292   Code   RO         3554    .text.do_cmd_handler  at_chat.o
    0x08007eda   0x08007eda   0x00000002   PAD
    0x08007edc   0x08007edc   0x00000048   Code   RO         3552    .text.do_work_handler  at_chat.o
    0x08007f24   0x08007f24   0x0000001c   Code   RO         3440    .text.find_substr   at_chat.o
    0x08007f40   0x08007f40   0x00000098   Code   RO         3420    .text.find_urc_item  at_chat.o
    0x08007fd8   0x08007fd8   0x00000016   Code   RO         3438    .text.get_recv_count  at_chat.o
    0x08007fee   0x08007fee   0x00000002   PAD
    0x08007ff0   0x08007ff0   0x00000014   Code   RO         3434    .text.get_recvbuf   at_chat.o
    0x08008004   0x08008004   0x00000016   Code   RO         3540    .text.list_add_tail  at_chat.o
    0x0800801a   0x0800801a   0x00000002   PAD
    0x0800801c   0x0800801c   0x0000006e   Code   RO         3528    .text.list_del      at_chat.o
    0x0800808a   0x0800808a   0x00000002   PAD
    0x0800808c   0x0800808c   0x00000014   Code   RO         3458    .text.list_empty    at_chat.o
    0x080080a0   0x080080a0   0x0000001c   Code   RO           11    .text.main          main.o
    0x080080bc   0x080080bc   0x0000006a   Code   RO         3560    .text.match_info_init  at_chat.o
    0x08008126   0x08008126   0x00000002   PAD
    0x08008128   0x08008128   0x000000ce   Code   RO         3039    .text.mtime_2_utc_sec  mtime.o
    0x080081f6   0x080081f6   0x00000002   PAD
    0x080081f8   0x080081f8   0x0000014c   Code   RO         3035    .text.mtime_get_week  mtime.o
    0x08008344   0x08008344   0x0000014c   Code   RO         3037    .text.mtime_utc_sec_2_time  mtime.o
    0x08008490   0x08008490   0x00000094   Code   RO         3281    .text.my_com_logger  log.o
    0x08008524   0x08008524   0x000000ce   Code   RO         3079    .text.mytime_2_utc_sec  mytime.o
    0x080085f2   0x080085f2   0x00000002   PAD
    0x080085f4   0x080085f4   0x0000000a   Code   RO         3418    .text.obj_map       at_chat.o
    0x080085fe   0x080085fe   0x00000002   PAD
    0x08008600   0x08008600   0x0000002c   Code   RO         3432    .text.println       at_chat.o
    0x0800862c   0x0800862c   0x0000001a   Code   RO         3436    .text.recvbuf_clear  at_chat.o
    0x08008646   0x08008646   0x00000002   PAD
    0x08008648   0x08008648   0x00000014   Code   RO         3294    .text.releaseModbus1  app_main.o
    0x0800865c   0x0800865c   0x00000058   Code   RO         3520    .text.resp_recv_process  at_chat.o
    0x080086b4   0x080086b4   0x0000000e   Code   RO         2986    .text.sc_byte_buffer_clear  sc_byte_buffer.o
    0x080086c2   0x080086c2   0x00000002   PAD
    0x080086c4   0x080086c4   0x0000001e   Code   RO         2972    .text.sc_byte_buffer_init  sc_byte_buffer.o
    0x080086e2   0x080086e2   0x00000002   PAD
    0x080086e4   0x080086e4   0x0000003e   Code   RO         2978    .text.sc_byte_buffer_push  sc_byte_buffer.o
    0x08008722   0x08008722   0x00000002   PAD
    0x08008724   0x08008724   0x0000003c   Code   RO         2982    .text.sc_byte_buffer_push_data  sc_byte_buffer.o
    0x08008760   0x08008760   0x0000000c   Code   RO         2974    .text.sc_byte_buffer_size  sc_byte_buffer.o
    0x0800876c   0x0800876c   0x00000032   Code   RO         2922    .text.sc_list_add_tail  sc_list.o
    0x0800879e   0x0800879e   0x00000002   PAD
    0x080087a0   0x080087a0   0x00000022   Code   RO         2912    .text.sc_list_del   sc_list.o
    0x080087c2   0x080087c2   0x00000002   PAD
    0x080087c4   0x080087c4   0x00000010   Code   RO         2908    .text.sc_list_init  sc_list.o
    0x080087d4   0x080087d4   0x00000014   Code   RO         2914    .text.sc_list_is_empty  sc_list.o
    0x080087e8   0x080087e8   0x00000030   Code   RO         2928    .text.sc_list_pop_head  sc_list.o
    0x08008818   0x08008818   0x00000064   Code   RO         3558    .text.send_cmdline  at_chat.o
    0x0800887c   0x0800887c   0x0000001c   Code   RO         3526    .text.send_data     at_chat.o
    0x08008898   0x08008898   0x000001d0   Code   RO         3556    .text.send_multiline_handler  at_chat.o
    0x08008a68   0x08008a68   0x0000008a   Code   RO         3298    .text.setCalibrateTimeByUtcSecondsCb  app_main.o
    0x08008af2   0x08008af2   0x00000002   PAD
    0x08008af4   0x08008af4   0x000000ce   Code   RO         3245    .text.socket0_recv_handler  bfl_4g_task.o
    0x08008bc2   0x08008bc2   0x00000002   PAD
    0x08008bc4   0x08008bc4   0x0000000a   Code   RO         3247    .text.socket1_recv_handler  bfl_4g_task.o
    0x08008bce   0x08008bce   0x00000002   PAD
    0x08008bd0   0x08008bd0   0x0000000a   Code   RO         3249    .text.socket2_recv_handler  bfl_4g_task.o
    0x08008bda   0x08008bda   0x00000002   PAD
    0x08008bdc   0x08008bdc   0x00000052   Code   RO         3536    .text.sumit_work_item  at_chat.o
    0x08008c2e   0x08008c2e   0x00000002   PAD
    0x08008c30   0x08008c30   0x00000012   Code   RO         3589    .text.ulog_init     ulog.o
    0x08008c42   0x08008c42   0x00000002   PAD
    0x08008c44   0x08008c44   0x0000002c   Code   RO         3283    .text.ulog_init_user  log.o
    0x08008c70   0x08008c70   0x00000088   Code   RO         3595    .text.ulog_level_name  ulog.o
    0x08008cf8   0x08008cf8   0x00000094   Code   RO         3597    .text.ulog_message  ulog.o
    0x08008d8c   0x08008d8c   0x000000ae   Code   RO         3591    .text.ulog_subscribe  ulog.o
    0x08008e3a   0x08008e3a   0x00000002   PAD
    0x08008e3c   0x08008e3c   0x0000005c   Code   RO         3492    .text.update_work_state  at_chat.o
    0x08008e98   0x08008e98   0x00000100   Code   RO         3548    .text.urc_handler_entry  at_chat.o
    0x08008f98   0x08008f98   0x00000184   Code   RO         3518    .text.urc_recv_process  at_chat.o
    0x0800911c   0x0800911c   0x00000028   Code   RO         3546    .text.urc_reset     at_chat.o
    0x08009144   0x08009144   0x00000090   Code   RO         3544    .text.urc_timeout_process  at_chat.o
    0x080091d4   0x080091d4   0x0000014c   Code   RO         3077    .text.utc_sec_2_mytime  mytime.o
    0x08009320   0x08009320   0x00000028   Code   RO         3538    .text.work_item_create  at_chat.o
    0x08009348   0x08009348   0x0000001e   Code   RO         3530    .text.work_item_destroy  at_chat.o
    0x08009366   0x08009366   0x00000002   PAD
    0x08009368   0x08009368   0x0000004e   Code   RO         3452    .text.work_item_destroy_all  at_chat.o
    0x080093b6   0x080093b6   0x00000002   PAD
    0x080093b8   0x080093b8   0x00000062   Code   RO         3550    .text.work_item_recycle  at_chat.o
    0x0800941a   0x0800941a   0x00000002   PAD
    0x0800941c   0x0800941c   0x00000028   Code   RO         3637    i.__0sprintf        mc_w.l(printfa.o)
    0x08009444   0x08009444   0x00000034   Code   RO         3640    i.__0vsnprintf      mc_w.l(printfa.o)
    0x08009478   0x08009478   0x00000008   Code   RO         3773    i.__aeabi_errno_addr  mc_w.l(errno.o)
    0x08009480   0x08009480   0x0000000e   Code   RO         3864    i.__scatterload_copy  mc_w.l(handlers.o)
    0x0800948e   0x0800948e   0x00000002   Code   RO         3865    i.__scatterload_null  mc_w.l(handlers.o)
    0x08009490   0x08009490   0x0000000e   Code   RO         3866    i.__scatterload_zeroinit  mc_w.l(handlers.o)
    0x0800949e   0x0800949e   0x00000002   PAD
    0x080094a0   0x080094a0   0x00000184   Code   RO         3642    i._fp_digits        mc_w.l(printfa.o)
    0x08009624   0x08009624   0x0000000e   Code   RO         3788    i._is_digit         mc_w.l(scanf_fp.o)
    0x08009632   0x08009632   0x00000002   PAD
    0x08009634   0x08009634   0x000006dc   Code   RO         3643    i._printf_core      mc_w.l(printfa.o)
    0x08009d10   0x08009d10   0x00000024   Code   RO         3644    i._printf_post_padding  mc_w.l(printfa.o)
    0x08009d34   0x08009d34   0x0000002e   Code   RO         3645    i._printf_pre_padding  mc_w.l(printfa.o)
    0x08009d62   0x08009d62   0x00000016   Code   RO         3646    i._snputc           mc_w.l(printfa.o)
    0x08009d78   0x08009d78   0x0000000a   Code   RO         3647    i._sputc            mc_w.l(printfa.o)
    0x08009d82   0x08009d82   0x00000002   PAD
    0x08009d84   0x08009d84   0x00000050   Code   RO         3662    i.free              mc_w.l(malloc.o)
    0x08009dd4   0x08009dd4   0x0000006c   Code   RO         3663    i.malloc            mc_w.l(malloc.o)
    0x08009e40   0x08009e40   0x00000081   Data   RO         3817    .constdata          mc_w.l(ctype_o.o)
    0x08009ec1   0x08009ec1   0x00000003   PAD
    0x08009ec4   0x08009ec4   0x00000004   Data   RO         3818    .constdata          mc_w.l(ctype_o.o)
    0x08009ec8   0x08009ec8   0x00000014   Data   RO         3314    .rodata..L__const.APP_Main.loop_frq_test  app_main.o
    0x08009edc   0x08009edc   0x00000010   Data   RO         1999    .rodata.AHBPrescTable  system_stm32g4xx.o
    0x08009eec   0x08009eec   0x00000008   Data   RO         2000    .rodata.APBPrescTable  system_stm32g4xx.o
    0x08009ef4   0x08009ef4   0x00000018   Data   RO          996    .rodata.LPUART_PRESCALER_TAB  stm32g4xx_ll_lpuart.o
    0x08009f0c   0x08009f0c   0x00000030   Data   RO         1147    .rodata.USART_PRESCALER_TAB  stm32g4xx_ll_usart.o
    0x08009f3c   0x08009f3c   0x0000001c   Data   RO         3270    .rodata.at_adapter  bfl_4g_task.o
    0x08009f58   0x08009f58   0x00000018   Data   RO         3564    .rodata.at_def_attr  at_chat.o
    0x08009f70   0x08009f70   0x0000000c   Data   RO         3049    .rodata.g_day_per_mon  mtime.o
    0x08009f7c   0x08009f7c   0x00000048   Data   RO          126    .rodata.str1.1      stm32g4xx_it.o
    0x08009fc4   0x08009fc4   0x00000009   Data   RO         3139    .rodata.str1.1      bfl_4g.o
    0x08009fcd   0x08009fcd   0x000005ff   Data   RO         3257    .rodata.str1.1      bfl_4g_task.o
    0x0800a5cc   0x0800a5cc   0x00000028   Data   RO         3286    .rodata.str1.1      log.o
    0x0800a5f4   0x0800a5f4   0x00000043   Data   RO         3311    .rodata.str1.1      app_main.o
    0x0800a637   0x0800a637   0x000001da   Data   RO         3565    .rodata.str1.1      at_chat.o
    0x0800a811   0x0800a811   0x00000031   Data   RO         3600    .rodata.str1.1      ulog.o
    0x0800a842   0x0800a842   0x00000002   PAD
    0x0800a844   0x0800a844   0x00000018   Data   RO         3568    .rodata.work_handler_table  at_chat.o
    0x0800a85c   0x0800a85c   0x00000020   Data   RO         3863    Region$$Table       anon$$obj.o


    Execution Region RW_IRAM1 (Exec base: 0x20000000, Load base: 0x0800a880, Size: 0x00005b48, Max: 0x00020000, ABSOLUTE)

    Exec Addr    Load Addr    Size         Type   Attr      Idx    E Section Name        Object

    0x20000000   0x0800a880   0x00000004   Data   RW         3771    .data               mc_w.l(mvars.o)
    0x20000004   0x0800a884   0x00000004   Data   RW         3772    .data               mc_w.l(mvars.o)
    0x20000008   0x0800a888   0x00000004   Data   RW         3776    .data               mc_w.l(errno.o)
    0x2000000c   0x0800a88c   0x00000010   Data   RW         2199    .data.COM1_Dev      hdl_g4_uart.o
    0x2000001c   0x0800a89c   0x00000010   Data   RW         2200    .data.COM2_Dev      hdl_g4_uart.o
    0x2000002c   0x0800a8ac   0x00000010   Data   RW         2201    .data.COM3_Dev      hdl_g4_uart.o
    0x2000003c   0x0800a8bc   0x00000010   Data   RW         2202    .data.COM4_Dev      hdl_g4_uart.o
    0x2000004c   0x0800a8cc   0x00000010   Data   RW         2203    .data.COM5_Dev      hdl_g4_uart.o
    0x2000005c   0x0800a8dc   0x00000010   Data   RW         2204    .data.COM6_Dev      hdl_g4_uart.o
    0x2000006c   0x0800a8ec   0x00000004   Data   RW         1998    .data.SystemCoreClock  system_stm32g4xx.o
    0x20000070   0x0800a8f0   0x0000002c   Data   RW         3258    .data.at_qicfg_task_send.cmds  bfl_4g_task.o
    0x2000009c   0x0800a91c   0x00000004   Data   RW          451    .data.uwTickFreq    stm32g4xx_hal.o
    0x200000a0   0x0800a920   0x00000004   Data   RW          450    .data.uwTickPrio    stm32g4xx_hal.o
    0x200000a4   0x0800a924   0x00000004   PAD
    0x200000a8        -       0x00000014   Zero   RW         3312    .bss.Sensor_Queue   app_main.o
    0x200000bc        -       0x000003c0   Zero   RW         3313    .bss.Sensor_Queue_Buffer  app_main.o
    0x2000047c        -       0x000000c8   Zero   RW         3315    .bss._4G_rev_buf    app_main.o
    0x20000544        -       0x000005dc   Zero   RW         3317    .bss.aBuf           app_main.o
    0x20000b20        -       0x00000004   Zero   RW         3262    .bss.at_cfun_task   bfl_4g_task.o
    0x20000b24        -       0x00000004   Zero   RW         3264    .bss.at_cgact_task  bfl_4g_task.o
    0x20000b28        -       0x00000004   Zero   RW         3263    .bss.at_cgdcont_task  bfl_4g_task.o
    0x20000b2c        -       0x00000004   Zero   RW         3267    .bss.at_clk_task    bfl_4g_task.o
    0x20000b30        -       0x00000004   Zero   RW         3260    .bss.at_cpin_q_task  bfl_4g_task.o
    0x20000b34        -       0x00000004   Zero   RW         3261    .bss.at_creg_q_task  bfl_4g_task.o
    0x20000b38        -       0x00000004   Zero   RW         3567    .bss.at_cur_mem     at_chat.o
    0x20000b3c        -       0x00000004   Zero   RW         3566    .bss.at_max_mem     at_chat.o
    0x20000b40        -       0x00000400   Zero   RW         3271    .bss.at_output_buf  bfl_4g_task.o
    0x20000f40        -       0x00000004   Zero   RW         3268    .bss.at_qicfg_close_task  bfl_4g_task.o
    0x20000f44        -       0x00000004   Zero   RW         3269    .bss.at_qicfg_dataformat_task  bfl_4g_task.o
    0x20000f48        -       0x00000004   Zero   RW         3266    .bss.at_qicfg_task  bfl_4g_task.o
    0x20000f4c        -       0x00000004   Zero   RW         3265    .bss.at_qicsgp_task  bfl_4g_task.o
    0x20000f50        -       0x00000004   Zero   RW         3259    .bss.at_task        bfl_4g_task.o
    0x20000f54        -       0x00000101   Zero   RW         3285    .bss.buffer         log.o
    0x20001055   0x0800a924   0x00000003   PAD
    0x20001058        -       0x00000d48   Zero   RW         3138    .bss.context        bfl_4g.o
    0x20001da0        -       0x00000004   Zero   RW         2469    .bss.cpu_tick_callback  hdl_g4_cpu_time.o
    0x20001da4        -       0x000000c8   Zero   RW         2206    .bss.m_Com1RxBuf    hdl_g4_uart.o
    0x20001e6c        -       0x00000400   Zero   RW         2208    .bss.m_Com1TxBuf    hdl_g4_uart.o
    0x2000226c        -       0x00000400   Zero   RW         2210    .bss.m_Com2RxBuf    hdl_g4_uart.o
    0x2000266c        -       0x00000400   Zero   RW         2212    .bss.m_Com2TxBuf    hdl_g4_uart.o
    0x20002a6c        -       0x00000064   Zero   RW         2214    .bss.m_Com3RxBuf    hdl_g4_uart.o
    0x20002ad0        -       0x00000064   Zero   RW         2216    .bss.m_Com4RxBuf    hdl_g4_uart.o
    0x20002b34        -       0x000000c8   Zero   RW         2218    .bss.m_Com5RxBuf    hdl_g4_uart.o
    0x20002bfc        -       0x00000400   Zero   RW         2220    .bss.m_Com6RxBuf    hdl_g4_uart.o
    0x20002ffc        -       0x00000010   Zero   RW         2205    .bss.m_QueueCom1Rx  hdl_g4_uart.o
    0x2000300c        -       0x00000010   Zero   RW         2207    .bss.m_QueueCom1Tx  hdl_g4_uart.o
    0x2000301c        -       0x00000010   Zero   RW         2209    .bss.m_QueueCom2Rx  hdl_g4_uart.o
    0x2000302c        -       0x00000010   Zero   RW         2211    .bss.m_QueueCom2Tx  hdl_g4_uart.o
    0x2000303c        -       0x00000010   Zero   RW         2213    .bss.m_QueueCom3Rx  hdl_g4_uart.o
    0x2000304c        -       0x00000010   Zero   RW         2215    .bss.m_QueueCom4Rx  hdl_g4_uart.o
    0x2000305c        -       0x00000010   Zero   RW         2217    .bss.m_QueueCom5Rx  hdl_g4_uart.o
    0x2000306c        -       0x00000010   Zero   RW         2219    .bss.m_QueueCom6Rx  hdl_g4_uart.o
    0x2000307c        -       0x00000800   Zero   RW         3316    .bss.rtu_packet_buf  app_main.o
    0x2000387c        -       0x00000004   Zero   RW         2465    .bss.s_TIM_CallBack1  hdl_g4_cpu_time.o
    0x20003880        -       0x00000004   Zero   RW         2466    .bss.s_TIM_CallBack2  hdl_g4_cpu_time.o
    0x20003884        -       0x00000004   Zero   RW         2467    .bss.s_TIM_CallBack3  hdl_g4_cpu_time.o
    0x20003888        -       0x00000004   Zero   RW         2468    .bss.s_TIM_CallBack4  hdl_g4_cpu_time.o
    0x2000388c        -       0x00000078   Zero   RW         3601    .bss.s_message      ulog.o
    0x20003904        -       0x00000030   Zero   RW         3599    .bss.s_subscribers  ulog.o
    0x20003934        -       0x0000000c   Zero   RW         3310    .bss.sys            app_main.o
    0x20003940        -       0x00000004   Zero   RW         2464    .bss.uwCpuTick      hdl_g4_cpu_time.o
    0x20003944        -       0x00000004   Zero   RW          452    .bss.uwTick         stm32g4xx_hal.o
    0x20003948        -       0x00001100   Zero   RW            2    HEAP                startup_stm32g473xx.o
    0x20004a48        -       0x00001100   Zero   RW            1    STACK               startup_stm32g473xx.o


==============================================================================

Image component sizes


      Code (inc. data)   RO Data    RW Data    ZI Data      Debug   Object Name

       612          0         87          0       4740       6102   app_main.o
       912          4          0          0          0       5355   asynctasklist.o
      6032          0        522          0          8      20236   at_chat.o
        40          0          0          0          0        735   at_port.o
       362          0          9          0       3400       5771   bfl_4g.o
      4948          0       1563         44       1068      17357   bfl_4g_task.o
        82          0          0          0          0       3579   bfl_rtu_packet.o
       356          0          0          0          0       4495   chip_ec800m.o
       188          0          0          0          0       2197   cqueue.o
       384          0          0          0          0       2603   gpio.o
      1274          0          0          0         24      11059   hdl_g4_cpu_time.o
      1072          0          0          0          0       7373   hdl_g4_rtc.o
      5932         30          0         96       4824      19908   hdl_g4_uart.o
       276          0         40          0        257       2018   log.o
       806          0          0          0          0       9648   main.o
      1146          0         12          0          0       3468   mtime.o
       870          0          0          0          0       2822   mytime.o
       282          0          0          0          0       5837   queue.o
       178          0          0          0          0       2110   sc_byte_buffer.o
       168          0          0          0          0       2721   sc_list.o
        36          8        472          0       8704        828   startup_stm32g473xx.o
       210          0          0          8          4       8652   stm32g4xx_hal.o
       410          0          0          0          0       9678   stm32g4xx_hal_cortex.o
        72          0          0          0          0       1645   stm32g4xx_hal_msp.o
        18          0          0          0          0       7796   stm32g4xx_hal_pwr_ex.o
       104          0         72          0          0       1730   stm32g4xx_it.o
       874          0          0          0          0       5134   stm32g4xx_ll_gpio.o
       322          0         24          0          0       4100   stm32g4xx_ll_lpuart.o
      1346         18          0          0          0      11048   stm32g4xx_ll_rcc.o
      1354          0          0          0          0      10348   stm32g4xx_ll_rtc.o
       518          0          0          0          0      10793   stm32g4xx_ll_tim.o
       556          0         48          0          0       5199   stm32g4xx_ll_usart.o
        20          0          0          0          0       7929   stm32g4xx_ll_utils.o
        18          0         24          4          0       2696   system_stm32g4xx.o
       476          8         49          0        168       2472   ulog.o

    ----------------------------------------------------------------------
     32628         68       2956        152      23204     225442   Object Totals
         0          0         32          0          0          0   (incl. Generated)
       374          0          2          0          7          0   (incl. Padding)

    ----------------------------------------------------------------------

      Code (inc. data)   RO Data    RW Data    ZI Data      Debug   Library Member Name

        28          0          0          0          0         68   _chval.o
       812          4          0          0          0        112   _scanf.o
       332          0          0          0          0         96   _scanf_int.o
       342          0          0          0          0        100   _scanf_longlong.o
       224          0          0          0          0         96   _scanf_str.o
        64          0          0          0          0         84   _sgetc.o
       158          0          0          0          0         92   _strtoul.o
        26          0          0          0          0         80   atoi.o
         8          4        133          0          0         68   ctype_o.o
         0          0          0          0          0          0   entry.o
         0          0          0          0          0          0   entry10a.o
         0          0          0          0          0          0   entry11a.o
         8          4          0          0          0          0   entry2.o
         4          0          0          0          0          0   entry5.o
         0          0          0          0          0          0   entry7b.o
         0          0          0          0          0          0   entry8b.o
         8          4          0          0          0          0   entry9a.o
         8          4          0          4          0         68   errno.o
        30          0          0          0          0          0   handlers.o
        48         10          0          0          0         68   init.o
        18          0          0          0          0         76   isspace_o.o
         0          0          0          0          0          0   iusefp.o
        30          0          0          0          0         68   llshl.o
        36          0          0          0          0         68   llsshr.o
        32          0          0          0          0         68   llushr.o
       188         20          0          0          0        160   malloc.o
        36          0          0          0          0         68   memcpya.o
        36          0          0          0          0        108   memseta.o
         0          0          0          8          0          0   mvars.o
      2350         92          0          0          0        668   printfa.o
        40          8          0          0          0         84   scanf_char.o
       878         12          0          0          0        216   scanf_fp.o
        56          8          0          0          0         84   sscanf.o
        20          0          0          0          0         68   strchr.o
        14          0          0          0          0         68   strlen.o
        24          0          0          0          0         76   strncpy.o
        36          0          0          0          0         80   strstr.o
       112          0          0          0          0         88   strtol.o
        44          0          0          0          0         80   uidiv.o
        98          0          0          0          0         92   uldiv.o
        48          0          0          0          0         68   cdrcmple.o
        56          0          0          0          0         88   d2f.o
       334          0          0          0          0        148   dadd.o
       222          0          0          0          0        100   ddiv.o
       186          0          0          0          0        176   depilogue.o
        48          0          0          0          0         68   dfixul.o
        24          0          0          0          0         76   dfltul.o
       228          0          0          0          0         96   dmul.o
       110          0          0          0          0        168   fepilogue.o

    ----------------------------------------------------------------------
      7412        170        136         12          0       4140   Library Totals
         8          0          3          0          0          0   (incl. Padding)

    ----------------------------------------------------------------------

      Code (inc. data)   RO Data    RW Data    ZI Data      Debug   Library Name

      6148        170        133         12          0       3152   mc_w.l
      1256          0          0          0          0        988   mf_w.l

    ----------------------------------------------------------------------
      7412        170        136         12          0       4140   Library Totals

    ----------------------------------------------------------------------

==============================================================================


      Code (inc. data)   RO Data    RW Data    ZI Data      Debug   

     40040        238       3092        164      23204     226890   Grand Totals
     40040        238       3092        164      23204     226890   ELF Image Totals
     40040        238       3092        164          0          0   ROM Totals

==============================================================================

    Total RO  Size (Code + RO Data)                43132 (  42.12kB)
    Total RW  Size (RW Data + ZI Data)             23368 (  22.82kB)
    Total ROM Size (Code + RO Data + RW Data)      43296 (  42.28kB)

==============================================================================

