<!doctype html public "-//w3c//dtd html 4.0 transitional//en">
<html><head>
<title>Static Call Graph - [..\build\0021.axf]</title></head>
<body><HR>
<H1>Static Call Graph for image ..\build\0021.axf</H1><HR>
<BR><P>#&#060CALLGRAPH&#062# ARM Linker, 6220000: Last Updated: Tue Apr 30 14:21:07 2024
<BR><P>
<H3>Maximum Stack Usage =       1040 bytes + Unknown(Cycles, Untraceable Function Pointers)</H3><H3>
Call chain for Maximum Stack Depth:</H3>
main &rArr; APP_Main &rArr; BFL_4G_Init &rArr; BFL_4G_AsyncTaskExecContext_Init &rArr; CHIP_EC800M_Init &rArr; Uart_Init &rArr; LL_USART_Init &rArr; LL_RCC_GetUSARTClockFreq &rArr; RCC_GetSystemClockFreq &rArr; RCC_PLL_GetFreqDomain_SYS
<P>
<H3>
Mutually Recursive functions
</H3> <LI><a href="#[39]">ADC3_IRQHandler</a>&nbsp;&nbsp;&nbsp;&rArr;&nbsp;&nbsp;&nbsp;<a href="#[39]">ADC3_IRQHandler</a><BR>
</UL>
<P>
<H3>
Function Pointers
</H3><UL>
 <LI><a href="#[1c]">ADC1_2_IRQHandler</a> from stm32g4xx_it.o(.text.ADC1_2_IRQHandler) referenced from startup_stm32g473xx.o(RESET)
 <LI><a href="#[39]">ADC3_IRQHandler</a> from startup_stm32g473xx.o(.text) referenced from startup_stm32g473xx.o(RESET)
 <LI><a href="#[47]">ADC4_IRQHandler</a> from startup_stm32g473xx.o(.text) referenced from startup_stm32g473xx.o(RESET)
 <LI><a href="#[48]">ADC5_IRQHandler</a> from startup_stm32g473xx.o(.text) referenced from startup_stm32g473xx.o(RESET)
 <LI><a href="#[4]">BusFault_Handler</a> from stm32g4xx_it.o(.text.BusFault_Handler) referenced from startup_stm32g473xx.o(RESET)
 <LI><a href="#[4a]">COMP1_2_3_IRQHandler</a> from startup_stm32g473xx.o(.text) referenced from startup_stm32g473xx.o(RESET)
 <LI><a href="#[4b]">COMP4_5_6_IRQHandler</a> from startup_stm32g473xx.o(.text) referenced from startup_stm32g473xx.o(RESET)
 <LI><a href="#[4c]">COMP7_IRQHandler</a> from startup_stm32g473xx.o(.text) referenced from startup_stm32g473xx.o(RESET)
 <LI><a href="#[65]">CORDIC_IRQHandler</a> from startup_stm32g473xx.o(.text) referenced from startup_stm32g473xx.o(RESET)
 <LI><a href="#[4d]">CRS_IRQHandler</a> from startup_stm32g473xx.o(.text) referenced from startup_stm32g473xx.o(RESET)
 <LI><a href="#[15]">DMA1_Channel1_IRQHandler</a> from stm32g4xx_it.o(.text.DMA1_Channel1_IRQHandler) referenced from startup_stm32g473xx.o(RESET)
 <LI><a href="#[16]">DMA1_Channel2_IRQHandler</a> from stm32g4xx_it.o(.text.DMA1_Channel2_IRQHandler) referenced from startup_stm32g473xx.o(RESET)
 <LI><a href="#[17]">DMA1_Channel3_IRQHandler</a> from startup_stm32g473xx.o(.text) referenced from startup_stm32g473xx.o(RESET)
 <LI><a href="#[18]">DMA1_Channel4_IRQHandler</a> from startup_stm32g473xx.o(.text) referenced from startup_stm32g473xx.o(RESET)
 <LI><a href="#[19]">DMA1_Channel5_IRQHandler</a> from startup_stm32g473xx.o(.text) referenced from startup_stm32g473xx.o(RESET)
 <LI><a href="#[1a]">DMA1_Channel6_IRQHandler</a> from startup_stm32g473xx.o(.text) referenced from startup_stm32g473xx.o(RESET)
 <LI><a href="#[1b]">DMA1_Channel7_IRQHandler</a> from startup_stm32g473xx.o(.text) referenced from startup_stm32g473xx.o(RESET)
 <LI><a href="#[61]">DMA1_Channel8_IRQHandler</a> from startup_stm32g473xx.o(.text) referenced from startup_stm32g473xx.o(RESET)
 <LI><a href="#[42]">DMA2_Channel1_IRQHandler</a> from startup_stm32g473xx.o(.text) referenced from startup_stm32g473xx.o(RESET)
 <LI><a href="#[43]">DMA2_Channel2_IRQHandler</a> from startup_stm32g473xx.o(.text) referenced from startup_stm32g473xx.o(RESET)
 <LI><a href="#[44]">DMA2_Channel3_IRQHandler</a> from startup_stm32g473xx.o(.text) referenced from startup_stm32g473xx.o(RESET)
 <LI><a href="#[45]">DMA2_Channel4_IRQHandler</a> from startup_stm32g473xx.o(.text) referenced from startup_stm32g473xx.o(RESET)
 <LI><a href="#[46]">DMA2_Channel5_IRQHandler</a> from startup_stm32g473xx.o(.text) referenced from startup_stm32g473xx.o(RESET)
 <LI><a href="#[62]">DMA2_Channel6_IRQHandler</a> from startup_stm32g473xx.o(.text) referenced from startup_stm32g473xx.o(RESET)
 <LI><a href="#[63]">DMA2_Channel7_IRQHandler</a> from startup_stm32g473xx.o(.text) referenced from startup_stm32g473xx.o(RESET)
 <LI><a href="#[64]">DMA2_Channel8_IRQHandler</a> from startup_stm32g473xx.o(.text) referenced from startup_stm32g473xx.o(RESET)
 <LI><a href="#[5f]">DMAMUX_OVR_IRQHandler</a> from startup_stm32g473xx.o(.text) referenced from startup_stm32g473xx.o(RESET)
 <LI><a href="#[7]">DebugMon_Handler</a> from stm32g4xx_it.o(.text.DebugMon_Handler) referenced from startup_stm32g473xx.o(RESET)
 <LI><a href="#[9c]">Debug_Printf</a> from log.o(.text.Debug_Printf) referenced from bfl_4g_task.o(.rodata.at_adapter)
 <LI><a href="#[10]">EXTI0_IRQHandler</a> from startup_stm32g473xx.o(.text) referenced from startup_stm32g473xx.o(RESET)
 <LI><a href="#[32]">EXTI15_10_IRQHandler</a> from chip_ec800m.o(.text.EXTI15_10_IRQHandler) referenced from startup_stm32g473xx.o(RESET)
 <LI><a href="#[11]">EXTI1_IRQHandler</a> from startup_stm32g473xx.o(.text) referenced from startup_stm32g473xx.o(RESET)
 <LI><a href="#[12]">EXTI2_IRQHandler</a> from startup_stm32g473xx.o(.text) referenced from startup_stm32g473xx.o(RESET)
 <LI><a href="#[13]">EXTI3_IRQHandler</a> from startup_stm32g473xx.o(.text) referenced from startup_stm32g473xx.o(RESET)
 <LI><a href="#[14]">EXTI4_IRQHandler</a> from startup_stm32g473xx.o(.text) referenced from startup_stm32g473xx.o(RESET)
 <LI><a href="#[21]">EXTI9_5_IRQHandler</a> from startup_stm32g473xx.o(.text) referenced from startup_stm32g473xx.o(RESET)
 <LI><a href="#[1f]">FDCAN1_IT0_IRQHandler</a> from startup_stm32g473xx.o(.text) referenced from startup_stm32g473xx.o(RESET)
 <LI><a href="#[20]">FDCAN1_IT1_IRQHandler</a> from startup_stm32g473xx.o(.text) referenced from startup_stm32g473xx.o(RESET)
 <LI><a href="#[57]">FDCAN2_IT0_IRQHandler</a> from startup_stm32g473xx.o(.text) referenced from startup_stm32g473xx.o(RESET)
 <LI><a href="#[58]">FDCAN2_IT1_IRQHandler</a> from startup_stm32g473xx.o(.text) referenced from startup_stm32g473xx.o(RESET)
 <LI><a href="#[59]">FDCAN3_IT0_IRQHandler</a> from startup_stm32g473xx.o(.text) referenced from startup_stm32g473xx.o(RESET)
 <LI><a href="#[5a]">FDCAN3_IT1_IRQHandler</a> from startup_stm32g473xx.o(.text) referenced from startup_stm32g473xx.o(RESET)
 <LI><a href="#[e]">FLASH_IRQHandler</a> from startup_stm32g473xx.o(.text) referenced from startup_stm32g473xx.o(RESET)
 <LI><a href="#[66]">FMAC_IRQHandler</a> from startup_stm32g473xx.o(.text) referenced from startup_stm32g473xx.o(RESET)
 <LI><a href="#[3a]">FMC_IRQHandler</a> from startup_stm32g473xx.o(.text) referenced from startup_stm32g473xx.o(RESET)
 <LI><a href="#[53]">FPU_IRQHandler</a> from startup_stm32g473xx.o(.text) referenced from startup_stm32g473xx.o(RESET)
 <LI><a href="#[2]">HardFault_Handler</a> from stm32g4xx_it.o(.text.HardFault_Handler) referenced from startup_stm32g473xx.o(RESET)
 <LI><a href="#[2a]">I2C1_ER_IRQHandler</a> from startup_stm32g473xx.o(.text) referenced from startup_stm32g473xx.o(RESET)
 <LI><a href="#[29]">I2C1_EV_IRQHandler</a> from startup_stm32g473xx.o(.text) referenced from startup_stm32g473xx.o(RESET)
 <LI><a href="#[2c]">I2C2_ER_IRQHandler</a> from startup_stm32g473xx.o(.text) referenced from startup_stm32g473xx.o(RESET)
 <LI><a href="#[2b]">I2C2_EV_IRQHandler</a> from startup_stm32g473xx.o(.text) referenced from startup_stm32g473xx.o(RESET)
 <LI><a href="#[5e]">I2C3_ER_IRQHandler</a> from startup_stm32g473xx.o(.text) referenced from startup_stm32g473xx.o(RESET)
 <LI><a href="#[5d]">I2C3_EV_IRQHandler</a> from startup_stm32g473xx.o(.text) referenced from startup_stm32g473xx.o(RESET)
 <LI><a href="#[55]">I2C4_ER_IRQHandler</a> from startup_stm32g473xx.o(.text) referenced from startup_stm32g473xx.o(RESET)
 <LI><a href="#[54]">I2C4_EV_IRQHandler</a> from startup_stm32g473xx.o(.text) referenced from startup_stm32g473xx.o(RESET)
 <LI><a href="#[3b]">LPTIM1_IRQHandler</a> from startup_stm32g473xx.o(.text) referenced from startup_stm32g473xx.o(RESET)
 <LI><a href="#[5c]">LPUART1_IRQHandler</a> from hdl_g4_uart.o(.text.LPUART1_IRQHandler) referenced from startup_stm32g473xx.o(RESET)
 <LI><a href="#[3]">MemManage_Handler</a> from stm32g4xx_it.o(.text.MemManage_Handler) referenced from startup_stm32g473xx.o(RESET)
 <LI><a href="#[1]">NMI_Handler</a> from stm32g4xx_it.o(.text.NMI_Handler) referenced from startup_stm32g473xx.o(RESET)
 <LI><a href="#[b]">PVD_PVM_IRQHandler</a> from startup_stm32g473xx.o(.text) referenced from startup_stm32g473xx.o(RESET)
 <LI><a href="#[8]">PendSV_Handler</a> from stm32g4xx_it.o(.text.PendSV_Handler) referenced from startup_stm32g473xx.o(RESET)
 <LI><a href="#[60]">QUADSPI_IRQHandler</a> from startup_stm32g473xx.o(.text) referenced from startup_stm32g473xx.o(RESET)
 <LI><a href="#[f]">RCC_IRQHandler</a> from startup_stm32g473xx.o(.text) referenced from startup_stm32g473xx.o(RESET)
 <LI><a href="#[5b]">RNG_IRQHandler</a> from startup_stm32g473xx.o(.text) referenced from startup_stm32g473xx.o(RESET)
 <LI><a href="#[33]">RTC_Alarm_IRQHandler</a> from startup_stm32g473xx.o(.text) referenced from startup_stm32g473xx.o(RESET)
 <LI><a href="#[c]">RTC_TAMP_LSECSS_IRQHandler</a> from startup_stm32g473xx.o(.text) referenced from startup_stm32g473xx.o(RESET)
 <LI><a href="#[d]">RTC_WKUP_IRQHandler</a> from startup_stm32g473xx.o(.text) referenced from startup_stm32g473xx.o(RESET)
 <LI><a href="#[0]">Reset_Handler</a> from startup_stm32g473xx.o(.text) referenced from startup_stm32g473xx.o(RESET)
 <LI><a href="#[4e]">SAI1_IRQHandler</a> from startup_stm32g473xx.o(.text) referenced from startup_stm32g473xx.o(RESET)
 <LI><a href="#[2d]">SPI1_IRQHandler</a> from startup_stm32g473xx.o(.text) referenced from startup_stm32g473xx.o(RESET)
 <LI><a href="#[2e]">SPI2_IRQHandler</a> from startup_stm32g473xx.o(.text) referenced from startup_stm32g473xx.o(RESET)
 <LI><a href="#[3d]">SPI3_IRQHandler</a> from startup_stm32g473xx.o(.text) referenced from startup_stm32g473xx.o(RESET)
 <LI><a href="#[56]">SPI4_IRQHandler</a> from startup_stm32g473xx.o(.text) referenced from startup_stm32g473xx.o(RESET)
 <LI><a href="#[6]">SVC_Handler</a> from stm32g4xx_it.o(.text.SVC_Handler) referenced from startup_stm32g473xx.o(RESET)
 <LI><a href="#[9]">SysTick_Handler</a> from stm32g4xx_it.o(.text.SysTick_Handler) referenced from startup_stm32g473xx.o(RESET)
 <LI><a href="#[68]">SystemInit</a> from system_stm32g4xx.o(.text.SystemInit) referenced from startup_stm32g473xx.o(.text)
 <LI><a href="#[22]">TIM1_BRK_TIM15_IRQHandler</a> from startup_stm32g473xx.o(.text) referenced from startup_stm32g473xx.o(RESET)
 <LI><a href="#[25]">TIM1_CC_IRQHandler</a> from startup_stm32g473xx.o(.text) referenced from startup_stm32g473xx.o(RESET)
 <LI><a href="#[24]">TIM1_TRG_COM_TIM17_IRQHandler</a> from startup_stm32g473xx.o(.text) referenced from startup_stm32g473xx.o(RESET)
 <LI><a href="#[23]">TIM1_UP_TIM16_IRQHandler</a> from hdl_g4_cpu_time.o(.text.TIM1_UP_TIM16_IRQHandler) referenced from startup_stm32g473xx.o(RESET)
 <LI><a href="#[4f]">TIM20_BRK_IRQHandler</a> from startup_stm32g473xx.o(.text) referenced from startup_stm32g473xx.o(RESET)
 <LI><a href="#[52]">TIM20_CC_IRQHandler</a> from startup_stm32g473xx.o(.text) referenced from startup_stm32g473xx.o(RESET)
 <LI><a href="#[51]">TIM20_TRG_COM_IRQHandler</a> from startup_stm32g473xx.o(.text) referenced from startup_stm32g473xx.o(RESET)
 <LI><a href="#[50]">TIM20_UP_IRQHandler</a> from startup_stm32g473xx.o(.text) referenced from startup_stm32g473xx.o(RESET)
 <LI><a href="#[26]">TIM2_IRQHandler</a> from hdl_g4_cpu_time.o(.text.TIM2_IRQHandler) referenced from startup_stm32g473xx.o(RESET)
 <LI><a href="#[27]">TIM3_IRQHandler</a> from startup_stm32g473xx.o(.text) referenced from startup_stm32g473xx.o(RESET)
 <LI><a href="#[28]">TIM4_IRQHandler</a> from startup_stm32g473xx.o(.text) referenced from startup_stm32g473xx.o(RESET)
 <LI><a href="#[3c]">TIM5_IRQHandler</a> from startup_stm32g473xx.o(.text) referenced from startup_stm32g473xx.o(RESET)
 <LI><a href="#[40]">TIM6_DAC_IRQHandler</a> from startup_stm32g473xx.o(.text) referenced from startup_stm32g473xx.o(RESET)
 <LI><a href="#[41]">TIM7_DAC_IRQHandler</a> from startup_stm32g473xx.o(.text) referenced from startup_stm32g473xx.o(RESET)
 <LI><a href="#[35]">TIM8_BRK_IRQHandler</a> from startup_stm32g473xx.o(.text) referenced from startup_stm32g473xx.o(RESET)
 <LI><a href="#[38]">TIM8_CC_IRQHandler</a> from startup_stm32g473xx.o(.text) referenced from startup_stm32g473xx.o(RESET)
 <LI><a href="#[37]">TIM8_TRG_COM_IRQHandler</a> from startup_stm32g473xx.o(.text) referenced from startup_stm32g473xx.o(RESET)
 <LI><a href="#[36]">TIM8_UP_IRQHandler</a> from startup_stm32g473xx.o(.text) referenced from startup_stm32g473xx.o(RESET)
 <LI><a href="#[3e]">UART4_IRQHandler</a> from hdl_g4_uart.o(.text.UART4_IRQHandler) referenced from startup_stm32g473xx.o(RESET)
 <LI><a href="#[3f]">UART5_IRQHandler</a> from hdl_g4_uart.o(.text.UART5_IRQHandler) referenced from startup_stm32g473xx.o(RESET)
 <LI><a href="#[49]">UCPD1_IRQHandler</a> from startup_stm32g473xx.o(.text) referenced from startup_stm32g473xx.o(RESET)
 <LI><a href="#[2f]">USART1_IRQHandler</a> from hdl_g4_uart.o(.text.USART1_IRQHandler) referenced from startup_stm32g473xx.o(RESET)
 <LI><a href="#[30]">USART2_IRQHandler</a> from hdl_g4_uart.o(.text.USART2_IRQHandler) referenced from startup_stm32g473xx.o(RESET)
 <LI><a href="#[31]">USART3_IRQHandler</a> from hdl_g4_uart.o(.text.USART3_IRQHandler) referenced from startup_stm32g473xx.o(RESET)
 <LI><a href="#[34]">USBWakeUp_IRQHandler</a> from startup_stm32g473xx.o(.text) referenced from startup_stm32g473xx.o(RESET)
 <LI><a href="#[1d]">USB_HP_IRQHandler</a> from startup_stm32g473xx.o(.text) referenced from startup_stm32g473xx.o(RESET)
 <LI><a href="#[1e]">USB_LP_IRQHandler</a> from startup_stm32g473xx.o(.text) referenced from startup_stm32g473xx.o(RESET)
 <LI><a href="#[5]">UsageFault_Handler</a> from stm32g4xx_it.o(.text.UsageFault_Handler) referenced from startup_stm32g473xx.o(RESET)
 <LI><a href="#[a]">WWDG_IRQHandler</a> from startup_stm32g473xx.o(.text) referenced from startup_stm32g473xx.o(RESET)
 <LI><a href="#[69]">__main</a> from entry.o(.ARM.Collect$$$$00000000) referenced from startup_stm32g473xx.o(.text)
 <LI><a href="#[6b]">_sbackspace</a> from _sgetc.o(.text) referenced from sscanf.o(.text)
 <LI><a href="#[6c]">_scanf_char_input</a> from scanf_char.o(.text) referenced from scanf_char.o(.text)
 <LI><a href="#[6a]">_sgetc</a> from _sgetc.o(.text) referenced from sscanf.o(.text)
 <LI><a href="#[99]">_snputc</a> from printfa.o(i._snputc) referenced from printfa.o(i.__0vsnprintf)
 <LI><a href="#[98]">_sputc</a> from printfa.o(i._sputc) referenced from printfa.o(i.__0sprintf)
 <LI><a href="#[96]">at_callback</a> from bfl_4g_task.o(.text.at_callback) referenced 2 times from bfl_4g_task.o(.text.at_task_send)
 <LI><a href="#[7f]">at_cfun_callback</a> from bfl_4g_task.o(.text.at_cfun_callback) referenced 2 times from bfl_4g_task.o(.text.at_cfun_task_send)
 <LI><a href="#[73]">at_cfun_task_send</a> from bfl_4g_task.o(.text.at_cfun_task_send) referenced 2 times from bfl_4g_task.o(.text.BFL_4G_List_BaseCfgTaskCreate)
 <LI><a href="#[75]">at_cgact_task_send</a> from bfl_4g_task.o(.text.at_cgact_task_send) referenced 2 times from bfl_4g_task.o(.text.BFL_4G_List_BaseCfgTaskCreate)
 <LI><a href="#[80]">at_cgdcont_callback</a> from bfl_4g_task.o(.text.at_cgdcont_callback) referenced 2 times from bfl_4g_task.o(.text.at_cgdcont_task_send)
 <LI><a href="#[74]">at_cgdcont_task_send</a> from bfl_4g_task.o(.text.at_cgdcont_task_send) referenced 2 times from bfl_4g_task.o(.text.BFL_4G_List_BaseCfgTaskCreate)
 <LI><a href="#[81]">at_clk_callback</a> from bfl_4g_task.o(.text.at_clk_callback) referenced 2 times from bfl_4g_task.o(.text.at_clk_task_send)
 <LI><a href="#[78]">at_clk_task_send</a> from bfl_4g_task.o(.text.at_clk_task_send) referenced 2 times from bfl_4g_task.o(.text.BFL_4G_List_BaseCfgTaskCreate)
 <LI><a href="#[82]">at_cpin_q_callback</a> from bfl_4g_task.o(.text.at_cpin_q_callback) referenced 2 times from bfl_4g_task.o(.text.at_cpin_q_task_send)
 <LI><a href="#[71]">at_cpin_q_task_send</a> from bfl_4g_task.o(.text.at_cpin_q_task_send) referenced 2 times from bfl_4g_task.o(.text.BFL_4G_List_BaseCfgTaskCreate)
 <LI><a href="#[83]">at_creg_q_callback</a> from bfl_4g_task.o(.text.at_creg_q_callback) referenced 2 times from bfl_4g_task.o(.text.at_creg_q_task_send)
 <LI><a href="#[72]">at_creg_q_task_send</a> from bfl_4g_task.o(.text.at_creg_q_task_send) referenced 2 times from bfl_4g_task.o(.text.BFL_4G_List_BaseCfgTaskCreate)
 <LI><a href="#[6f]">at_curr_callback</a> from bfl_4g_task.o(.text.at_curr_callback) referenced 2 times from bfl_4g_task.o(.text.BFL_4G_IOInterfaceInit)
 <LI><a href="#[9b]">at_device_read</a> from bfl_4g_task.o(.text.at_device_read) referenced from bfl_4g_task.o(.rodata.at_adapter)
 <LI><a href="#[9a]">at_device_write</a> from bfl_4g_task.o(.text.at_device_write) referenced from bfl_4g_task.o(.rodata.at_adapter)
 <LI><a href="#[8b]">at_finish</a> from at_chat.o(.text.at_finish) referenced 2 times from at_chat.o(.text.at_obj_create)
 <LI><a href="#[84]">at_is_timeout</a> from at_chat.o(.text.at_is_timeout) referenced 2 times from at_chat.o(.text.at_obj_create)
 <LI><a href="#[8a]">at_isabort</a> from at_chat.o(.text.at_isabort) referenced 2 times from at_chat.o(.text.at_obj_create)
 <LI><a href="#[8d]">at_next_wait</a> from at_chat.o(.text.at_next_wait) referenced 2 times from at_chat.o(.text.at_obj_create)
 <LI><a href="#[8e]">at_qicfg_callback</a> from bfl_4g_task.o(.text.at_qicfg_callback) referenced 2 times from bfl_4g_task.o(.text.at_qicfg_task_send)
 <LI><a href="#[79]">at_qicfg_close_task_send</a> from bfl_4g_task.o(.text.at_qicfg_close_task_send) referenced 2 times from bfl_4g_task.o(.text.BFL_4G_List_BaseCfgTaskCreate)
 <LI><a href="#[7a]">at_qicfg_dataformat_task_send</a> from bfl_4g_task.o(.text.at_qicfg_dataformat_task_send) referenced 2 times from bfl_4g_task.o(.text.BFL_4G_List_BaseCfgTaskCreate)
 <LI><a href="#[77]">at_qicfg_task_send</a> from bfl_4g_task.o(.text.at_qicfg_task_send) referenced 2 times from bfl_4g_task.o(.text.BFL_4G_List_BaseCfgTaskCreate)
 <LI><a href="#[8f]">at_qicsgp_callback</a> from bfl_4g_task.o(.text.at_qicsgp_callback) referenced 2 times from bfl_4g_task.o(.text.at_qicsgp_task_send)
 <LI><a href="#[76]">at_qicsgp_task_send</a> from bfl_4g_task.o(.text.at_qicsgp_task_send) referenced 2 times from bfl_4g_task.o(.text.BFL_4G_List_BaseCfgTaskCreate)
 <LI><a href="#[90]">at_qiopen_callback</a> from bfl_4g_task.o(.text.at_qiopen_callback) referenced 2 times from bfl_4g_task.o(.text.at_qiopen_task_send)
 <LI><a href="#[7c]">at_qiopen_task_send_</a> from bfl_4g_task.o(.text.at_qiopen_task_send_) referenced 2 times from bfl_4g_task.o(.text.BFL_4G_TCP_List_TaskCreate)
 <LI><a href="#[7d]">at_qisde_task_send_</a> from bfl_4g_task.o(.text.at_qisde_task_send_) referenced 2 times from bfl_4g_task.o(.text.BFL_4G_TCP_List_TaskCreate)
 <LI><a href="#[91]">at_qisend_callback</a> from bfl_4g_task.o(.text.at_qisend_callback) referenced 2 times from bfl_4g_task.o(.text.at_qisend_task_send)
 <LI><a href="#[7b]">at_qisend_task_send_</a> from bfl_4g_task.o(.text.at_qisend_task_send_) referenced 2 times from bfl_4g_task.o(.text.BFL_4G_TCPWrite_Task)
 <LI><a href="#[92]">at_qiswtmd_callback</a> from bfl_4g_task.o(.text.at_qiswtmd_callback) referenced 2 times from bfl_4g_task.o(.text.at_qiswtmd_task_send)
 <LI><a href="#[7e]">at_qiswtmd_task_send_</a> from bfl_4g_task.o(.text.at_qiswtmd_task_send_) referenced 2 times from bfl_4g_task.o(.text.BFL_4G_TCP_List_TaskCreate)
 <LI><a href="#[8c]">at_reset_timer</a> from at_chat.o(.text.at_reset_timer) referenced 2 times from at_chat.o(.text.at_obj_create)
 <LI><a href="#[70]">at_task_send</a> from bfl_4g_task.o(.text.at_task_send) referenced 2 times from bfl_4g_task.o(.text.BFL_4G_List_BaseCfgTaskCreate)
 <LI><a href="#[9e]">do_cmd_handler</a> from at_chat.o(.text.do_cmd_handler) referenced 4 times from at_chat.o(.rodata.work_handler_table)
 <LI><a href="#[9d]">do_work_handler</a> from at_chat.o(.text.do_work_handler) referenced from at_chat.o(.rodata.work_handler_table)
 <LI><a href="#[89]">find_substr</a> from at_chat.o(.text.find_substr) referenced 2 times from at_chat.o(.text.at_obj_create)
 <LI><a href="#[88]">get_recv_count</a> from at_chat.o(.text.get_recv_count) referenced 2 times from at_chat.o(.text.at_obj_create)
 <LI><a href="#[86]">get_recvbuf</a> from at_chat.o(.text.get_recvbuf) referenced 2 times from at_chat.o(.text.at_obj_create)
 <LI><a href="#[6d]">isspace</a> from isspace_o.o(.text) referenced from scanf_char.o(.text)
 <LI><a href="#[67]">main</a> from main.o(.text.main) referenced from entry9a.o(.ARM.Collect$$$$0000000B)
 <LI><a href="#[97]">my_com_logger</a> from log.o(.text.my_com_logger) referenced 2 times from log.o(.text.ulog_init_user)
 <LI><a href="#[85]">println</a> from at_chat.o(.text.println) referenced 2 times from at_chat.o(.text.at_obj_create)
 <LI><a href="#[87]">recvbuf_clear</a> from at_chat.o(.text.recvbuf_clear) referenced 2 times from at_chat.o(.text.at_obj_create)
 <LI><a href="#[9f]">send_multiline_handler</a> from at_chat.o(.text.send_multiline_handler) referenced from at_chat.o(.rodata.work_handler_table)
 <LI><a href="#[6e]">setCalibrateTimeByUtcSecondsCb</a> from app_main.o(.text.setCalibrateTimeByUtcSecondsCb) referenced 2 times from app_main.o(.text.APP_Main)
 <LI><a href="#[93]">socket0_recv_handler</a> from bfl_4g_task.o(.text.socket0_recv_handler) referenced 2 times from bfl_4g_task.o(.text.at_socket_ucr_handler)
 <LI><a href="#[94]">socket1_recv_handler</a> from bfl_4g_task.o(.text.socket1_recv_handler) referenced 2 times from bfl_4g_task.o(.text.at_socket_ucr_handler)
 <LI><a href="#[95]">socket2_recv_handler</a> from bfl_4g_task.o(.text.socket2_recv_handler) referenced 2 times from bfl_4g_task.o(.text.at_socket_ucr_handler)
</UL>
<P>
<H3>
Global Symbols
</H3>
<P><STRONG><a name="[69]"></a>__main</STRONG> (Thumb, 0 bytes, Stack size unknown bytes, entry.o(.ARM.Collect$$$$00000000))
<BR>[Address Reference Count : 1]<UL><LI> startup_stm32g473xx.o(.text)
</UL>
<P><STRONG><a name="[219]"></a>_main_stk</STRONG> (Thumb, 0 bytes, Stack size unknown bytes, entry2.o(.ARM.Collect$$$$00000001))

<P><STRONG><a name="[a0]"></a>_main_scatterload</STRONG> (Thumb, 0 bytes, Stack size unknown bytes, entry5.o(.ARM.Collect$$$$00000004))
<BR><BR>[Calls]<UL><LI><a href="#[a1]">&gt;&gt;</a>&nbsp;&nbsp;&nbsp;__scatterload
</UL>

<P><STRONG><a name="[c1]"></a>__main_after_scatterload</STRONG> (Thumb, 0 bytes, Stack size unknown bytes, entry5.o(.ARM.Collect$$$$00000004))
<BR><BR>[Called By]<UL><LI><a href="#[a1]">&gt;&gt;</a>&nbsp;&nbsp;&nbsp;__scatterload
</UL>

<P><STRONG><a name="[21a]"></a>_main_clock</STRONG> (Thumb, 0 bytes, Stack size unknown bytes, entry7b.o(.ARM.Collect$$$$00000008))

<P><STRONG><a name="[21b]"></a>_main_cpp_init</STRONG> (Thumb, 0 bytes, Stack size unknown bytes, entry8b.o(.ARM.Collect$$$$0000000A))

<P><STRONG><a name="[21c]"></a>_main_init</STRONG> (Thumb, 0 bytes, Stack size unknown bytes, entry9a.o(.ARM.Collect$$$$0000000B))

<P><STRONG><a name="[21d]"></a>__rt_final_cpp</STRONG> (Thumb, 0 bytes, Stack size unknown bytes, entry10a.o(.ARM.Collect$$$$0000000D))

<P><STRONG><a name="[21e]"></a>__rt_final_exit</STRONG> (Thumb, 0 bytes, Stack size unknown bytes, entry11a.o(.ARM.Collect$$$$0000000F))

<P><STRONG><a name="[0]"></a>Reset_Handler</STRONG> (Thumb, 8 bytes, Stack size 0 bytes, startup_stm32g473xx.o(.text))
<BR>[Address Reference Count : 1]<UL><LI> startup_stm32g473xx.o(RESET)
</UL>
<P><STRONG><a name="[39]"></a>ADC3_IRQHandler</STRONG> (Thumb, 0 bytes, Stack size 0 bytes, startup_stm32g473xx.o(.text))
<BR><BR>[Calls]<UL><LI><a href="#[39]">&gt;&gt;</a>&nbsp;&nbsp;&nbsp;ADC3_IRQHandler
</UL>
<BR>[Called By]<UL><LI><a href="#[39]">&gt;&gt;</a>&nbsp;&nbsp;&nbsp;ADC3_IRQHandler
</UL>
<BR>[Address Reference Count : 1]<UL><LI> startup_stm32g473xx.o(RESET)
</UL>
<P><STRONG><a name="[47]"></a>ADC4_IRQHandler</STRONG> (Thumb, 0 bytes, Stack size 0 bytes, startup_stm32g473xx.o(.text))
<BR>[Address Reference Count : 1]<UL><LI> startup_stm32g473xx.o(RESET)
</UL>
<P><STRONG><a name="[48]"></a>ADC5_IRQHandler</STRONG> (Thumb, 0 bytes, Stack size 0 bytes, startup_stm32g473xx.o(.text))
<BR>[Address Reference Count : 1]<UL><LI> startup_stm32g473xx.o(RESET)
</UL>
<P><STRONG><a name="[4a]"></a>COMP1_2_3_IRQHandler</STRONG> (Thumb, 0 bytes, Stack size 0 bytes, startup_stm32g473xx.o(.text))
<BR>[Address Reference Count : 1]<UL><LI> startup_stm32g473xx.o(RESET)
</UL>
<P><STRONG><a name="[4b]"></a>COMP4_5_6_IRQHandler</STRONG> (Thumb, 0 bytes, Stack size 0 bytes, startup_stm32g473xx.o(.text))
<BR>[Address Reference Count : 1]<UL><LI> startup_stm32g473xx.o(RESET)
</UL>
<P><STRONG><a name="[4c]"></a>COMP7_IRQHandler</STRONG> (Thumb, 0 bytes, Stack size 0 bytes, startup_stm32g473xx.o(.text))
<BR>[Address Reference Count : 1]<UL><LI> startup_stm32g473xx.o(RESET)
</UL>
<P><STRONG><a name="[65]"></a>CORDIC_IRQHandler</STRONG> (Thumb, 0 bytes, Stack size 0 bytes, startup_stm32g473xx.o(.text))
<BR>[Address Reference Count : 1]<UL><LI> startup_stm32g473xx.o(RESET)
</UL>
<P><STRONG><a name="[4d]"></a>CRS_IRQHandler</STRONG> (Thumb, 0 bytes, Stack size 0 bytes, startup_stm32g473xx.o(.text))
<BR>[Address Reference Count : 1]<UL><LI> startup_stm32g473xx.o(RESET)
</UL>
<P><STRONG><a name="[17]"></a>DMA1_Channel3_IRQHandler</STRONG> (Thumb, 0 bytes, Stack size 0 bytes, startup_stm32g473xx.o(.text))
<BR>[Address Reference Count : 1]<UL><LI> startup_stm32g473xx.o(RESET)
</UL>
<P><STRONG><a name="[18]"></a>DMA1_Channel4_IRQHandler</STRONG> (Thumb, 0 bytes, Stack size 0 bytes, startup_stm32g473xx.o(.text))
<BR>[Address Reference Count : 1]<UL><LI> startup_stm32g473xx.o(RESET)
</UL>
<P><STRONG><a name="[19]"></a>DMA1_Channel5_IRQHandler</STRONG> (Thumb, 0 bytes, Stack size 0 bytes, startup_stm32g473xx.o(.text))
<BR>[Address Reference Count : 1]<UL><LI> startup_stm32g473xx.o(RESET)
</UL>
<P><STRONG><a name="[1a]"></a>DMA1_Channel6_IRQHandler</STRONG> (Thumb, 0 bytes, Stack size 0 bytes, startup_stm32g473xx.o(.text))
<BR>[Address Reference Count : 1]<UL><LI> startup_stm32g473xx.o(RESET)
</UL>
<P><STRONG><a name="[1b]"></a>DMA1_Channel7_IRQHandler</STRONG> (Thumb, 0 bytes, Stack size 0 bytes, startup_stm32g473xx.o(.text))
<BR>[Address Reference Count : 1]<UL><LI> startup_stm32g473xx.o(RESET)
</UL>
<P><STRONG><a name="[61]"></a>DMA1_Channel8_IRQHandler</STRONG> (Thumb, 0 bytes, Stack size 0 bytes, startup_stm32g473xx.o(.text))
<BR>[Address Reference Count : 1]<UL><LI> startup_stm32g473xx.o(RESET)
</UL>
<P><STRONG><a name="[42]"></a>DMA2_Channel1_IRQHandler</STRONG> (Thumb, 0 bytes, Stack size 0 bytes, startup_stm32g473xx.o(.text))
<BR>[Address Reference Count : 1]<UL><LI> startup_stm32g473xx.o(RESET)
</UL>
<P><STRONG><a name="[43]"></a>DMA2_Channel2_IRQHandler</STRONG> (Thumb, 0 bytes, Stack size 0 bytes, startup_stm32g473xx.o(.text))
<BR>[Address Reference Count : 1]<UL><LI> startup_stm32g473xx.o(RESET)
</UL>
<P><STRONG><a name="[44]"></a>DMA2_Channel3_IRQHandler</STRONG> (Thumb, 0 bytes, Stack size 0 bytes, startup_stm32g473xx.o(.text))
<BR>[Address Reference Count : 1]<UL><LI> startup_stm32g473xx.o(RESET)
</UL>
<P><STRONG><a name="[45]"></a>DMA2_Channel4_IRQHandler</STRONG> (Thumb, 0 bytes, Stack size 0 bytes, startup_stm32g473xx.o(.text))
<BR>[Address Reference Count : 1]<UL><LI> startup_stm32g473xx.o(RESET)
</UL>
<P><STRONG><a name="[46]"></a>DMA2_Channel5_IRQHandler</STRONG> (Thumb, 0 bytes, Stack size 0 bytes, startup_stm32g473xx.o(.text))
<BR>[Address Reference Count : 1]<UL><LI> startup_stm32g473xx.o(RESET)
</UL>
<P><STRONG><a name="[62]"></a>DMA2_Channel6_IRQHandler</STRONG> (Thumb, 0 bytes, Stack size 0 bytes, startup_stm32g473xx.o(.text))
<BR>[Address Reference Count : 1]<UL><LI> startup_stm32g473xx.o(RESET)
</UL>
<P><STRONG><a name="[63]"></a>DMA2_Channel7_IRQHandler</STRONG> (Thumb, 0 bytes, Stack size 0 bytes, startup_stm32g473xx.o(.text))
<BR>[Address Reference Count : 1]<UL><LI> startup_stm32g473xx.o(RESET)
</UL>
<P><STRONG><a name="[64]"></a>DMA2_Channel8_IRQHandler</STRONG> (Thumb, 0 bytes, Stack size 0 bytes, startup_stm32g473xx.o(.text))
<BR>[Address Reference Count : 1]<UL><LI> startup_stm32g473xx.o(RESET)
</UL>
<P><STRONG><a name="[5f]"></a>DMAMUX_OVR_IRQHandler</STRONG> (Thumb, 0 bytes, Stack size 0 bytes, startup_stm32g473xx.o(.text))
<BR>[Address Reference Count : 1]<UL><LI> startup_stm32g473xx.o(RESET)
</UL>
<P><STRONG><a name="[10]"></a>EXTI0_IRQHandler</STRONG> (Thumb, 0 bytes, Stack size 0 bytes, startup_stm32g473xx.o(.text))
<BR>[Address Reference Count : 1]<UL><LI> startup_stm32g473xx.o(RESET)
</UL>
<P><STRONG><a name="[11]"></a>EXTI1_IRQHandler</STRONG> (Thumb, 0 bytes, Stack size 0 bytes, startup_stm32g473xx.o(.text))
<BR>[Address Reference Count : 1]<UL><LI> startup_stm32g473xx.o(RESET)
</UL>
<P><STRONG><a name="[12]"></a>EXTI2_IRQHandler</STRONG> (Thumb, 0 bytes, Stack size 0 bytes, startup_stm32g473xx.o(.text))
<BR>[Address Reference Count : 1]<UL><LI> startup_stm32g473xx.o(RESET)
</UL>
<P><STRONG><a name="[13]"></a>EXTI3_IRQHandler</STRONG> (Thumb, 0 bytes, Stack size 0 bytes, startup_stm32g473xx.o(.text))
<BR>[Address Reference Count : 1]<UL><LI> startup_stm32g473xx.o(RESET)
</UL>
<P><STRONG><a name="[14]"></a>EXTI4_IRQHandler</STRONG> (Thumb, 0 bytes, Stack size 0 bytes, startup_stm32g473xx.o(.text))
<BR>[Address Reference Count : 1]<UL><LI> startup_stm32g473xx.o(RESET)
</UL>
<P><STRONG><a name="[21]"></a>EXTI9_5_IRQHandler</STRONG> (Thumb, 0 bytes, Stack size 0 bytes, startup_stm32g473xx.o(.text))
<BR>[Address Reference Count : 1]<UL><LI> startup_stm32g473xx.o(RESET)
</UL>
<P><STRONG><a name="[1f]"></a>FDCAN1_IT0_IRQHandler</STRONG> (Thumb, 0 bytes, Stack size 0 bytes, startup_stm32g473xx.o(.text))
<BR>[Address Reference Count : 1]<UL><LI> startup_stm32g473xx.o(RESET)
</UL>
<P><STRONG><a name="[20]"></a>FDCAN1_IT1_IRQHandler</STRONG> (Thumb, 0 bytes, Stack size 0 bytes, startup_stm32g473xx.o(.text))
<BR>[Address Reference Count : 1]<UL><LI> startup_stm32g473xx.o(RESET)
</UL>
<P><STRONG><a name="[57]"></a>FDCAN2_IT0_IRQHandler</STRONG> (Thumb, 0 bytes, Stack size 0 bytes, startup_stm32g473xx.o(.text))
<BR>[Address Reference Count : 1]<UL><LI> startup_stm32g473xx.o(RESET)
</UL>
<P><STRONG><a name="[58]"></a>FDCAN2_IT1_IRQHandler</STRONG> (Thumb, 0 bytes, Stack size 0 bytes, startup_stm32g473xx.o(.text))
<BR>[Address Reference Count : 1]<UL><LI> startup_stm32g473xx.o(RESET)
</UL>
<P><STRONG><a name="[59]"></a>FDCAN3_IT0_IRQHandler</STRONG> (Thumb, 0 bytes, Stack size 0 bytes, startup_stm32g473xx.o(.text))
<BR>[Address Reference Count : 1]<UL><LI> startup_stm32g473xx.o(RESET)
</UL>
<P><STRONG><a name="[5a]"></a>FDCAN3_IT1_IRQHandler</STRONG> (Thumb, 0 bytes, Stack size 0 bytes, startup_stm32g473xx.o(.text))
<BR>[Address Reference Count : 1]<UL><LI> startup_stm32g473xx.o(RESET)
</UL>
<P><STRONG><a name="[e]"></a>FLASH_IRQHandler</STRONG> (Thumb, 0 bytes, Stack size 0 bytes, startup_stm32g473xx.o(.text))
<BR>[Address Reference Count : 1]<UL><LI> startup_stm32g473xx.o(RESET)
</UL>
<P><STRONG><a name="[66]"></a>FMAC_IRQHandler</STRONG> (Thumb, 0 bytes, Stack size 0 bytes, startup_stm32g473xx.o(.text))
<BR>[Address Reference Count : 1]<UL><LI> startup_stm32g473xx.o(RESET)
</UL>
<P><STRONG><a name="[3a]"></a>FMC_IRQHandler</STRONG> (Thumb, 0 bytes, Stack size 0 bytes, startup_stm32g473xx.o(.text))
<BR>[Address Reference Count : 1]<UL><LI> startup_stm32g473xx.o(RESET)
</UL>
<P><STRONG><a name="[53]"></a>FPU_IRQHandler</STRONG> (Thumb, 0 bytes, Stack size 0 bytes, startup_stm32g473xx.o(.text))
<BR>[Address Reference Count : 1]<UL><LI> startup_stm32g473xx.o(RESET)
</UL>
<P><STRONG><a name="[2a]"></a>I2C1_ER_IRQHandler</STRONG> (Thumb, 0 bytes, Stack size 0 bytes, startup_stm32g473xx.o(.text))
<BR>[Address Reference Count : 1]<UL><LI> startup_stm32g473xx.o(RESET)
</UL>
<P><STRONG><a name="[29]"></a>I2C1_EV_IRQHandler</STRONG> (Thumb, 0 bytes, Stack size 0 bytes, startup_stm32g473xx.o(.text))
<BR>[Address Reference Count : 1]<UL><LI> startup_stm32g473xx.o(RESET)
</UL>
<P><STRONG><a name="[2c]"></a>I2C2_ER_IRQHandler</STRONG> (Thumb, 0 bytes, Stack size 0 bytes, startup_stm32g473xx.o(.text))
<BR>[Address Reference Count : 1]<UL><LI> startup_stm32g473xx.o(RESET)
</UL>
<P><STRONG><a name="[2b]"></a>I2C2_EV_IRQHandler</STRONG> (Thumb, 0 bytes, Stack size 0 bytes, startup_stm32g473xx.o(.text))
<BR>[Address Reference Count : 1]<UL><LI> startup_stm32g473xx.o(RESET)
</UL>
<P><STRONG><a name="[5e]"></a>I2C3_ER_IRQHandler</STRONG> (Thumb, 0 bytes, Stack size 0 bytes, startup_stm32g473xx.o(.text))
<BR>[Address Reference Count : 1]<UL><LI> startup_stm32g473xx.o(RESET)
</UL>
<P><STRONG><a name="[5d]"></a>I2C3_EV_IRQHandler</STRONG> (Thumb, 0 bytes, Stack size 0 bytes, startup_stm32g473xx.o(.text))
<BR>[Address Reference Count : 1]<UL><LI> startup_stm32g473xx.o(RESET)
</UL>
<P><STRONG><a name="[55]"></a>I2C4_ER_IRQHandler</STRONG> (Thumb, 0 bytes, Stack size 0 bytes, startup_stm32g473xx.o(.text))
<BR>[Address Reference Count : 1]<UL><LI> startup_stm32g473xx.o(RESET)
</UL>
<P><STRONG><a name="[54]"></a>I2C4_EV_IRQHandler</STRONG> (Thumb, 0 bytes, Stack size 0 bytes, startup_stm32g473xx.o(.text))
<BR>[Address Reference Count : 1]<UL><LI> startup_stm32g473xx.o(RESET)
</UL>
<P><STRONG><a name="[3b]"></a>LPTIM1_IRQHandler</STRONG> (Thumb, 0 bytes, Stack size 0 bytes, startup_stm32g473xx.o(.text))
<BR>[Address Reference Count : 1]<UL><LI> startup_stm32g473xx.o(RESET)
</UL>
<P><STRONG><a name="[b]"></a>PVD_PVM_IRQHandler</STRONG> (Thumb, 0 bytes, Stack size 0 bytes, startup_stm32g473xx.o(.text))
<BR>[Address Reference Count : 1]<UL><LI> startup_stm32g473xx.o(RESET)
</UL>
<P><STRONG><a name="[60]"></a>QUADSPI_IRQHandler</STRONG> (Thumb, 0 bytes, Stack size 0 bytes, startup_stm32g473xx.o(.text))
<BR>[Address Reference Count : 1]<UL><LI> startup_stm32g473xx.o(RESET)
</UL>
<P><STRONG><a name="[f]"></a>RCC_IRQHandler</STRONG> (Thumb, 0 bytes, Stack size 0 bytes, startup_stm32g473xx.o(.text))
<BR>[Address Reference Count : 1]<UL><LI> startup_stm32g473xx.o(RESET)
</UL>
<P><STRONG><a name="[5b]"></a>RNG_IRQHandler</STRONG> (Thumb, 0 bytes, Stack size 0 bytes, startup_stm32g473xx.o(.text))
<BR>[Address Reference Count : 1]<UL><LI> startup_stm32g473xx.o(RESET)
</UL>
<P><STRONG><a name="[33]"></a>RTC_Alarm_IRQHandler</STRONG> (Thumb, 0 bytes, Stack size 0 bytes, startup_stm32g473xx.o(.text))
<BR>[Address Reference Count : 1]<UL><LI> startup_stm32g473xx.o(RESET)
</UL>
<P><STRONG><a name="[c]"></a>RTC_TAMP_LSECSS_IRQHandler</STRONG> (Thumb, 0 bytes, Stack size 0 bytes, startup_stm32g473xx.o(.text))
<BR>[Address Reference Count : 1]<UL><LI> startup_stm32g473xx.o(RESET)
</UL>
<P><STRONG><a name="[d]"></a>RTC_WKUP_IRQHandler</STRONG> (Thumb, 0 bytes, Stack size 0 bytes, startup_stm32g473xx.o(.text))
<BR>[Address Reference Count : 1]<UL><LI> startup_stm32g473xx.o(RESET)
</UL>
<P><STRONG><a name="[4e]"></a>SAI1_IRQHandler</STRONG> (Thumb, 0 bytes, Stack size 0 bytes, startup_stm32g473xx.o(.text))
<BR>[Address Reference Count : 1]<UL><LI> startup_stm32g473xx.o(RESET)
</UL>
<P><STRONG><a name="[2d]"></a>SPI1_IRQHandler</STRONG> (Thumb, 0 bytes, Stack size 0 bytes, startup_stm32g473xx.o(.text))
<BR>[Address Reference Count : 1]<UL><LI> startup_stm32g473xx.o(RESET)
</UL>
<P><STRONG><a name="[2e]"></a>SPI2_IRQHandler</STRONG> (Thumb, 0 bytes, Stack size 0 bytes, startup_stm32g473xx.o(.text))
<BR>[Address Reference Count : 1]<UL><LI> startup_stm32g473xx.o(RESET)
</UL>
<P><STRONG><a name="[3d]"></a>SPI3_IRQHandler</STRONG> (Thumb, 0 bytes, Stack size 0 bytes, startup_stm32g473xx.o(.text))
<BR>[Address Reference Count : 1]<UL><LI> startup_stm32g473xx.o(RESET)
</UL>
<P><STRONG><a name="[56]"></a>SPI4_IRQHandler</STRONG> (Thumb, 0 bytes, Stack size 0 bytes, startup_stm32g473xx.o(.text))
<BR>[Address Reference Count : 1]<UL><LI> startup_stm32g473xx.o(RESET)
</UL>
<P><STRONG><a name="[22]"></a>TIM1_BRK_TIM15_IRQHandler</STRONG> (Thumb, 0 bytes, Stack size 0 bytes, startup_stm32g473xx.o(.text))
<BR>[Address Reference Count : 1]<UL><LI> startup_stm32g473xx.o(RESET)
</UL>
<P><STRONG><a name="[25]"></a>TIM1_CC_IRQHandler</STRONG> (Thumb, 0 bytes, Stack size 0 bytes, startup_stm32g473xx.o(.text))
<BR>[Address Reference Count : 1]<UL><LI> startup_stm32g473xx.o(RESET)
</UL>
<P><STRONG><a name="[24]"></a>TIM1_TRG_COM_TIM17_IRQHandler</STRONG> (Thumb, 0 bytes, Stack size 0 bytes, startup_stm32g473xx.o(.text))
<BR>[Address Reference Count : 1]<UL><LI> startup_stm32g473xx.o(RESET)
</UL>
<P><STRONG><a name="[4f]"></a>TIM20_BRK_IRQHandler</STRONG> (Thumb, 0 bytes, Stack size 0 bytes, startup_stm32g473xx.o(.text))
<BR>[Address Reference Count : 1]<UL><LI> startup_stm32g473xx.o(RESET)
</UL>
<P><STRONG><a name="[52]"></a>TIM20_CC_IRQHandler</STRONG> (Thumb, 0 bytes, Stack size 0 bytes, startup_stm32g473xx.o(.text))
<BR>[Address Reference Count : 1]<UL><LI> startup_stm32g473xx.o(RESET)
</UL>
<P><STRONG><a name="[51]"></a>TIM20_TRG_COM_IRQHandler</STRONG> (Thumb, 0 bytes, Stack size 0 bytes, startup_stm32g473xx.o(.text))
<BR>[Address Reference Count : 1]<UL><LI> startup_stm32g473xx.o(RESET)
</UL>
<P><STRONG><a name="[50]"></a>TIM20_UP_IRQHandler</STRONG> (Thumb, 0 bytes, Stack size 0 bytes, startup_stm32g473xx.o(.text))
<BR>[Address Reference Count : 1]<UL><LI> startup_stm32g473xx.o(RESET)
</UL>
<P><STRONG><a name="[27]"></a>TIM3_IRQHandler</STRONG> (Thumb, 0 bytes, Stack size 0 bytes, startup_stm32g473xx.o(.text))
<BR>[Address Reference Count : 1]<UL><LI> startup_stm32g473xx.o(RESET)
</UL>
<P><STRONG><a name="[28]"></a>TIM4_IRQHandler</STRONG> (Thumb, 0 bytes, Stack size 0 bytes, startup_stm32g473xx.o(.text))
<BR>[Address Reference Count : 1]<UL><LI> startup_stm32g473xx.o(RESET)
</UL>
<P><STRONG><a name="[3c]"></a>TIM5_IRQHandler</STRONG> (Thumb, 0 bytes, Stack size 0 bytes, startup_stm32g473xx.o(.text))
<BR>[Address Reference Count : 1]<UL><LI> startup_stm32g473xx.o(RESET)
</UL>
<P><STRONG><a name="[40]"></a>TIM6_DAC_IRQHandler</STRONG> (Thumb, 0 bytes, Stack size 0 bytes, startup_stm32g473xx.o(.text))
<BR>[Address Reference Count : 1]<UL><LI> startup_stm32g473xx.o(RESET)
</UL>
<P><STRONG><a name="[41]"></a>TIM7_DAC_IRQHandler</STRONG> (Thumb, 0 bytes, Stack size 0 bytes, startup_stm32g473xx.o(.text))
<BR>[Address Reference Count : 1]<UL><LI> startup_stm32g473xx.o(RESET)
</UL>
<P><STRONG><a name="[35]"></a>TIM8_BRK_IRQHandler</STRONG> (Thumb, 0 bytes, Stack size 0 bytes, startup_stm32g473xx.o(.text))
<BR>[Address Reference Count : 1]<UL><LI> startup_stm32g473xx.o(RESET)
</UL>
<P><STRONG><a name="[38]"></a>TIM8_CC_IRQHandler</STRONG> (Thumb, 0 bytes, Stack size 0 bytes, startup_stm32g473xx.o(.text))
<BR>[Address Reference Count : 1]<UL><LI> startup_stm32g473xx.o(RESET)
</UL>
<P><STRONG><a name="[37]"></a>TIM8_TRG_COM_IRQHandler</STRONG> (Thumb, 0 bytes, Stack size 0 bytes, startup_stm32g473xx.o(.text))
<BR>[Address Reference Count : 1]<UL><LI> startup_stm32g473xx.o(RESET)
</UL>
<P><STRONG><a name="[36]"></a>TIM8_UP_IRQHandler</STRONG> (Thumb, 0 bytes, Stack size 0 bytes, startup_stm32g473xx.o(.text))
<BR>[Address Reference Count : 1]<UL><LI> startup_stm32g473xx.o(RESET)
</UL>
<P><STRONG><a name="[49]"></a>UCPD1_IRQHandler</STRONG> (Thumb, 0 bytes, Stack size 0 bytes, startup_stm32g473xx.o(.text))
<BR>[Address Reference Count : 1]<UL><LI> startup_stm32g473xx.o(RESET)
</UL>
<P><STRONG><a name="[34]"></a>USBWakeUp_IRQHandler</STRONG> (Thumb, 0 bytes, Stack size 0 bytes, startup_stm32g473xx.o(.text))
<BR>[Address Reference Count : 1]<UL><LI> startup_stm32g473xx.o(RESET)
</UL>
<P><STRONG><a name="[1d]"></a>USB_HP_IRQHandler</STRONG> (Thumb, 0 bytes, Stack size 0 bytes, startup_stm32g473xx.o(.text))
<BR>[Address Reference Count : 1]<UL><LI> startup_stm32g473xx.o(RESET)
</UL>
<P><STRONG><a name="[1e]"></a>USB_LP_IRQHandler</STRONG> (Thumb, 0 bytes, Stack size 0 bytes, startup_stm32g473xx.o(.text))
<BR>[Address Reference Count : 1]<UL><LI> startup_stm32g473xx.o(RESET)
</UL>
<P><STRONG><a name="[a]"></a>WWDG_IRQHandler</STRONG> (Thumb, 0 bytes, Stack size 0 bytes, startup_stm32g473xx.o(.text))
<BR>[Address Reference Count : 1]<UL><LI> startup_stm32g473xx.o(RESET)
</UL>
<P><STRONG><a name="[a2]"></a>__aeabi_uldivmod</STRONG> (Thumb, 98 bytes, Stack size 40 bytes, uldiv.o(.text))
<BR><BR>[Stack]<UL><LI>Max Depth = 40<LI>Call Chain = __aeabi_uldivmod
</UL>
<BR>[Calls]<UL><LI><a href="#[a3]">&gt;&gt;</a>&nbsp;&nbsp;&nbsp;__aeabi_llsr
<LI><a href="#[a4]">&gt;&gt;</a>&nbsp;&nbsp;&nbsp;__aeabi_llsl
</UL>
<BR>[Called By]<UL><LI><a href="#[14c]">&gt;&gt;</a>&nbsp;&nbsp;&nbsp;LL_LPUART_SetBaudRate
<LI><a href="#[212]">&gt;&gt;</a>&nbsp;&nbsp;&nbsp;_printf_core
<LI><a href="#[214]">&gt;&gt;</a>&nbsp;&nbsp;&nbsp;_fp_digits
</UL>

<P><STRONG><a name="[1f8]"></a>__aeabi_memcpy</STRONG> (Thumb, 36 bytes, Stack size 0 bytes, memcpya.o(.text))
<BR><BR>[Called By]<UL><LI><a href="#[1fb]">&gt;&gt;</a>&nbsp;&nbsp;&nbsp;do_at_callback
<LI><a href="#[1ea]">&gt;&gt;</a>&nbsp;&nbsp;&nbsp;resp_recv_process
<LI><a href="#[1d4]">&gt;&gt;</a>&nbsp;&nbsp;&nbsp;create_work_item
<LI><a href="#[1f7]">&gt;&gt;</a>&nbsp;&nbsp;&nbsp;cqueue_in
</UL>

<P><STRONG><a name="[21f]"></a>__aeabi_memcpy4</STRONG> (Thumb, 0 bytes, Stack size 0 bytes, memcpya.o(.text), UNUSED)

<P><STRONG><a name="[220]"></a>__aeabi_memcpy8</STRONG> (Thumb, 0 bytes, Stack size 0 bytes, memcpya.o(.text), UNUSED)

<P><STRONG><a name="[a6]"></a>__aeabi_memset</STRONG> (Thumb, 14 bytes, Stack size 0 bytes, memseta.o(.text), UNUSED)
<BR><BR>[Called By]<UL><LI><a href="#[a7]">&gt;&gt;</a>&nbsp;&nbsp;&nbsp;_memset$wrapper
<LI><a href="#[a5]">&gt;&gt;</a>&nbsp;&nbsp;&nbsp;__aeabi_memclr
</UL>

<P><STRONG><a name="[221]"></a>__aeabi_memset4</STRONG> (Thumb, 0 bytes, Stack size 0 bytes, memseta.o(.text), UNUSED)

<P><STRONG><a name="[222]"></a>__aeabi_memset8</STRONG> (Thumb, 0 bytes, Stack size 0 bytes, memseta.o(.text), UNUSED)

<P><STRONG><a name="[a5]"></a>__aeabi_memclr</STRONG> (Thumb, 4 bytes, Stack size 0 bytes, memseta.o(.text), UNUSED)
<BR><BR>[Calls]<UL><LI><a href="#[a6]">&gt;&gt;</a>&nbsp;&nbsp;&nbsp;__aeabi_memset
</UL>

<P><STRONG><a name="[ea]"></a>__aeabi_memclr4</STRONG> (Thumb, 0 bytes, Stack size 0 bytes, memseta.o(.text))
<BR><BR>[Called By]<UL><LI><a href="#[1f9]">&gt;&gt;</a>&nbsp;&nbsp;&nbsp;work_item_create
<LI><a href="#[20b]">&gt;&gt;</a>&nbsp;&nbsp;&nbsp;ulog_init
<LI><a href="#[f1]">&gt;&gt;</a>&nbsp;&nbsp;&nbsp;at_obj_create
<LI><a href="#[e9]">&gt;&gt;</a>&nbsp;&nbsp;&nbsp;AsyncTask_Create
<LI><a href="#[ec]">&gt;&gt;</a>&nbsp;&nbsp;&nbsp;BFL_4G_AsyncTaskExecContext_Init
</UL>

<P><STRONG><a name="[223]"></a>__aeabi_memclr8</STRONG> (Thumb, 0 bytes, Stack size 0 bytes, memseta.o(.text), UNUSED)

<P><STRONG><a name="[a7]"></a>_memset$wrapper</STRONG> (Thumb, 18 bytes, Stack size 8 bytes, memseta.o(.text), UNUSED)
<BR><BR>[Calls]<UL><LI><a href="#[a6]">&gt;&gt;</a>&nbsp;&nbsp;&nbsp;__aeabi_memset
</UL>

<P><STRONG><a name="[1fe]"></a>strstr</STRONG> (Thumb, 36 bytes, Stack size 12 bytes, strstr.o(.text))
<BR><BR>[Stack]<UL><LI>Max Depth = 12<LI>Call Chain = strstr
</UL>
<BR>[Called By]<UL><LI><a href="#[1ff]">&gt;&gt;</a>&nbsp;&nbsp;&nbsp;find_urc_item
<LI><a href="#[9e]">&gt;&gt;</a>&nbsp;&nbsp;&nbsp;do_cmd_handler
<LI><a href="#[89]">&gt;&gt;</a>&nbsp;&nbsp;&nbsp;find_substr
<LI><a href="#[93]">&gt;&gt;</a>&nbsp;&nbsp;&nbsp;socket0_recv_handler
</UL>

<P><STRONG><a name="[f3]"></a>strncpy</STRONG> (Thumb, 24 bytes, Stack size 8 bytes, strncpy.o(.text))
<BR><BR>[Stack]<UL><LI>Max Depth = 8<LI>Call Chain = strncpy
</UL>
<BR>[Called By]<UL><LI><a href="#[ce]">&gt;&gt;</a>&nbsp;&nbsp;&nbsp;BFL_4G_TCP_Init
<LI><a href="#[cd]">&gt;&gt;</a>&nbsp;&nbsp;&nbsp;BFL_4G_Init
</UL>

<P><STRONG><a name="[210]"></a>strchr</STRONG> (Thumb, 20 bytes, Stack size 0 bytes, strchr.o(.text))
<BR><BR>[Called By]<UL><LI><a href="#[1e9]">&gt;&gt;</a>&nbsp;&nbsp;&nbsp;urc_recv_process
</UL>

<P><STRONG><a name="[204]"></a>strlen</STRONG> (Thumb, 14 bytes, Stack size 0 bytes, strlen.o(.text))
<BR><BR>[Called By]<UL><LI><a href="#[1fd]">&gt;&gt;</a>&nbsp;&nbsp;&nbsp;match_info_init
<LI><a href="#[1fc]">&gt;&gt;</a>&nbsp;&nbsp;&nbsp;send_cmdline
</UL>

<P><STRONG><a name="[a8]"></a>sscanf</STRONG> (Thumb, 48 bytes, Stack size 72 bytes, sscanf.o(.text))
<BR><BR>[Stack]<UL><LI>Max Depth = 264<LI>Call Chain = sscanf &rArr; __vfscanf_char &rArr; __vfscanf &rArr; _scanf_real
</UL>
<BR>[Calls]<UL><LI><a href="#[a9]">&gt;&gt;</a>&nbsp;&nbsp;&nbsp;__vfscanf_char
</UL>
<BR>[Called By]<UL><LI><a href="#[93]">&gt;&gt;</a>&nbsp;&nbsp;&nbsp;socket0_recv_handler
<LI><a href="#[81]">&gt;&gt;</a>&nbsp;&nbsp;&nbsp;at_clk_callback
</UL>

<P><STRONG><a name="[aa]"></a>atoi</STRONG> (Thumb, 26 bytes, Stack size 16 bytes, atoi.o(.text))
<BR><BR>[Stack]<UL><LI>Max Depth = 88<LI>Call Chain = atoi &rArr; strtol &rArr; _strtoul
</UL>
<BR>[Calls]<UL><LI><a href="#[ac]">&gt;&gt;</a>&nbsp;&nbsp;&nbsp;strtol
<LI><a href="#[ab]">&gt;&gt;</a>&nbsp;&nbsp;&nbsp;__aeabi_errno_addr
</UL>
<BR>[Called By]<UL><LI><a href="#[93]">&gt;&gt;</a>&nbsp;&nbsp;&nbsp;socket0_recv_handler
</UL>

<P><STRONG><a name="[ad]"></a>__aeabi_dmul</STRONG> (Thumb, 228 bytes, Stack size 48 bytes, dmul.o(.text), UNUSED)
<BR><BR>[Calls]<UL><LI><a href="#[ae]">&gt;&gt;</a>&nbsp;&nbsp;&nbsp;_double_epilogue
</UL>
<BR>[Called By]<UL><LI><a href="#[b4]">&gt;&gt;</a>&nbsp;&nbsp;&nbsp;_fp_value
<LI><a href="#[214]">&gt;&gt;</a>&nbsp;&nbsp;&nbsp;_fp_digits
</UL>

<P><STRONG><a name="[af]"></a>__aeabi_ddiv</STRONG> (Thumb, 222 bytes, Stack size 32 bytes, ddiv.o(.text), UNUSED)
<BR><BR>[Calls]<UL><LI><a href="#[b0]">&gt;&gt;</a>&nbsp;&nbsp;&nbsp;_double_round
</UL>
<BR>[Called By]<UL><LI><a href="#[b4]">&gt;&gt;</a>&nbsp;&nbsp;&nbsp;_fp_value
<LI><a href="#[214]">&gt;&gt;</a>&nbsp;&nbsp;&nbsp;_fp_digits
</UL>

<P><STRONG><a name="[224]"></a>__aeabi_uidiv</STRONG> (Thumb, 0 bytes, Stack size 12 bytes, uidiv.o(.text), UNUSED)

<P><STRONG><a name="[218]"></a>__aeabi_uidivmod</STRONG> (Thumb, 44 bytes, Stack size 12 bytes, uidiv.o(.text), UNUSED)
<BR><BR>[Called By]<UL><LI><a href="#[212]">&gt;&gt;</a>&nbsp;&nbsp;&nbsp;_printf_core
</UL>

<P><STRONG><a name="[a4]"></a>__aeabi_llsl</STRONG> (Thumb, 30 bytes, Stack size 0 bytes, llshl.o(.text))
<BR><BR>[Called By]<UL><LI><a href="#[a2]">&gt;&gt;</a>&nbsp;&nbsp;&nbsp;__aeabi_uldivmod
<LI><a href="#[bc]">&gt;&gt;</a>&nbsp;&nbsp;&nbsp;__aeabi_dadd
<LI><a href="#[ae]">&gt;&gt;</a>&nbsp;&nbsp;&nbsp;_double_epilogue
<LI><a href="#[c0]">&gt;&gt;</a>&nbsp;&nbsp;&nbsp;__aeabi_d2ulz
</UL>

<P><STRONG><a name="[225]"></a>_ll_shift_l</STRONG> (Thumb, 0 bytes, Stack size 0 bytes, llshl.o(.text), UNUSED)

<P><STRONG><a name="[a3]"></a>__aeabi_llsr</STRONG> (Thumb, 32 bytes, Stack size 0 bytes, llushr.o(.text))
<BR><BR>[Called By]<UL><LI><a href="#[a2]">&gt;&gt;</a>&nbsp;&nbsp;&nbsp;__aeabi_uldivmod
<LI><a href="#[ae]">&gt;&gt;</a>&nbsp;&nbsp;&nbsp;_double_epilogue
<LI><a href="#[c0]">&gt;&gt;</a>&nbsp;&nbsp;&nbsp;__aeabi_d2ulz
</UL>

<P><STRONG><a name="[226]"></a>_ll_ushift_r</STRONG> (Thumb, 0 bytes, Stack size 0 bytes, llushr.o(.text), UNUSED)

<P><STRONG><a name="[b1]"></a>_scanf_longlong</STRONG> (Thumb, 342 bytes, Stack size 56 bytes, _scanf_longlong.o(.text))
<BR><BR>[Stack]<UL><LI>Max Depth = 56<LI>Call Chain = _scanf_longlong
</UL>
<BR>[Calls]<UL><LI><a href="#[b2]">&gt;&gt;</a>&nbsp;&nbsp;&nbsp;_chval
</UL>
<BR>[Called By]<UL><LI><a href="#[b9]">&gt;&gt;</a>&nbsp;&nbsp;&nbsp;__vfscanf
</UL>

<P><STRONG><a name="[b3]"></a>_scanf_int</STRONG> (Thumb, 332 bytes, Stack size 56 bytes, _scanf_int.o(.text))
<BR><BR>[Stack]<UL><LI>Max Depth = 56<LI>Call Chain = _scanf_int
</UL>
<BR>[Calls]<UL><LI><a href="#[b2]">&gt;&gt;</a>&nbsp;&nbsp;&nbsp;_chval
</UL>
<BR>[Called By]<UL><LI><a href="#[b9]">&gt;&gt;</a>&nbsp;&nbsp;&nbsp;__vfscanf
</UL>

<P><STRONG><a name="[c3]"></a>_scanf_string</STRONG> (Thumb, 224 bytes, Stack size 56 bytes, _scanf_str.o(.text))
<BR><BR>[Stack]<UL><LI>Max Depth = 56<LI>Call Chain = _scanf_string
</UL>
<BR>[Called By]<UL><LI><a href="#[b9]">&gt;&gt;</a>&nbsp;&nbsp;&nbsp;__vfscanf
</UL>

<P><STRONG><a name="[c2]"></a>_scanf_real</STRONG> (Thumb, 0 bytes, Stack size 104 bytes, scanf_fp.o(.text))
<BR><BR>[Stack]<UL><LI>Max Depth = 104<LI>Call Chain = _scanf_real
</UL>
<BR>[Called By]<UL><LI><a href="#[b9]">&gt;&gt;</a>&nbsp;&nbsp;&nbsp;__vfscanf
</UL>

<P><STRONG><a name="[b6]"></a>_scanf_really_real</STRONG> (Thumb, 556 bytes, Stack size 104 bytes, scanf_fp.o(.text), UNUSED)
<BR><BR>[Calls]<UL><LI><a href="#[b8]">&gt;&gt;</a>&nbsp;&nbsp;&nbsp;__aeabi_d2f
<LI><a href="#[b7]">&gt;&gt;</a>&nbsp;&nbsp;&nbsp;_is_digit
<LI><a href="#[b4]">&gt;&gt;</a>&nbsp;&nbsp;&nbsp;_fp_value
</UL>

<P><STRONG><a name="[a9]"></a>__vfscanf_char</STRONG> (Thumb, 20 bytes, Stack size 0 bytes, scanf_char.o(.text))
<BR><BR>[Stack]<UL><LI>Max Depth = 192<LI>Call Chain = __vfscanf_char &rArr; __vfscanf &rArr; _scanf_real
</UL>
<BR>[Calls]<UL><LI><a href="#[b9]">&gt;&gt;</a>&nbsp;&nbsp;&nbsp;__vfscanf
</UL>
<BR>[Called By]<UL><LI><a href="#[a8]">&gt;&gt;</a>&nbsp;&nbsp;&nbsp;sscanf
</UL>

<P><STRONG><a name="[6a]"></a>_sgetc</STRONG> (Thumb, 30 bytes, Stack size 0 bytes, _sgetc.o(.text))
<BR>[Address Reference Count : 1]<UL><LI> sscanf.o(.text)
</UL>
<P><STRONG><a name="[6b]"></a>_sbackspace</STRONG> (Thumb, 34 bytes, Stack size 0 bytes, _sgetc.o(.text))
<BR>[Address Reference Count : 1]<UL><LI> sscanf.o(.text)
</UL>
<P><STRONG><a name="[ac]"></a>strtol</STRONG> (Thumb, 112 bytes, Stack size 32 bytes, strtol.o(.text))
<BR><BR>[Stack]<UL><LI>Max Depth = 72<LI>Call Chain = strtol &rArr; _strtoul
</UL>
<BR>[Calls]<UL><LI><a href="#[bb]">&gt;&gt;</a>&nbsp;&nbsp;&nbsp;_strtoul
<LI><a href="#[ba]">&gt;&gt;</a>&nbsp;&nbsp;&nbsp;__rt_ctype_table
<LI><a href="#[ab]">&gt;&gt;</a>&nbsp;&nbsp;&nbsp;__aeabi_errno_addr
</UL>
<BR>[Called By]<UL><LI><a href="#[aa]">&gt;&gt;</a>&nbsp;&nbsp;&nbsp;atoi
</UL>

<P><STRONG><a name="[227]"></a>__I$use$fp</STRONG> (Thumb, 0 bytes, Stack size 8 bytes, iusefp.o(.text), UNUSED)

<P><STRONG><a name="[b0]"></a>_double_round</STRONG> (Thumb, 30 bytes, Stack size 8 bytes, depilogue.o(.text), UNUSED)
<BR><BR>[Called By]<UL><LI><a href="#[af]">&gt;&gt;</a>&nbsp;&nbsp;&nbsp;__aeabi_ddiv
<LI><a href="#[bc]">&gt;&gt;</a>&nbsp;&nbsp;&nbsp;__aeabi_dadd
<LI><a href="#[ae]">&gt;&gt;</a>&nbsp;&nbsp;&nbsp;_double_epilogue
</UL>

<P><STRONG><a name="[ae]"></a>_double_epilogue</STRONG> (Thumb, 156 bytes, Stack size 32 bytes, depilogue.o(.text), UNUSED)
<BR><BR>[Calls]<UL><LI><a href="#[a3]">&gt;&gt;</a>&nbsp;&nbsp;&nbsp;__aeabi_llsr
<LI><a href="#[a4]">&gt;&gt;</a>&nbsp;&nbsp;&nbsp;__aeabi_llsl
<LI><a href="#[b0]">&gt;&gt;</a>&nbsp;&nbsp;&nbsp;_double_round
</UL>
<BR>[Called By]<UL><LI><a href="#[ad]">&gt;&gt;</a>&nbsp;&nbsp;&nbsp;__aeabi_dmul
<LI><a href="#[bc]">&gt;&gt;</a>&nbsp;&nbsp;&nbsp;__aeabi_dadd
<LI><a href="#[b5]">&gt;&gt;</a>&nbsp;&nbsp;&nbsp;__aeabi_ul2d
</UL>

<P><STRONG><a name="[bc]"></a>__aeabi_dadd</STRONG> (Thumb, 322 bytes, Stack size 48 bytes, dadd.o(.text), UNUSED)
<BR><BR>[Calls]<UL><LI><a href="#[bd]">&gt;&gt;</a>&nbsp;&nbsp;&nbsp;__aeabi_lasr
<LI><a href="#[a4]">&gt;&gt;</a>&nbsp;&nbsp;&nbsp;__aeabi_llsl
<LI><a href="#[b0]">&gt;&gt;</a>&nbsp;&nbsp;&nbsp;_double_round
<LI><a href="#[ae]">&gt;&gt;</a>&nbsp;&nbsp;&nbsp;_double_epilogue
</UL>
<BR>[Called By]<UL><LI><a href="#[be]">&gt;&gt;</a>&nbsp;&nbsp;&nbsp;__aeabi_dsub
<LI><a href="#[bf]">&gt;&gt;</a>&nbsp;&nbsp;&nbsp;__aeabi_drsub
<LI><a href="#[214]">&gt;&gt;</a>&nbsp;&nbsp;&nbsp;_fp_digits
</UL>

<P><STRONG><a name="[be]"></a>__aeabi_dsub</STRONG> (Thumb, 6 bytes, Stack size 0 bytes, dadd.o(.text), UNUSED)
<BR><BR>[Calls]<UL><LI><a href="#[bc]">&gt;&gt;</a>&nbsp;&nbsp;&nbsp;__aeabi_dadd
</UL>

<P><STRONG><a name="[bf]"></a>__aeabi_drsub</STRONG> (Thumb, 6 bytes, Stack size 0 bytes, dadd.o(.text), UNUSED)
<BR><BR>[Calls]<UL><LI><a href="#[bc]">&gt;&gt;</a>&nbsp;&nbsp;&nbsp;__aeabi_dadd
</UL>

<P><STRONG><a name="[c0]"></a>__aeabi_d2ulz</STRONG> (Thumb, 48 bytes, Stack size 0 bytes, dfixul.o(.text), UNUSED)
<BR><BR>[Calls]<UL><LI><a href="#[a3]">&gt;&gt;</a>&nbsp;&nbsp;&nbsp;__aeabi_llsr
<LI><a href="#[a4]">&gt;&gt;</a>&nbsp;&nbsp;&nbsp;__aeabi_llsl
</UL>
<BR>[Called By]<UL><LI><a href="#[214]">&gt;&gt;</a>&nbsp;&nbsp;&nbsp;_fp_digits
</UL>

<P><STRONG><a name="[215]"></a>__aeabi_cdrcmple</STRONG> (Thumb, 48 bytes, Stack size 0 bytes, cdrcmple.o(.text), UNUSED)
<BR><BR>[Called By]<UL><LI><a href="#[214]">&gt;&gt;</a>&nbsp;&nbsp;&nbsp;_fp_digits
</UL>

<P><STRONG><a name="[a1]"></a>__scatterload</STRONG> (Thumb, 38 bytes, Stack size 0 bytes, init.o(.text))
<BR><BR>[Calls]<UL><LI><a href="#[c1]">&gt;&gt;</a>&nbsp;&nbsp;&nbsp;__main_after_scatterload
</UL>
<BR>[Called By]<UL><LI><a href="#[a0]">&gt;&gt;</a>&nbsp;&nbsp;&nbsp;_main_scatterload
</UL>

<P><STRONG><a name="[228]"></a>__scatterload_rt2</STRONG> (Thumb, 0 bytes, Stack size 0 bytes, init.o(.text), UNUSED)

<P><STRONG><a name="[bd]"></a>__aeabi_lasr</STRONG> (Thumb, 36 bytes, Stack size 0 bytes, llsshr.o(.text), UNUSED)
<BR><BR>[Called By]<UL><LI><a href="#[bc]">&gt;&gt;</a>&nbsp;&nbsp;&nbsp;__aeabi_dadd
</UL>

<P><STRONG><a name="[229]"></a>_ll_sshift_r</STRONG> (Thumb, 0 bytes, Stack size 0 bytes, llsshr.o(.text), UNUSED)

<P><STRONG><a name="[ba]"></a>__rt_ctype_table</STRONG> (Thumb, 4 bytes, Stack size 0 bytes, ctype_o.o(.text))
<BR><BR>[Called By]<UL><LI><a href="#[6d]">&gt;&gt;</a>&nbsp;&nbsp;&nbsp;isspace
<LI><a href="#[ac]">&gt;&gt;</a>&nbsp;&nbsp;&nbsp;strtol
</UL>

<P><STRONG><a name="[6d]"></a>isspace</STRONG> (Thumb, 18 bytes, Stack size 8 bytes, isspace_o.o(.text))
<BR><BR>[Stack]<UL><LI>Max Depth = 8<LI>Call Chain = isspace
</UL>
<BR>[Calls]<UL><LI><a href="#[ba]">&gt;&gt;</a>&nbsp;&nbsp;&nbsp;__rt_ctype_table
</UL>
<BR>[Address Reference Count : 1]<UL><LI> scanf_char.o(.text)
</UL>
<P><STRONG><a name="[b2]"></a>_chval</STRONG> (Thumb, 28 bytes, Stack size 0 bytes, _chval.o(.text))
<BR><BR>[Called By]<UL><LI><a href="#[bb]">&gt;&gt;</a>&nbsp;&nbsp;&nbsp;_strtoul
<LI><a href="#[b3]">&gt;&gt;</a>&nbsp;&nbsp;&nbsp;_scanf_int
<LI><a href="#[b1]">&gt;&gt;</a>&nbsp;&nbsp;&nbsp;_scanf_longlong
</UL>

<P><STRONG><a name="[b9]"></a>__vfscanf</STRONG> (Thumb, 808 bytes, Stack size 88 bytes, _scanf.o(.text))
<BR><BR>[Stack]<UL><LI>Max Depth = 192<LI>Call Chain = __vfscanf &rArr; _scanf_real
</UL>
<BR>[Calls]<UL><LI><a href="#[c2]">&gt;&gt;</a>&nbsp;&nbsp;&nbsp;_scanf_real
<LI><a href="#[c3]">&gt;&gt;</a>&nbsp;&nbsp;&nbsp;_scanf_string
<LI><a href="#[b3]">&gt;&gt;</a>&nbsp;&nbsp;&nbsp;_scanf_int
<LI><a href="#[b1]">&gt;&gt;</a>&nbsp;&nbsp;&nbsp;_scanf_longlong
</UL>
<BR>[Called By]<UL><LI><a href="#[a9]">&gt;&gt;</a>&nbsp;&nbsp;&nbsp;__vfscanf_char
</UL>

<P><STRONG><a name="[bb]"></a>_strtoul</STRONG> (Thumb, 158 bytes, Stack size 40 bytes, _strtoul.o(.text))
<BR><BR>[Stack]<UL><LI>Max Depth = 40<LI>Call Chain = _strtoul
</UL>
<BR>[Calls]<UL><LI><a href="#[b2]">&gt;&gt;</a>&nbsp;&nbsp;&nbsp;_chval
<LI><a href="#[ab]">&gt;&gt;</a>&nbsp;&nbsp;&nbsp;__aeabi_errno_addr
</UL>
<BR>[Called By]<UL><LI><a href="#[ac]">&gt;&gt;</a>&nbsp;&nbsp;&nbsp;strtol
</UL>

<P><STRONG><a name="[b5]"></a>__aeabi_ul2d</STRONG> (Thumb, 24 bytes, Stack size 16 bytes, dfltul.o(.text), UNUSED)
<BR><BR>[Calls]<UL><LI><a href="#[ae]">&gt;&gt;</a>&nbsp;&nbsp;&nbsp;_double_epilogue
</UL>
<BR>[Called By]<UL><LI><a href="#[b4]">&gt;&gt;</a>&nbsp;&nbsp;&nbsp;_fp_value
</UL>

<P><STRONG><a name="[b8]"></a>__aeabi_d2f</STRONG> (Thumb, 56 bytes, Stack size 8 bytes, d2f.o(.text), UNUSED)
<BR><BR>[Called By]<UL><LI><a href="#[b6]">&gt;&gt;</a>&nbsp;&nbsp;&nbsp;_scanf_really_real
</UL>

<P><STRONG><a name="[22a]"></a>_float_round</STRONG> (Thumb, 18 bytes, Stack size 0 bytes, fepilogue.o(.text), UNUSED)

<P><STRONG><a name="[22b]"></a>_float_epilogue</STRONG> (Thumb, 92 bytes, Stack size 4 bytes, fepilogue.o(.text), UNUSED)

<P><STRONG><a name="[1c]"></a>ADC1_2_IRQHandler</STRONG> (Thumb, 2 bytes, Stack size 0 bytes, stm32g4xx_it.o(.text.ADC1_2_IRQHandler))
<BR>[Address Reference Count : 1]<UL><LI> startup_stm32g473xx.o(RESET)
</UL>
<P><STRONG><a name="[c4]"></a>APP_Main</STRONG> (Thumb, 376 bytes, Stack size 344 bytes, app_main.o(.text.APP_Main))
<BR><BR>[Stack]<UL><LI>Max Depth = 1024<LI>Call Chain = APP_Main &rArr; BFL_4G_Init &rArr; BFL_4G_AsyncTaskExecContext_Init &rArr; CHIP_EC800M_Init &rArr; Uart_Init &rArr; LL_USART_Init &rArr; LL_RCC_GetUSARTClockFreq &rArr; RCC_GetSystemClockFreq &rArr; RCC_PLL_GetFreqDomain_SYS
</UL>
<BR>[Calls]<UL><LI><a href="#[cc]">&gt;&gt;</a>&nbsp;&nbsp;&nbsp;LL_GPIO_Init
<LI><a href="#[d4]">&gt;&gt;</a>&nbsp;&nbsp;&nbsp;HDL_G4_CPU_Time_GetTick
<LI><a href="#[c6]">&gt;&gt;</a>&nbsp;&nbsp;&nbsp;HDL_G4_CPU_Time_Init
<LI><a href="#[d2]">&gt;&gt;</a>&nbsp;&nbsp;&nbsp;Uart_Read
<LI><a href="#[c9]">&gt;&gt;</a>&nbsp;&nbsp;&nbsp;Uart_Init
<LI><a href="#[c8]">&gt;&gt;</a>&nbsp;&nbsp;&nbsp;ulog_init_user
<LI><a href="#[c7]">&gt;&gt;</a>&nbsp;&nbsp;&nbsp;HDL_G4_RTC_Init
<LI><a href="#[d0]">&gt;&gt;</a>&nbsp;&nbsp;&nbsp;BFL_RTU_Packet_init
<LI><a href="#[d1]">&gt;&gt;</a>&nbsp;&nbsp;&nbsp;Sensor_Queue_Init
<LI><a href="#[cb]">&gt;&gt;</a>&nbsp;&nbsp;&nbsp;releaseModbus1
<LI><a href="#[ca]">&gt;&gt;</a>&nbsp;&nbsp;&nbsp;LL_AHB2_GRP1_EnableClock
<LI><a href="#[cf]">&gt;&gt;</a>&nbsp;&nbsp;&nbsp;BFL_4G_SetCalibrateTimeByUtcSecondsCb
<LI><a href="#[d8]">&gt;&gt;</a>&nbsp;&nbsp;&nbsp;BFL_4G_Poll
<LI><a href="#[d6]">&gt;&gt;</a>&nbsp;&nbsp;&nbsp;BFL_4G_TCP_Write
<LI><a href="#[ce]">&gt;&gt;</a>&nbsp;&nbsp;&nbsp;BFL_4G_TCP_Init
<LI><a href="#[cd]">&gt;&gt;</a>&nbsp;&nbsp;&nbsp;BFL_4G_Init
<LI><a href="#[d7]">&gt;&gt;</a>&nbsp;&nbsp;&nbsp;sc_byte_buffer_clear
<LI><a href="#[d3]">&gt;&gt;</a>&nbsp;&nbsp;&nbsp;sc_byte_buffer_push_data
<LI><a href="#[d5]">&gt;&gt;</a>&nbsp;&nbsp;&nbsp;sc_byte_buffer_size
<LI><a href="#[c5]">&gt;&gt;</a>&nbsp;&nbsp;&nbsp;sc_byte_buffer_init
</UL>
<BR>[Called By]<UL><LI><a href="#[67]">&gt;&gt;</a>&nbsp;&nbsp;&nbsp;main
</UL>

<P><STRONG><a name="[f4]"></a>AsyncTaskFuncResultMap</STRONG> (Thumb, 14 bytes, Stack size 4 bytes, bfl_4g_task.o(.text.AsyncTaskFuncResultMap))
<BR><BR>[Stack]<UL><LI>Max Depth = 4<LI>Call Chain = AsyncTaskFuncResultMap
</UL>
<BR>[Called By]<UL><LI><a href="#[6f]">&gt;&gt;</a>&nbsp;&nbsp;&nbsp;at_curr_callback
<LI><a href="#[f0]">&gt;&gt;</a>&nbsp;&nbsp;&nbsp;BFL_4G_List_BaseCfgTaskCreate
<LI><a href="#[f7]">&gt;&gt;</a>&nbsp;&nbsp;&nbsp;BFL_4G_TCPWrite_Task
<LI><a href="#[fa]">&gt;&gt;</a>&nbsp;&nbsp;&nbsp;BFL_4G_TCP_List_TaskCreate
</UL>

<P><STRONG><a name="[d9]"></a>AsyncTaskList_Create</STRONG> (Thumb, 50 bytes, Stack size 16 bytes, asynctasklist.o(.text.AsyncTaskList_Create))
<BR><BR>[Stack]<UL><LI>Max Depth = 36<LI>Call Chain = AsyncTaskList_Create &rArr; malloc
</UL>
<BR>[Calls]<UL><LI><a href="#[db]">&gt;&gt;</a>&nbsp;&nbsp;&nbsp;sc_list_init
<LI><a href="#[da]">&gt;&gt;</a>&nbsp;&nbsp;&nbsp;malloc
</UL>
<BR>[Called By]<UL><LI><a href="#[ec]">&gt;&gt;</a>&nbsp;&nbsp;&nbsp;BFL_4G_AsyncTaskExecContext_Init
</UL>

<P><STRONG><a name="[dc]"></a>AsyncTaskList_DynamicPop</STRONG> (Thumb, 44 bytes, Stack size 24 bytes, asynctasklist.o(.text.AsyncTaskList_DynamicPop))
<BR><BR>[Stack]<UL><LI>Max Depth = 56<LI>Call Chain = AsyncTaskList_DynamicPop &rArr; sc_list_pop_head &rArr; sc_list_del
</UL>
<BR>[Calls]<UL><LI><a href="#[dd]">&gt;&gt;</a>&nbsp;&nbsp;&nbsp;sc_list_pop_head
</UL>
<BR>[Called By]<UL><LI><a href="#[e3]">&gt;&gt;</a>&nbsp;&nbsp;&nbsp;AsyncTaskList_Next
</UL>

<P><STRONG><a name="[de]"></a>AsyncTaskList_DynamicPush</STRONG> (Thumb, 36 bytes, Stack size 16 bytes, asynctasklist.o(.text.AsyncTaskList_DynamicPush))
<BR><BR>[Stack]<UL><LI>Max Depth = 48<LI>Call Chain = AsyncTaskList_DynamicPush &rArr; sc_list_add_tail &rArr; sc_list_del
</UL>
<BR>[Calls]<UL><LI><a href="#[df]">&gt;&gt;</a>&nbsp;&nbsp;&nbsp;sc_list_add_tail
</UL>
<BR>[Called By]<UL><LI><a href="#[f7]">&gt;&gt;</a>&nbsp;&nbsp;&nbsp;BFL_4G_TCPWrite_Task
</UL>

<P><STRONG><a name="[e0]"></a>AsyncTaskList_Exec</STRONG> (Thumb, 116 bytes, Stack size 16 bytes, asynctasklist.o(.text.AsyncTaskList_Exec))
<BR><BR>[Stack]<UL><LI>Max Depth = 104<LI>Call Chain = AsyncTaskList_Exec &rArr; AsyncTaskList_Next &rArr; AsyncTaskList_DynamicPop &rArr; sc_list_pop_head &rArr; sc_list_del
</UL>
<BR>[Calls]<UL><LI><a href="#[d4]">&gt;&gt;</a>&nbsp;&nbsp;&nbsp;HDL_G4_CPU_Time_GetTick
<LI><a href="#[e3]">&gt;&gt;</a>&nbsp;&nbsp;&nbsp;AsyncTaskList_Next
<LI><a href="#[e1]">&gt;&gt;</a>&nbsp;&nbsp;&nbsp;AsyncTask_GetState
<LI><a href="#[e2]">&gt;&gt;</a>&nbsp;&nbsp;&nbsp;AsyncTask_Exec
</UL>
<BR>[Called By]<UL><LI><a href="#[d8]">&gt;&gt;</a>&nbsp;&nbsp;&nbsp;BFL_4G_Poll
</UL>

<P><STRONG><a name="[e6]"></a>AsyncTaskList_IsStaticLastTask</STRONG> (Thumb, 54 bytes, Stack size 12 bytes, asynctasklist.o(.text.AsyncTaskList_IsStaticLastTask))
<BR><BR>[Stack]<UL><LI>Max Depth = 12<LI>Call Chain = AsyncTaskList_IsStaticLastTask
</UL>
<BR>[Called By]<UL><LI><a href="#[e3]">&gt;&gt;</a>&nbsp;&nbsp;&nbsp;AsyncTaskList_Next
</UL>

<P><STRONG><a name="[e3]"></a>AsyncTaskList_Next</STRONG> (Thumb, 266 bytes, Stack size 32 bytes, asynctasklist.o(.text.AsyncTaskList_Next))
<BR><BR>[Stack]<UL><LI>Max Depth = 88<LI>Call Chain = AsyncTaskList_Next &rArr; AsyncTaskList_DynamicPop &rArr; sc_list_pop_head &rArr; sc_list_del
</UL>
<BR>[Calls]<UL><LI><a href="#[e6]">&gt;&gt;</a>&nbsp;&nbsp;&nbsp;AsyncTaskList_IsStaticLastTask
<LI><a href="#[dc]">&gt;&gt;</a>&nbsp;&nbsp;&nbsp;AsyncTaskList_DynamicPop
<LI><a href="#[e5]">&gt;&gt;</a>&nbsp;&nbsp;&nbsp;AsyncTask_GetRoute
<LI><a href="#[e7]">&gt;&gt;</a>&nbsp;&nbsp;&nbsp;AsyncTask_Destroy
<LI><a href="#[e4]">&gt;&gt;</a>&nbsp;&nbsp;&nbsp;sc_list_is_empty
</UL>
<BR>[Called By]<UL><LI><a href="#[e0]">&gt;&gt;</a>&nbsp;&nbsp;&nbsp;AsyncTaskList_Exec
</UL>

<P><STRONG><a name="[e8]"></a>AsyncTaskList_StaticAdd</STRONG> (Thumb, 34 bytes, Stack size 16 bytes, asynctasklist.o(.text.AsyncTaskList_StaticAdd))
<BR><BR>[Stack]<UL><LI>Max Depth = 48<LI>Call Chain = AsyncTaskList_StaticAdd &rArr; sc_list_add_tail &rArr; sc_list_del
</UL>
<BR>[Calls]<UL><LI><a href="#[df]">&gt;&gt;</a>&nbsp;&nbsp;&nbsp;sc_list_add_tail
</UL>
<BR>[Called By]<UL><LI><a href="#[f0]">&gt;&gt;</a>&nbsp;&nbsp;&nbsp;BFL_4G_List_BaseCfgTaskCreate
<LI><a href="#[fa]">&gt;&gt;</a>&nbsp;&nbsp;&nbsp;BFL_4G_TCP_List_TaskCreate
</UL>

<P><STRONG><a name="[e9]"></a>AsyncTask_Create</STRONG> (Thumb, 78 bytes, Stack size 24 bytes, asynctasklist.o(.text.AsyncTask_Create))
<BR><BR>[Stack]<UL><LI>Max Depth = 44<LI>Call Chain = AsyncTask_Create &rArr; malloc
</UL>
<BR>[Calls]<UL><LI><a href="#[ea]">&gt;&gt;</a>&nbsp;&nbsp;&nbsp;__aeabi_memclr4
<LI><a href="#[db]">&gt;&gt;</a>&nbsp;&nbsp;&nbsp;sc_list_init
<LI><a href="#[da]">&gt;&gt;</a>&nbsp;&nbsp;&nbsp;malloc
</UL>
<BR>[Called By]<UL><LI><a href="#[f0]">&gt;&gt;</a>&nbsp;&nbsp;&nbsp;BFL_4G_List_BaseCfgTaskCreate
<LI><a href="#[f7]">&gt;&gt;</a>&nbsp;&nbsp;&nbsp;BFL_4G_TCPWrite_Task
<LI><a href="#[fa]">&gt;&gt;</a>&nbsp;&nbsp;&nbsp;BFL_4G_TCP_List_TaskCreate
</UL>

<P><STRONG><a name="[e7]"></a>AsyncTask_Destroy</STRONG> (Thumb, 24 bytes, Stack size 16 bytes, asynctasklist.o(.text.AsyncTask_Destroy))
<BR><BR>[Stack]<UL><LI>Max Depth = 24<LI>Call Chain = AsyncTask_Destroy &rArr; free
</UL>
<BR>[Calls]<UL><LI><a href="#[eb]">&gt;&gt;</a>&nbsp;&nbsp;&nbsp;free
</UL>
<BR>[Called By]<UL><LI><a href="#[e3]">&gt;&gt;</a>&nbsp;&nbsp;&nbsp;AsyncTaskList_Next
</UL>

<P><STRONG><a name="[e2]"></a>AsyncTask_Exec</STRONG> (Thumb, 36 bytes, Stack size 16 bytes, asynctasklist.o(.text.AsyncTask_Exec))
<BR><BR>[Stack]<UL><LI>Max Depth = 16<LI>Call Chain = AsyncTask_Exec
</UL>
<BR>[Called By]<UL><LI><a href="#[e0]">&gt;&gt;</a>&nbsp;&nbsp;&nbsp;AsyncTaskList_Exec
</UL>

<P><STRONG><a name="[e5]"></a>AsyncTask_GetRoute</STRONG> (Thumb, 46 bytes, Stack size 12 bytes, asynctasklist.o(.text.AsyncTask_GetRoute))
<BR><BR>[Stack]<UL><LI>Max Depth = 12<LI>Call Chain = AsyncTask_GetRoute
</UL>
<BR>[Called By]<UL><LI><a href="#[e3]">&gt;&gt;</a>&nbsp;&nbsp;&nbsp;AsyncTaskList_Next
</UL>

<P><STRONG><a name="[e1]"></a>AsyncTask_GetState</STRONG> (Thumb, 36 bytes, Stack size 8 bytes, asynctasklist.o(.text.AsyncTask_GetState))
<BR><BR>[Stack]<UL><LI>Max Depth = 8<LI>Call Chain = AsyncTask_GetState
</UL>
<BR>[Called By]<UL><LI><a href="#[e0]">&gt;&gt;</a>&nbsp;&nbsp;&nbsp;AsyncTaskList_Exec
</UL>

<P><STRONG><a name="[1de]"></a>AsyncTask_SetFuncResult</STRONG> (Thumb, 24 bytes, Stack size 8 bytes, asynctasklist.o(.text.AsyncTask_SetFuncResult))
<BR><BR>[Stack]<UL><LI>Max Depth = 8<LI>Call Chain = AsyncTask_SetFuncResult
</UL>
<BR>[Called By]<UL><LI><a href="#[6f]">&gt;&gt;</a>&nbsp;&nbsp;&nbsp;at_curr_callback
</UL>

<P><STRONG><a name="[f5]"></a>AsyncTask_SetRoute</STRONG> (Thumb, 40 bytes, Stack size 12 bytes, asynctasklist.o(.text.AsyncTask_SetRoute))
<BR><BR>[Stack]<UL><LI>Max Depth = 12<LI>Call Chain = AsyncTask_SetRoute
</UL>
<BR>[Called By]<UL><LI><a href="#[f0]">&gt;&gt;</a>&nbsp;&nbsp;&nbsp;BFL_4G_List_BaseCfgTaskCreate
<LI><a href="#[f7]">&gt;&gt;</a>&nbsp;&nbsp;&nbsp;BFL_4G_TCPWrite_Task
<LI><a href="#[fa]">&gt;&gt;</a>&nbsp;&nbsp;&nbsp;BFL_4G_TCP_List_TaskCreate
</UL>

<P><STRONG><a name="[1df]"></a>AsyncTask_SetState</STRONG> (Thumb, 28 bytes, Stack size 8 bytes, asynctasklist.o(.text.AsyncTask_SetState))
<BR><BR>[Stack]<UL><LI>Max Depth = 8<LI>Call Chain = AsyncTask_SetState
</UL>
<BR>[Called By]<UL><LI><a href="#[6f]">&gt;&gt;</a>&nbsp;&nbsp;&nbsp;at_curr_callback
</UL>

<P><STRONG><a name="[ec]"></a>BFL_4G_AsyncTaskExecContext_Init</STRONG> (Thumb, 118 bytes, Stack size 16 bytes, bfl_4g_task.o(.text.BFL_4G_AsyncTaskExecContext_Init))
<BR><BR>[Stack]<UL><LI>Max Depth = 656<LI>Call Chain = BFL_4G_AsyncTaskExecContext_Init &rArr; CHIP_EC800M_Init &rArr; Uart_Init &rArr; LL_USART_Init &rArr; LL_RCC_GetUSARTClockFreq &rArr; RCC_GetSystemClockFreq &rArr; RCC_PLL_GetFreqDomain_SYS
</UL>
<BR>[Calls]<UL><LI><a href="#[ed]">&gt;&gt;</a>&nbsp;&nbsp;&nbsp;ulog_message
<LI><a href="#[ee]">&gt;&gt;</a>&nbsp;&nbsp;&nbsp;CHIP_EC800M_Init
<LI><a href="#[ea]">&gt;&gt;</a>&nbsp;&nbsp;&nbsp;__aeabi_memclr4
<LI><a href="#[d9]">&gt;&gt;</a>&nbsp;&nbsp;&nbsp;AsyncTaskList_Create
<LI><a href="#[ef]">&gt;&gt;</a>&nbsp;&nbsp;&nbsp;BFL_4G_IOInterfaceInit
<LI><a href="#[f0]">&gt;&gt;</a>&nbsp;&nbsp;&nbsp;BFL_4G_List_BaseCfgTaskCreate
</UL>
<BR>[Called By]<UL><LI><a href="#[cd]">&gt;&gt;</a>&nbsp;&nbsp;&nbsp;BFL_4G_Init
</UL>

<P><STRONG><a name="[ef]"></a>BFL_4G_IOInterfaceInit</STRONG> (Thumb, 80 bytes, Stack size 8 bytes, bfl_4g_task.o(.text.BFL_4G_IOInterfaceInit))
<BR><BR>[Stack]<UL><LI>Max Depth = 160<LI>Call Chain = BFL_4G_IOInterfaceInit &rArr; at_obj_create &rArr; at_obj_destroy &rArr; work_item_destroy_all &rArr; list_del &rArr; ulog_message &rArr; vsnprintf
</UL>
<BR>[Calls]<UL><LI><a href="#[ed]">&gt;&gt;</a>&nbsp;&nbsp;&nbsp;ulog_message
<LI><a href="#[f2]">&gt;&gt;</a>&nbsp;&nbsp;&nbsp;at_obj_set_curr_at_cb
<LI><a href="#[f1]">&gt;&gt;</a>&nbsp;&nbsp;&nbsp;at_obj_create
</UL>
<BR>[Called By]<UL><LI><a href="#[ec]">&gt;&gt;</a>&nbsp;&nbsp;&nbsp;BFL_4G_AsyncTaskExecContext_Init
</UL>

<P><STRONG><a name="[cd]"></a>BFL_4G_Init</STRONG> (Thumb, 102 bytes, Stack size 24 bytes, bfl_4g.o(.text.BFL_4G_Init))
<BR><BR>[Stack]<UL><LI>Max Depth = 680<LI>Call Chain = BFL_4G_Init &rArr; BFL_4G_AsyncTaskExecContext_Init &rArr; CHIP_EC800M_Init &rArr; Uart_Init &rArr; LL_USART_Init &rArr; LL_RCC_GetUSARTClockFreq &rArr; RCC_GetSystemClockFreq &rArr; RCC_PLL_GetFreqDomain_SYS
</UL>
<BR>[Calls]<UL><LI><a href="#[f3]">&gt;&gt;</a>&nbsp;&nbsp;&nbsp;strncpy
<LI><a href="#[ec]">&gt;&gt;</a>&nbsp;&nbsp;&nbsp;BFL_4G_AsyncTaskExecContext_Init
</UL>
<BR>[Called By]<UL><LI><a href="#[c4]">&gt;&gt;</a>&nbsp;&nbsp;&nbsp;APP_Main
</UL>

<P><STRONG><a name="[f0]"></a>BFL_4G_List_BaseCfgTaskCreate</STRONG> (Thumb, 856 bytes, Stack size 136 bytes, bfl_4g_task.o(.text.BFL_4G_List_BaseCfgTaskCreate))
<BR><BR>[Stack]<UL><LI>Max Depth = 184<LI>Call Chain = BFL_4G_List_BaseCfgTaskCreate &rArr; AsyncTaskList_StaticAdd &rArr; sc_list_add_tail &rArr; sc_list_del
</UL>
<BR>[Calls]<UL><LI><a href="#[f5]">&gt;&gt;</a>&nbsp;&nbsp;&nbsp;AsyncTask_SetRoute
<LI><a href="#[f4]">&gt;&gt;</a>&nbsp;&nbsp;&nbsp;AsyncTaskFuncResultMap
<LI><a href="#[e8]">&gt;&gt;</a>&nbsp;&nbsp;&nbsp;AsyncTaskList_StaticAdd
<LI><a href="#[e9]">&gt;&gt;</a>&nbsp;&nbsp;&nbsp;AsyncTask_Create
</UL>
<BR>[Called By]<UL><LI><a href="#[ec]">&gt;&gt;</a>&nbsp;&nbsp;&nbsp;BFL_4G_AsyncTaskExecContext_Init
</UL>

<P><STRONG><a name="[d8]"></a>BFL_4G_Poll</STRONG> (Thumb, 36 bytes, Stack size 16 bytes, bfl_4g.o(.text.BFL_4G_Poll))
<BR><BR>[Stack]<UL><LI>Max Depth = 208<LI>Call Chain = BFL_4G_Poll &rArr; at_obj_process &rArr; at_work_process &rArr; work_item_recycle &rArr; list_del &rArr; ulog_message &rArr; vsnprintf
</UL>
<BR>[Calls]<UL><LI><a href="#[e0]">&gt;&gt;</a>&nbsp;&nbsp;&nbsp;AsyncTaskList_Exec
<LI><a href="#[f6]">&gt;&gt;</a>&nbsp;&nbsp;&nbsp;at_obj_process
</UL>
<BR>[Called By]<UL><LI><a href="#[c4]">&gt;&gt;</a>&nbsp;&nbsp;&nbsp;APP_Main
</UL>

<P><STRONG><a name="[cf]"></a>BFL_4G_SetCalibrateTimeByUtcSecondsCb</STRONG> (Thumb, 22 bytes, Stack size 4 bytes, bfl_4g.o(.text.BFL_4G_SetCalibrateTimeByUtcSecondsCb))
<BR><BR>[Stack]<UL><LI>Max Depth = 4<LI>Call Chain = BFL_4G_SetCalibrateTimeByUtcSecondsCb
</UL>
<BR>[Called By]<UL><LI><a href="#[c4]">&gt;&gt;</a>&nbsp;&nbsp;&nbsp;APP_Main
</UL>

<P><STRONG><a name="[f7]"></a>BFL_4G_TCPWrite_Task</STRONG> (Thumb, 388 bytes, Stack size 80 bytes, bfl_4g_task.o(.text.BFL_4G_TCPWrite_Task))
<BR><BR>[Stack]<UL><LI>Max Depth = 136<LI>Call Chain = BFL_4G_TCPWrite_Task &rArr; ulog_message &rArr; vsnprintf
</UL>
<BR>[Calls]<UL><LI><a href="#[ed]">&gt;&gt;</a>&nbsp;&nbsp;&nbsp;ulog_message
<LI><a href="#[de]">&gt;&gt;</a>&nbsp;&nbsp;&nbsp;AsyncTaskList_DynamicPush
<LI><a href="#[f5]">&gt;&gt;</a>&nbsp;&nbsp;&nbsp;AsyncTask_SetRoute
<LI><a href="#[f4]">&gt;&gt;</a>&nbsp;&nbsp;&nbsp;AsyncTaskFuncResultMap
<LI><a href="#[e9]">&gt;&gt;</a>&nbsp;&nbsp;&nbsp;AsyncTask_Create
<LI><a href="#[f8]">&gt;&gt;</a>&nbsp;&nbsp;&nbsp;BFL_4G_TCP_Task_Writeable
<LI><a href="#[f9]">&gt;&gt;</a>&nbsp;&nbsp;&nbsp;sprintf
</UL>
<BR>[Called By]<UL><LI><a href="#[d6]">&gt;&gt;</a>&nbsp;&nbsp;&nbsp;BFL_4G_TCP_Write
</UL>

<P><STRONG><a name="[ce]"></a>BFL_4G_TCP_Init</STRONG> (Thumb, 170 bytes, Stack size 32 bytes, bfl_4g.o(.text.BFL_4G_TCP_Init))
<BR><BR>[Stack]<UL><LI>Max Depth = 152<LI>Call Chain = BFL_4G_TCP_Init &rArr; BFL_4G_TCP_List_TaskCreate &rArr; AsyncTaskList_StaticAdd &rArr; sc_list_add_tail &rArr; sc_list_del
</UL>
<BR>[Calls]<UL><LI><a href="#[f3]">&gt;&gt;</a>&nbsp;&nbsp;&nbsp;strncpy
<LI><a href="#[fc]">&gt;&gt;</a>&nbsp;&nbsp;&nbsp;at_malloc
<LI><a href="#[fb]">&gt;&gt;</a>&nbsp;&nbsp;&nbsp;BFL_4G_TCP_Task_UCRTable_Init
<LI><a href="#[fa]">&gt;&gt;</a>&nbsp;&nbsp;&nbsp;BFL_4G_TCP_List_TaskCreate
<LI><a href="#[fd]">&gt;&gt;</a>&nbsp;&nbsp;&nbsp;cqueue_create
</UL>
<BR>[Called By]<UL><LI><a href="#[c4]">&gt;&gt;</a>&nbsp;&nbsp;&nbsp;APP_Main
</UL>

<P><STRONG><a name="[fa]"></a>BFL_4G_TCP_List_TaskCreate</STRONG> (Thumb, 252 bytes, Stack size 72 bytes, bfl_4g_task.o(.text.BFL_4G_TCP_List_TaskCreate))
<BR><BR>[Stack]<UL><LI>Max Depth = 120<LI>Call Chain = BFL_4G_TCP_List_TaskCreate &rArr; AsyncTaskList_StaticAdd &rArr; sc_list_add_tail &rArr; sc_list_del
</UL>
<BR>[Calls]<UL><LI><a href="#[f5]">&gt;&gt;</a>&nbsp;&nbsp;&nbsp;AsyncTask_SetRoute
<LI><a href="#[f4]">&gt;&gt;</a>&nbsp;&nbsp;&nbsp;AsyncTaskFuncResultMap
<LI><a href="#[e8]">&gt;&gt;</a>&nbsp;&nbsp;&nbsp;AsyncTaskList_StaticAdd
<LI><a href="#[e9]">&gt;&gt;</a>&nbsp;&nbsp;&nbsp;AsyncTask_Create
</UL>
<BR>[Called By]<UL><LI><a href="#[ce]">&gt;&gt;</a>&nbsp;&nbsp;&nbsp;BFL_4G_TCP_Init
</UL>

<P><STRONG><a name="[fb]"></a>BFL_4G_TCP_Task_UCRTable_Init</STRONG> (Thumb, 114 bytes, Stack size 24 bytes, bfl_4g_task.o(.text.BFL_4G_TCP_Task_UCRTable_Init))
<BR><BR>[Stack]<UL><LI>Max Depth = 52<LI>Call Chain = BFL_4G_TCP_Task_UCRTable_Init &rArr; at_obj_set_urc &rArr; obj_map
</UL>
<BR>[Calls]<UL><LI><a href="#[ff]">&gt;&gt;</a>&nbsp;&nbsp;&nbsp;at_obj_set_urc
<LI><a href="#[fe]">&gt;&gt;</a>&nbsp;&nbsp;&nbsp;at_socket_ucr_handler
</UL>
<BR>[Called By]<UL><LI><a href="#[ce]">&gt;&gt;</a>&nbsp;&nbsp;&nbsp;BFL_4G_TCP_Init
</UL>

<P><STRONG><a name="[f8]"></a>BFL_4G_TCP_Task_Writeable</STRONG> (Thumb, 20 bytes, Stack size 0 bytes, bfl_4g_task.o(.text.BFL_4G_TCP_Task_Writeable))
<BR><BR>[Called By]<UL><LI><a href="#[f7]">&gt;&gt;</a>&nbsp;&nbsp;&nbsp;BFL_4G_TCPWrite_Task
</UL>

<P><STRONG><a name="[d6]"></a>BFL_4G_TCP_Write</STRONG> (Thumb, 32 bytes, Stack size 24 bytes, bfl_4g.o(.text.BFL_4G_TCP_Write))
<BR><BR>[Stack]<UL><LI>Max Depth = 160<LI>Call Chain = BFL_4G_TCP_Write &rArr; BFL_4G_TCPWrite_Task &rArr; ulog_message &rArr; vsnprintf
</UL>
<BR>[Calls]<UL><LI><a href="#[f7]">&gt;&gt;</a>&nbsp;&nbsp;&nbsp;BFL_4G_TCPWrite_Task
</UL>
<BR>[Called By]<UL><LI><a href="#[c4]">&gt;&gt;</a>&nbsp;&nbsp;&nbsp;APP_Main
</UL>

<P><STRONG><a name="[d0]"></a>BFL_RTU_Packet_init</STRONG> (Thumb, 82 bytes, Stack size 24 bytes, bfl_rtu_packet.o(.text.BFL_RTU_Packet_init))
<BR><BR>[Stack]<UL><LI>Max Depth = 36<LI>Call Chain = BFL_RTU_Packet_init &rArr; sc_byte_buffer_init
</UL>
<BR>[Calls]<UL><LI><a href="#[c5]">&gt;&gt;</a>&nbsp;&nbsp;&nbsp;sc_byte_buffer_init
</UL>
<BR>[Called By]<UL><LI><a href="#[c4]">&gt;&gt;</a>&nbsp;&nbsp;&nbsp;APP_Main
</UL>

<P><STRONG><a name="[4]"></a>BusFault_Handler</STRONG> (Thumb, 20 bytes, Stack size 8 bytes, stm32g4xx_it.o(.text.BusFault_Handler))
<BR><BR>[Stack]<UL><LI>Max Depth = 64<LI>Call Chain = BusFault_Handler &rArr; ulog_message &rArr; vsnprintf
</UL>
<BR>[Calls]<UL><LI><a href="#[ed]">&gt;&gt;</a>&nbsp;&nbsp;&nbsp;ulog_message
</UL>
<BR>[Address Reference Count : 1]<UL><LI> startup_stm32g473xx.o(RESET)
</UL>
<P><STRONG><a name="[ee]"></a>CHIP_EC800M_Init</STRONG> (Thumb, 164 bytes, Stack size 72 bytes, chip_ec800m.o(.text.CHIP_EC800M_Init))
<BR><BR>[Stack]<UL><LI>Max Depth = 640<LI>Call Chain = CHIP_EC800M_Init &rArr; Uart_Init &rArr; LL_USART_Init &rArr; LL_RCC_GetUSARTClockFreq &rArr; RCC_GetSystemClockFreq &rArr; RCC_PLL_GetFreqDomain_SYS
</UL>
<BR>[Calls]<UL><LI><a href="#[cc]">&gt;&gt;</a>&nbsp;&nbsp;&nbsp;LL_GPIO_Init
<LI><a href="#[104]">&gt;&gt;</a>&nbsp;&nbsp;&nbsp;CHIP_EC800M_ResetOn
<LI><a href="#[102]">&gt;&gt;</a>&nbsp;&nbsp;&nbsp;CHIP_EC800M_WakeupOff
<LI><a href="#[101]">&gt;&gt;</a>&nbsp;&nbsp;&nbsp;CHIP_EC800M_PowerOn
<LI><a href="#[100]">&gt;&gt;</a>&nbsp;&nbsp;&nbsp;LL_AHB2_GRP1_EnableClock
<LI><a href="#[103]">&gt;&gt;</a>&nbsp;&nbsp;&nbsp;HDL_CPU_Time_DelayMs
<LI><a href="#[c9]">&gt;&gt;</a>&nbsp;&nbsp;&nbsp;Uart_Init
</UL>
<BR>[Called By]<UL><LI><a href="#[ec]">&gt;&gt;</a>&nbsp;&nbsp;&nbsp;BFL_4G_AsyncTaskExecContext_Init
</UL>

<P><STRONG><a name="[101]"></a>CHIP_EC800M_PowerOn</STRONG> (Thumb, 18 bytes, Stack size 8 bytes, chip_ec800m.o(.text.CHIP_EC800M_PowerOn))
<BR><BR>[Stack]<UL><LI>Max Depth = 16<LI>Call Chain = CHIP_EC800M_PowerOn &rArr; LL_GPIO_SetOutputPin
</UL>
<BR>[Calls]<UL><LI><a href="#[105]">&gt;&gt;</a>&nbsp;&nbsp;&nbsp;LL_GPIO_SetOutputPin
</UL>
<BR>[Called By]<UL><LI><a href="#[ee]">&gt;&gt;</a>&nbsp;&nbsp;&nbsp;CHIP_EC800M_Init
</UL>

<P><STRONG><a name="[104]"></a>CHIP_EC800M_ResetOn</STRONG> (Thumb, 18 bytes, Stack size 8 bytes, chip_ec800m.o(.text.CHIP_EC800M_ResetOn))
<BR><BR>[Stack]<UL><LI>Max Depth = 16<LI>Call Chain = CHIP_EC800M_ResetOn &rArr; LL_GPIO_SetOutputPin
</UL>
<BR>[Calls]<UL><LI><a href="#[105]">&gt;&gt;</a>&nbsp;&nbsp;&nbsp;LL_GPIO_SetOutputPin
</UL>
<BR>[Called By]<UL><LI><a href="#[ee]">&gt;&gt;</a>&nbsp;&nbsp;&nbsp;CHIP_EC800M_Init
</UL>

<P><STRONG><a name="[102]"></a>CHIP_EC800M_WakeupOff</STRONG> (Thumb, 14 bytes, Stack size 8 bytes, chip_ec800m.o(.text.CHIP_EC800M_WakeupOff))
<BR><BR>[Stack]<UL><LI>Max Depth = 16<LI>Call Chain = CHIP_EC800M_WakeupOff &rArr; LL_GPIO_ResetOutputPin
</UL>
<BR>[Calls]<UL><LI><a href="#[106]">&gt;&gt;</a>&nbsp;&nbsp;&nbsp;LL_GPIO_ResetOutputPin
</UL>
<BR>[Called By]<UL><LI><a href="#[ee]">&gt;&gt;</a>&nbsp;&nbsp;&nbsp;CHIP_EC800M_Init
</UL>

<P><STRONG><a name="[15]"></a>DMA1_Channel1_IRQHandler</STRONG> (Thumb, 2 bytes, Stack size 0 bytes, stm32g4xx_it.o(.text.DMA1_Channel1_IRQHandler))
<BR>[Address Reference Count : 1]<UL><LI> startup_stm32g473xx.o(RESET)
</UL>
<P><STRONG><a name="[16]"></a>DMA1_Channel2_IRQHandler</STRONG> (Thumb, 2 bytes, Stack size 0 bytes, stm32g4xx_it.o(.text.DMA1_Channel2_IRQHandler))
<BR>[Address Reference Count : 1]<UL><LI> startup_stm32g473xx.o(RESET)
</UL>
<P><STRONG><a name="[7]"></a>DebugMon_Handler</STRONG> (Thumb, 2 bytes, Stack size 0 bytes, stm32g4xx_it.o(.text.DebugMon_Handler))
<BR>[Address Reference Count : 1]<UL><LI> startup_stm32g473xx.o(RESET)
</UL>
<P><STRONG><a name="[9c]"></a>Debug_Printf</STRONG> (Thumb, 84 bytes, Stack size 32 bytes, log.o(.text.Debug_Printf))
<BR><BR>[Stack]<UL><LI>Max Depth = 140<LI>Call Chain = Debug_Printf &rArr; Uart_Write &rArr; QUEUE_PacketIn
</UL>
<BR>[Calls]<UL><LI><a href="#[108]">&gt;&gt;</a>&nbsp;&nbsp;&nbsp;Uart_Write
<LI><a href="#[107]">&gt;&gt;</a>&nbsp;&nbsp;&nbsp;vsnprintf
</UL>
<BR>[Called By]<UL><LI><a href="#[97]">&gt;&gt;</a>&nbsp;&nbsp;&nbsp;my_com_logger
</UL>
<BR>[Address Reference Count : 1]<UL><LI> bfl_4g_task.o(.rodata.at_adapter)
</UL>
<P><STRONG><a name="[32]"></a>EXTI15_10_IRQHandler</STRONG> (Thumb, 26 bytes, Stack size 8 bytes, chip_ec800m.o(.text.EXTI15_10_IRQHandler))
<BR><BR>[Stack]<UL><LI>Max Depth = 12<LI>Call Chain = EXTI15_10_IRQHandler &rArr; LL_EXTI_ClearFlag_0_31
</UL>
<BR>[Calls]<UL><LI><a href="#[10a]">&gt;&gt;</a>&nbsp;&nbsp;&nbsp;LL_EXTI_ClearFlag_0_31
<LI><a href="#[109]">&gt;&gt;</a>&nbsp;&nbsp;&nbsp;LL_EXTI_IsActiveFlag_0_31
</UL>
<BR>[Address Reference Count : 1]<UL><LI> startup_stm32g473xx.o(RESET)
</UL>
<P><STRONG><a name="[1a3]"></a>Error_Handler</STRONG> (Thumb, 14 bytes, Stack size 4 bytes, main.o(.text.Error_Handler))
<BR><BR>[Stack]<UL><LI>Max Depth = 4<LI>Call Chain = Error_Handler
</UL>
<BR>[Called By]<UL><LI><a href="#[18b]">&gt;&gt;</a>&nbsp;&nbsp;&nbsp;SystemClock_Config
</UL>

<P><STRONG><a name="[18a]"></a>HAL_IncTick</STRONG> (Thumb, 26 bytes, Stack size 0 bytes, stm32g4xx_hal.o(.text.HAL_IncTick))
<BR><BR>[Called By]<UL><LI><a href="#[9]">&gt;&gt;</a>&nbsp;&nbsp;&nbsp;SysTick_Handler
</UL>

<P><STRONG><a name="[10b]"></a>HAL_Init</STRONG> (Thumb, 48 bytes, Stack size 16 bytes, stm32g4xx_hal.o(.text.HAL_Init))
<BR><BR>[Stack]<UL><LI>Max Depth = 96<LI>Call Chain = HAL_Init &rArr; HAL_InitTick &rArr; HAL_NVIC_SetPriority &rArr; NVIC_EncodePriority
</UL>
<BR>[Calls]<UL><LI><a href="#[10c]">&gt;&gt;</a>&nbsp;&nbsp;&nbsp;HAL_NVIC_SetPriorityGrouping
<LI><a href="#[10e]">&gt;&gt;</a>&nbsp;&nbsp;&nbsp;HAL_MspInit
<LI><a href="#[10d]">&gt;&gt;</a>&nbsp;&nbsp;&nbsp;HAL_InitTick
</UL>
<BR>[Called By]<UL><LI><a href="#[67]">&gt;&gt;</a>&nbsp;&nbsp;&nbsp;main
</UL>

<P><STRONG><a name="[10d]"></a>HAL_InitTick</STRONG> (Thumb, 136 bytes, Stack size 16 bytes, stm32g4xx_hal.o(.text.HAL_InitTick))
<BR><BR>[Stack]<UL><LI>Max Depth = 80<LI>Call Chain = HAL_InitTick &rArr; HAL_NVIC_SetPriority &rArr; NVIC_EncodePriority
</UL>
<BR>[Calls]<UL><LI><a href="#[110]">&gt;&gt;</a>&nbsp;&nbsp;&nbsp;HAL_NVIC_SetPriority
<LI><a href="#[10f]">&gt;&gt;</a>&nbsp;&nbsp;&nbsp;HAL_SYSTICK_Config
</UL>
<BR>[Called By]<UL><LI><a href="#[18b]">&gt;&gt;</a>&nbsp;&nbsp;&nbsp;SystemClock_Config
<LI><a href="#[10b]">&gt;&gt;</a>&nbsp;&nbsp;&nbsp;HAL_Init
</UL>

<P><STRONG><a name="[10e]"></a>HAL_MspInit</STRONG> (Thumb, 72 bytes, Stack size 16 bytes, stm32g4xx_hal_msp.o(.text.HAL_MspInit))
<BR><BR>[Stack]<UL><LI>Max Depth = 16<LI>Call Chain = HAL_MspInit
</UL>
<BR>[Calls]<UL><LI><a href="#[111]">&gt;&gt;</a>&nbsp;&nbsp;&nbsp;HAL_PWREx_DisableUCPDDeadBattery
</UL>
<BR>[Called By]<UL><LI><a href="#[10b]">&gt;&gt;</a>&nbsp;&nbsp;&nbsp;HAL_Init
</UL>

<P><STRONG><a name="[110]"></a>HAL_NVIC_SetPriority</STRONG> (Thumb, 46 bytes, Stack size 32 bytes, stm32g4xx_hal_cortex.o(.text.HAL_NVIC_SetPriority))
[...]
<LI><a href="#[1fa]">&gt;&gt;</a>&nbsp;&nbsp;&nbsp;work_item_destroy
<LI><a href="#[202]">&gt;&gt;</a>&nbsp;&nbsp;&nbsp;list_del
<LI><a href="#[1e5]">&gt;&gt;</a>&nbsp;&nbsp;&nbsp;at_lock
</UL>
<BR>[Called By]<UL><LI><a href="#[1e7]">&gt;&gt;</a>&nbsp;&nbsp;&nbsp;at_obj_destroy
</UL>

<P><STRONG><a name="[1db]"></a>at_core_free</STRONG> (Thumb, 56 bytes, Stack size 24 bytes, at_chat.o(.text.at_core_free))
<BR><BR>[Stack]<UL><LI>Max Depth = 48<LI>Call Chain = at_core_free &rArr; at_free &rArr; free
</UL>
<BR>[Calls]<UL><LI><a href="#[1dc]">&gt;&gt;</a>&nbsp;&nbsp;&nbsp;at_free
</UL>
<BR>[Called By]<UL><LI><a href="#[1e0]">&gt;&gt;</a>&nbsp;&nbsp;&nbsp;at_exec_vcmd
<LI><a href="#[1e7]">&gt;&gt;</a>&nbsp;&nbsp;&nbsp;at_obj_destroy
<LI><a href="#[1fa]">&gt;&gt;</a>&nbsp;&nbsp;&nbsp;work_item_destroy
<LI><a href="#[1f2]">&gt;&gt;</a>&nbsp;&nbsp;&nbsp;at_send_line
</UL>

<P><STRONG><a name="[1f2]"></a>at_send_line</STRONG> (Thumb, 170 bytes, Stack size 32 bytes, at_chat.o(.text.at_send_line))
<BR><BR>[Stack]<UL><LI>Max Depth = 92<LI>Call Chain = at_send_line &rArr; at_core_malloc &rArr; at_malloc &rArr; malloc
</UL>
<BR>[Calls]<UL><LI><a href="#[1f3]">&gt;&gt;</a>&nbsp;&nbsp;&nbsp;send_data
<LI><a href="#[1e2]">&gt;&gt;</a>&nbsp;&nbsp;&nbsp;__get_adapter
<LI><a href="#[1db]">&gt;&gt;</a>&nbsp;&nbsp;&nbsp;at_core_free
<LI><a href="#[1dd]">&gt;&gt;</a>&nbsp;&nbsp;&nbsp;at_core_malloc
<LI><a href="#[107]">&gt;&gt;</a>&nbsp;&nbsp;&nbsp;vsnprintf
</UL>
<BR>[Called By]<UL><LI><a href="#[85]">&gt;&gt;</a>&nbsp;&nbsp;&nbsp;println
</UL>

<P><STRONG><a name="[1e3]"></a>update_work_state</STRONG> (Thumb, 92 bytes, Stack size 12 bytes, at_chat.o(.text.update_work_state))
<BR><BR>[Stack]<UL><LI>Max Depth = 12<LI>Call Chain = update_work_state
</UL>
<BR>[Called By]<UL><LI><a href="#[1fb]">&gt;&gt;</a>&nbsp;&nbsp;&nbsp;do_at_callback
<LI><a href="#[1eb]">&gt;&gt;</a>&nbsp;&nbsp;&nbsp;at_work_process
<LI><a href="#[8b]">&gt;&gt;</a>&nbsp;&nbsp;&nbsp;at_finish
</UL>

<P><STRONG><a name="[1e2]"></a>__get_adapter</STRONG> (Thumb, 12 bytes, Stack size 4 bytes, at_chat.o(.text.__get_adapter))
<BR><BR>[Stack]<UL><LI>Max Depth = 4<LI>Call Chain = __get_adapter
</UL>
<BR>[Called By]<UL><LI><a href="#[1e0]">&gt;&gt;</a>&nbsp;&nbsp;&nbsp;at_exec_vcmd
<LI><a href="#[9f]">&gt;&gt;</a>&nbsp;&nbsp;&nbsp;send_multiline_handler
<LI><a href="#[1fb]">&gt;&gt;</a>&nbsp;&nbsp;&nbsp;do_at_callback
<LI><a href="#[1fc]">&gt;&gt;</a>&nbsp;&nbsp;&nbsp;send_cmdline
<LI><a href="#[9e]">&gt;&gt;</a>&nbsp;&nbsp;&nbsp;do_cmd_handler
<LI><a href="#[1f3]">&gt;&gt;</a>&nbsp;&nbsp;&nbsp;send_data
<LI><a href="#[20d]">&gt;&gt;</a>&nbsp;&nbsp;&nbsp;urc_handler_entry
<LI><a href="#[20f]">&gt;&gt;</a>&nbsp;&nbsp;&nbsp;urc_timeout_process
<LI><a href="#[1e9]">&gt;&gt;</a>&nbsp;&nbsp;&nbsp;urc_recv_process
<LI><a href="#[1d4]">&gt;&gt;</a>&nbsp;&nbsp;&nbsp;create_work_item
<LI><a href="#[1f4]">&gt;&gt;</a>&nbsp;&nbsp;&nbsp;at_unlock
<LI><a href="#[1e5]">&gt;&gt;</a>&nbsp;&nbsp;&nbsp;at_lock
<LI><a href="#[1f2]">&gt;&gt;</a>&nbsp;&nbsp;&nbsp;at_send_line
<LI><a href="#[8d]">&gt;&gt;</a>&nbsp;&nbsp;&nbsp;at_next_wait
<LI><a href="#[f6]">&gt;&gt;</a>&nbsp;&nbsp;&nbsp;at_obj_process
</UL>

<P><STRONG><a name="[1e5]"></a>at_lock</STRONG> (Thumb, 34 bytes, Stack size 16 bytes, at_chat.o(.text.at_lock))
<BR><BR>[Stack]<UL><LI>Max Depth = 20<LI>Call Chain = at_lock &rArr; __get_adapter
</UL>
<BR>[Calls]<UL><LI><a href="#[1e2]">&gt;&gt;</a>&nbsp;&nbsp;&nbsp;__get_adapter
</UL>
<BR>[Called By]<UL><LI><a href="#[1f6]">&gt;&gt;</a>&nbsp;&nbsp;&nbsp;work_item_recycle
<LI><a href="#[1eb]">&gt;&gt;</a>&nbsp;&nbsp;&nbsp;at_work_process
<LI><a href="#[1d5]">&gt;&gt;</a>&nbsp;&nbsp;&nbsp;sumit_work_item
<LI><a href="#[1e8]">&gt;&gt;</a>&nbsp;&nbsp;&nbsp;work_item_destroy_all
</UL>

<P><STRONG><a name="[202]"></a>list_del</STRONG> (Thumb, 110 bytes, Stack size 16 bytes, at_chat.o(.text.list_del))
<BR><BR>[Stack]<UL><LI>Max Depth = 72<LI>Call Chain = list_del &rArr; ulog_message &rArr; vsnprintf
</UL>
<BR>[Calls]<UL><LI><a href="#[ed]">&gt;&gt;</a>&nbsp;&nbsp;&nbsp;ulog_message
<LI><a href="#[203]">&gt;&gt;</a>&nbsp;&nbsp;&nbsp;__list_del
</UL>
<BR>[Called By]<UL><LI><a href="#[1f6]">&gt;&gt;</a>&nbsp;&nbsp;&nbsp;work_item_recycle
<LI><a href="#[1e8]">&gt;&gt;</a>&nbsp;&nbsp;&nbsp;work_item_destroy_all
</UL>

<P><STRONG><a name="[1fa]"></a>work_item_destroy</STRONG> (Thumb, 30 bytes, Stack size 16 bytes, at_chat.o(.text.work_item_destroy))
<BR><BR>[Stack]<UL><LI>Max Depth = 64<LI>Call Chain = work_item_destroy &rArr; at_core_free &rArr; at_free &rArr; free
</UL>
<BR>[Calls]<UL><LI><a href="#[1db]">&gt;&gt;</a>&nbsp;&nbsp;&nbsp;at_core_free
</UL>
<BR>[Called By]<UL><LI><a href="#[1f6]">&gt;&gt;</a>&nbsp;&nbsp;&nbsp;work_item_recycle
<LI><a href="#[1d4]">&gt;&gt;</a>&nbsp;&nbsp;&nbsp;create_work_item
<LI><a href="#[1e8]">&gt;&gt;</a>&nbsp;&nbsp;&nbsp;work_item_destroy_all
</UL>

<P><STRONG><a name="[1f4]"></a>at_unlock</STRONG> (Thumb, 34 bytes, Stack size 16 bytes, at_chat.o(.text.at_unlock))
<BR><BR>[Stack]<UL><LI>Max Depth = 20<LI>Call Chain = at_unlock &rArr; __get_adapter
</UL>
<BR>[Calls]<UL><LI><a href="#[1e2]">&gt;&gt;</a>&nbsp;&nbsp;&nbsp;__get_adapter
</UL>
<BR>[Called By]<UL><LI><a href="#[1f6]">&gt;&gt;</a>&nbsp;&nbsp;&nbsp;work_item_recycle
<LI><a href="#[1eb]">&gt;&gt;</a>&nbsp;&nbsp;&nbsp;at_work_process
<LI><a href="#[1d5]">&gt;&gt;</a>&nbsp;&nbsp;&nbsp;sumit_work_item
<LI><a href="#[1e8]">&gt;&gt;</a>&nbsp;&nbsp;&nbsp;work_item_destroy_all
</UL>

<P><STRONG><a name="[1f5]"></a>list_empty</STRONG> (Thumb, 20 bytes, Stack size 4 bytes, at_chat.o(.text.list_empty))
<BR><BR>[Stack]<UL><LI>Max Depth = 4<LI>Call Chain = list_empty
</UL>
<BR>[Called By]<UL><LI><a href="#[1eb]">&gt;&gt;</a>&nbsp;&nbsp;&nbsp;at_work_process
</UL>

<P><STRONG><a name="[1d3]"></a>add_work_item</STRONG> (Thumb, 70 bytes, Stack size 40 bytes, at_chat.o(.text.add_work_item))
<BR><BR>[Stack]<UL><LI>Max Depth = 148<LI>Call Chain = add_work_item &rArr; create_work_item &rArr; work_item_create &rArr; at_core_malloc &rArr; at_malloc &rArr; malloc
</UL>
<BR>[Calls]<UL><LI><a href="#[1d5]">&gt;&gt;</a>&nbsp;&nbsp;&nbsp;sumit_work_item
<LI><a href="#[1d4]">&gt;&gt;</a>&nbsp;&nbsp;&nbsp;create_work_item
</UL>
<BR>[Called By]<UL><LI><a href="#[1e0]">&gt;&gt;</a>&nbsp;&nbsp;&nbsp;at_exec_vcmd
<LI><a href="#[1ec]">&gt;&gt;</a>&nbsp;&nbsp;&nbsp;at_send_multiline
<LI><a href="#[1da]">&gt;&gt;</a>&nbsp;&nbsp;&nbsp;at_send_singlline
</UL>

<P><STRONG><a name="[1d4]"></a>create_work_item</STRONG> (Thumb, 318 bytes, Stack size 32 bytes, at_chat.o(.text.create_work_item))
<BR><BR>[Stack]<UL><LI>Max Depth = 108<LI>Call Chain = create_work_item &rArr; work_item_create &rArr; at_core_malloc &rArr; at_malloc &rArr; malloc
</UL>
<BR>[Calls]<UL><LI><a href="#[1f8]">&gt;&gt;</a>&nbsp;&nbsp;&nbsp;__aeabi_memcpy
<LI><a href="#[1f9]">&gt;&gt;</a>&nbsp;&nbsp;&nbsp;work_item_create
<LI><a href="#[1fa]">&gt;&gt;</a>&nbsp;&nbsp;&nbsp;work_item_destroy
<LI><a href="#[1e2]">&gt;&gt;</a>&nbsp;&nbsp;&nbsp;__get_adapter
</UL>
<BR>[Called By]<UL><LI><a href="#[1d3]">&gt;&gt;</a>&nbsp;&nbsp;&nbsp;add_work_item
</UL>

<P><STRONG><a name="[1d5]"></a>sumit_work_item</STRONG> (Thumb, 82 bytes, Stack size 24 bytes, at_chat.o(.text.sumit_work_item))
<BR><BR>[Stack]<UL><LI>Max Depth = 52<LI>Call Chain = sumit_work_item &rArr; list_add_tail &rArr; __list_add
</UL>
<BR>[Calls]<UL><LI><a href="#[200]">&gt;&gt;</a>&nbsp;&nbsp;&nbsp;list_add_tail
<LI><a href="#[1f4]">&gt;&gt;</a>&nbsp;&nbsp;&nbsp;at_unlock
<LI><a href="#[1e5]">&gt;&gt;</a>&nbsp;&nbsp;&nbsp;at_lock
</UL>
<BR>[Called By]<UL><LI><a href="#[1d3]">&gt;&gt;</a>&nbsp;&nbsp;&nbsp;add_work_item
</UL>

<P><STRONG><a name="[1e9]"></a>urc_recv_process</STRONG> (Thumb, 388 bytes, Stack size 32 bytes, at_chat.o(.text.urc_recv_process))
<BR><BR>[Stack]<UL><LI>Max Depth = 100<LI>Call Chain = urc_recv_process &rArr; urc_timeout_process &rArr; urc_handler_entry &rArr; urc_reset
</UL>
<BR>[Calls]<UL><LI><a href="#[210]">&gt;&gt;</a>&nbsp;&nbsp;&nbsp;strchr
<LI><a href="#[1ff]">&gt;&gt;</a>&nbsp;&nbsp;&nbsp;find_urc_item
<LI><a href="#[20d]">&gt;&gt;</a>&nbsp;&nbsp;&nbsp;urc_handler_entry
<LI><a href="#[20e]">&gt;&gt;</a>&nbsp;&nbsp;&nbsp;urc_reset
<LI><a href="#[20f]">&gt;&gt;</a>&nbsp;&nbsp;&nbsp;urc_timeout_process
<LI><a href="#[1e2]">&gt;&gt;</a>&nbsp;&nbsp;&nbsp;__get_adapter
</UL>
<BR>[Called By]<UL><LI><a href="#[f6]">&gt;&gt;</a>&nbsp;&nbsp;&nbsp;at_obj_process
</UL>

<P><STRONG><a name="[1ea]"></a>resp_recv_process</STRONG> (Thumb, 88 bytes, Stack size 24 bytes, at_chat.o(.text.resp_recv_process))
<BR><BR>[Stack]<UL><LI>Max Depth = 24<LI>Call Chain = resp_recv_process
</UL>
<BR>[Calls]<UL><LI><a href="#[1f8]">&gt;&gt;</a>&nbsp;&nbsp;&nbsp;__aeabi_memcpy
</UL>
<BR>[Called By]<UL><LI><a href="#[f6]">&gt;&gt;</a>&nbsp;&nbsp;&nbsp;at_obj_process
</UL>

<P><STRONG><a name="[1eb]"></a>at_work_process</STRONG> (Thumb, 300 bytes, Stack size 16 bytes, at_chat.o(.text.at_work_process))
<BR><BR>[Stack]<UL><LI>Max Depth = 104<LI>Call Chain = at_work_process &rArr; work_item_recycle &rArr; list_del &rArr; ulog_message &rArr; vsnprintf
</UL>
<BR>[Calls]<UL><LI><a href="#[ed]">&gt;&gt;</a>&nbsp;&nbsp;&nbsp;ulog_message
<LI><a href="#[1f6]">&gt;&gt;</a>&nbsp;&nbsp;&nbsp;work_item_recycle
<LI><a href="#[1f5]">&gt;&gt;</a>&nbsp;&nbsp;&nbsp;list_empty
<LI><a href="#[1f4]">&gt;&gt;</a>&nbsp;&nbsp;&nbsp;at_unlock
<LI><a href="#[1e5]">&gt;&gt;</a>&nbsp;&nbsp;&nbsp;at_lock
<LI><a href="#[1e3]">&gt;&gt;</a>&nbsp;&nbsp;&nbsp;update_work_state
</UL>
<BR>[Called By]<UL><LI><a href="#[f6]">&gt;&gt;</a>&nbsp;&nbsp;&nbsp;at_obj_process
</UL>

<P><STRONG><a name="[20f]"></a>urc_timeout_process</STRONG> (Thumb, 144 bytes, Stack size 16 bytes, at_chat.o(.text.urc_timeout_process))
<BR><BR>[Stack]<UL><LI>Max Depth = 68<LI>Call Chain = urc_timeout_process &rArr; urc_handler_entry &rArr; urc_reset
</UL>
<BR>[Calls]<UL><LI><a href="#[1e4]">&gt;&gt;</a>&nbsp;&nbsp;&nbsp;at_get_ms
<LI><a href="#[20d]">&gt;&gt;</a>&nbsp;&nbsp;&nbsp;urc_handler_entry
<LI><a href="#[20e]">&gt;&gt;</a>&nbsp;&nbsp;&nbsp;urc_reset
<LI><a href="#[1e2]">&gt;&gt;</a>&nbsp;&nbsp;&nbsp;__get_adapter
</UL>
<BR>[Called By]<UL><LI><a href="#[1e9]">&gt;&gt;</a>&nbsp;&nbsp;&nbsp;urc_recv_process
</UL>

<P><STRONG><a name="[20e]"></a>urc_reset</STRONG> (Thumb, 40 bytes, Stack size 4 bytes, at_chat.o(.text.urc_reset))
<BR><BR>[Stack]<UL><LI>Max Depth = 4<LI>Call Chain = urc_reset
</UL>
<BR>[Called By]<UL><LI><a href="#[20d]">&gt;&gt;</a>&nbsp;&nbsp;&nbsp;urc_handler_entry
<LI><a href="#[20f]">&gt;&gt;</a>&nbsp;&nbsp;&nbsp;urc_timeout_process
<LI><a href="#[1e9]">&gt;&gt;</a>&nbsp;&nbsp;&nbsp;urc_recv_process
</UL>

<P><STRONG><a name="[20d]"></a>urc_handler_entry</STRONG> (Thumb, 256 bytes, Stack size 48 bytes, at_chat.o(.text.urc_handler_entry))
<BR><BR>[Stack]<UL><LI>Max Depth = 52<LI>Call Chain = urc_handler_entry &rArr; urc_reset
</UL>
<BR>[Calls]<UL><LI><a href="#[20e]">&gt;&gt;</a>&nbsp;&nbsp;&nbsp;urc_reset
<LI><a href="#[1e2]">&gt;&gt;</a>&nbsp;&nbsp;&nbsp;__get_adapter
</UL>
<BR>[Called By]<UL><LI><a href="#[20f]">&gt;&gt;</a>&nbsp;&nbsp;&nbsp;urc_timeout_process
<LI><a href="#[1e9]">&gt;&gt;</a>&nbsp;&nbsp;&nbsp;urc_recv_process
</UL>

<P><STRONG><a name="[1f6]"></a>work_item_recycle</STRONG> (Thumb, 98 bytes, Stack size 16 bytes, at_chat.o(.text.work_item_recycle))
<BR><BR>[Stack]<UL><LI>Max Depth = 88<LI>Call Chain = work_item_recycle &rArr; list_del &rArr; ulog_message &rArr; vsnprintf
</UL>
<BR>[Calls]<UL><LI><a href="#[ed]">&gt;&gt;</a>&nbsp;&nbsp;&nbsp;ulog_message
<LI><a href="#[1f4]">&gt;&gt;</a>&nbsp;&nbsp;&nbsp;at_unlock
<LI><a href="#[1fa]">&gt;&gt;</a>&nbsp;&nbsp;&nbsp;work_item_destroy
<LI><a href="#[202]">&gt;&gt;</a>&nbsp;&nbsp;&nbsp;list_del
<LI><a href="#[1e5]">&gt;&gt;</a>&nbsp;&nbsp;&nbsp;at_lock
</UL>
<BR>[Called By]<UL><LI><a href="#[1eb]">&gt;&gt;</a>&nbsp;&nbsp;&nbsp;at_work_process
</UL>

<P><STRONG><a name="[1f3]"></a>send_data</STRONG> (Thumb, 28 bytes, Stack size 24 bytes, at_chat.o(.text.send_data))
<BR><BR>[Stack]<UL><LI>Max Depth = 28<LI>Call Chain = send_data &rArr; __get_adapter
</UL>
<BR>[Calls]<UL><LI><a href="#[1e2]">&gt;&gt;</a>&nbsp;&nbsp;&nbsp;__get_adapter
</UL>
<BR>[Called By]<UL><LI><a href="#[1f2]">&gt;&gt;</a>&nbsp;&nbsp;&nbsp;at_send_line
</UL>

<P><STRONG><a name="[203]"></a>__list_del</STRONG> (Thumb, 22 bytes, Stack size 8 bytes, at_chat.o(.text.__list_del))
<BR><BR>[Stack]<UL><LI>Max Depth = 8<LI>Call Chain = __list_del
</UL>
<BR>[Called By]<UL><LI><a href="#[202]">&gt;&gt;</a>&nbsp;&nbsp;&nbsp;list_del
</UL>

<P><STRONG><a name="[1f9]"></a>work_item_create</STRONG> (Thumb, 40 bytes, Stack size 16 bytes, at_chat.o(.text.work_item_create))
<BR><BR>[Stack]<UL><LI>Max Depth = 76<LI>Call Chain = work_item_create &rArr; at_core_malloc &rArr; at_malloc &rArr; malloc
</UL>
<BR>[Calls]<UL><LI><a href="#[ea]">&gt;&gt;</a>&nbsp;&nbsp;&nbsp;__aeabi_memclr4
<LI><a href="#[1dd]">&gt;&gt;</a>&nbsp;&nbsp;&nbsp;at_core_malloc
</UL>
<BR>[Called By]<UL><LI><a href="#[1d4]">&gt;&gt;</a>&nbsp;&nbsp;&nbsp;create_work_item
</UL>

<P><STRONG><a name="[200]"></a>list_add_tail</STRONG> (Thumb, 22 bytes, Stack size 16 bytes, at_chat.o(.text.list_add_tail))
<BR><BR>[Stack]<UL><LI>Max Depth = 28<LI>Call Chain = list_add_tail &rArr; __list_add
</UL>
<BR>[Calls]<UL><LI><a href="#[201]">&gt;&gt;</a>&nbsp;&nbsp;&nbsp;__list_add
</UL>
<BR>[Called By]<UL><LI><a href="#[1d5]">&gt;&gt;</a>&nbsp;&nbsp;&nbsp;sumit_work_item
</UL>

<P><STRONG><a name="[201]"></a>__list_add</STRONG> (Thumb, 36 bytes, Stack size 12 bytes, at_chat.o(.text.__list_add))
<BR><BR>[Stack]<UL><LI>Max Depth = 12<LI>Call Chain = __list_add
</UL>
<BR>[Called By]<UL><LI><a href="#[200]">&gt;&gt;</a>&nbsp;&nbsp;&nbsp;list_add_tail
</UL>

<P><STRONG><a name="[9d]"></a>do_work_handler</STRONG> (Thumb, 72 bytes, Stack size 24 bytes, at_chat.o(.text.do_work_handler))
<BR><BR>[Stack]<UL><LI>Max Depth = 32<LI>Call Chain = do_work_handler &rArr; at_get_ms
</UL>
<BR>[Calls]<UL><LI><a href="#[1e4]">&gt;&gt;</a>&nbsp;&nbsp;&nbsp;at_get_ms
</UL>
<BR>[Address Reference Count : 1]<UL><LI> at_chat.o(.rodata.work_handler_table)
</UL>
<P><STRONG><a name="[9e]"></a>do_cmd_handler</STRONG> (Thumb, 658 bytes, Stack size 40 bytes, at_chat.o(.text.do_cmd_handler))
<BR><BR>[Stack]<UL><LI>Max Depth = 124<LI>Call Chain = do_cmd_handler &rArr; do_at_callback &rArr; update_work_state
</UL>
<BR>[Calls]<UL><LI><a href="#[1fe]">&gt;&gt;</a>&nbsp;&nbsp;&nbsp;strstr
<LI><a href="#[1fb]">&gt;&gt;</a>&nbsp;&nbsp;&nbsp;do_at_callback
<LI><a href="#[1fd]">&gt;&gt;</a>&nbsp;&nbsp;&nbsp;match_info_init
<LI><a href="#[1fc]">&gt;&gt;</a>&nbsp;&nbsp;&nbsp;send_cmdline
<LI><a href="#[1e2]">&gt;&gt;</a>&nbsp;&nbsp;&nbsp;__get_adapter
</UL>
<BR>[Address Reference Count : 1]<UL><LI> at_chat.o(.rodata.work_handler_table)
</UL>
<P><STRONG><a name="[1fc]"></a>send_cmdline</STRONG> (Thumb, 100 bytes, Stack size 24 bytes, at_chat.o(.text.send_cmdline))
<BR><BR>[Stack]<UL><LI>Max Depth = 28<LI>Call Chain = send_cmdline &rArr; __get_adapter
</UL>
<BR>[Calls]<UL><LI><a href="#[204]">&gt;&gt;</a>&nbsp;&nbsp;&nbsp;strlen
<LI><a href="#[1e2]">&gt;&gt;</a>&nbsp;&nbsp;&nbsp;__get_adapter
</UL>
<BR>[Called By]<UL><LI><a href="#[9f]">&gt;&gt;</a>&nbsp;&nbsp;&nbsp;send_multiline_handler
<LI><a href="#[9e]">&gt;&gt;</a>&nbsp;&nbsp;&nbsp;do_cmd_handler
</UL>

<P><STRONG><a name="[1fd]"></a>match_info_init</STRONG> (Thumb, 106 bytes, Stack size 16 bytes, at_chat.o(.text.match_info_init))
<BR><BR>[Stack]<UL><LI>Max Depth = 16<LI>Call Chain = match_info_init
</UL>
<BR>[Calls]<UL><LI><a href="#[204]">&gt;&gt;</a>&nbsp;&nbsp;&nbsp;strlen
</UL>
<BR>[Called By]<UL><LI><a href="#[9f]">&gt;&gt;</a>&nbsp;&nbsp;&nbsp;send_multiline_handler
<LI><a href="#[9e]">&gt;&gt;</a>&nbsp;&nbsp;&nbsp;do_cmd_handler
</UL>

<P><STRONG><a name="[1fb]"></a>do_at_callback</STRONG> (Thumb, 502 bytes, Stack size 72 bytes, at_chat.o(.text.do_at_callback))
<BR><BR>[Stack]<UL><LI>Max Depth = 84<LI>Call Chain = do_at_callback &rArr; update_work_state
</UL>
<BR>[Calls]<UL><LI><a href="#[1f8]">&gt;&gt;</a>&nbsp;&nbsp;&nbsp;__aeabi_memcpy
<LI><a href="#[1e2]">&gt;&gt;</a>&nbsp;&nbsp;&nbsp;__get_adapter
<LI><a href="#[1e3]">&gt;&gt;</a>&nbsp;&nbsp;&nbsp;update_work_state
</UL>
<BR>[Called By]<UL><LI><a href="#[9f]">&gt;&gt;</a>&nbsp;&nbsp;&nbsp;send_multiline_handler
<LI><a href="#[9e]">&gt;&gt;</a>&nbsp;&nbsp;&nbsp;do_cmd_handler
</UL>

<P><STRONG><a name="[9f]"></a>send_multiline_handler</STRONG> (Thumb, 464 bytes, Stack size 40 bytes, at_chat.o(.text.send_multiline_handler))
<BR><BR>[Stack]<UL><LI>Max Depth = 124<LI>Call Chain = send_multiline_handler &rArr; do_at_callback &rArr; update_work_state
</UL>
<BR>[Calls]<UL><LI><a href="#[1fb]">&gt;&gt;</a>&nbsp;&nbsp;&nbsp;do_at_callback
<LI><a href="#[1fd]">&gt;&gt;</a>&nbsp;&nbsp;&nbsp;match_info_init
<LI><a href="#[1fc]">&gt;&gt;</a>&nbsp;&nbsp;&nbsp;send_cmdline
<LI><a href="#[1e2]">&gt;&gt;</a>&nbsp;&nbsp;&nbsp;__get_adapter
<LI><a href="#[89]">&gt;&gt;</a>&nbsp;&nbsp;&nbsp;find_substr
</UL>
<BR>[Address Reference Count : 1]<UL><LI> at_chat.o(.rodata.work_handler_table)
</UL>
<P><STRONG><a name="[214]"></a>_fp_digits</STRONG> (Thumb, 366 bytes, Stack size 64 bytes, printfa.o(i._fp_digits), UNUSED)
<BR><BR>[Calls]<UL><LI><a href="#[ad]">&gt;&gt;</a>&nbsp;&nbsp;&nbsp;__aeabi_dmul
<LI><a href="#[af]">&gt;&gt;</a>&nbsp;&nbsp;&nbsp;__aeabi_ddiv
<LI><a href="#[a2]">&gt;&gt;</a>&nbsp;&nbsp;&nbsp;__aeabi_uldivmod
<LI><a href="#[bc]">&gt;&gt;</a>&nbsp;&nbsp;&nbsp;__aeabi_dadd
<LI><a href="#[215]">&gt;&gt;</a>&nbsp;&nbsp;&nbsp;__aeabi_cdrcmple
<LI><a href="#[c0]">&gt;&gt;</a>&nbsp;&nbsp;&nbsp;__aeabi_d2ulz
</UL>
<BR>[Called By]<UL><LI><a href="#[212]">&gt;&gt;</a>&nbsp;&nbsp;&nbsp;_printf_core
</UL>

<P><STRONG><a name="[212]"></a>_printf_core</STRONG> (Thumb, 1744 bytes, Stack size 136 bytes, printfa.o(i._printf_core), UNUSED)
<BR><BR>[Calls]<UL><LI><a href="#[a2]">&gt;&gt;</a>&nbsp;&nbsp;&nbsp;__aeabi_uldivmod
<LI><a href="#[218]">&gt;&gt;</a>&nbsp;&nbsp;&nbsp;__aeabi_uidivmod
<LI><a href="#[216]">&gt;&gt;</a>&nbsp;&nbsp;&nbsp;_printf_pre_padding
<LI><a href="#[217]">&gt;&gt;</a>&nbsp;&nbsp;&nbsp;_printf_post_padding
<LI><a href="#[214]">&gt;&gt;</a>&nbsp;&nbsp;&nbsp;_fp_digits
</UL>
<BR>[Called By]<UL><LI><a href="#[213]">&gt;&gt;</a>&nbsp;&nbsp;&nbsp;__0vsnprintf
<LI><a href="#[211]">&gt;&gt;</a>&nbsp;&nbsp;&nbsp;__0sprintf
</UL>

<P><STRONG><a name="[217]"></a>_printf_post_padding</STRONG> (Thumb, 36 bytes, Stack size 24 bytes, printfa.o(i._printf_post_padding), UNUSED)
<BR><BR>[Called By]<UL><LI><a href="#[212]">&gt;&gt;</a>&nbsp;&nbsp;&nbsp;_printf_core
</UL>

<P><STRONG><a name="[216]"></a>_printf_pre_padding</STRONG> (Thumb, 46 bytes, Stack size 24 bytes, printfa.o(i._printf_pre_padding), UNUSED)
<BR><BR>[Called By]<UL><LI><a href="#[212]">&gt;&gt;</a>&nbsp;&nbsp;&nbsp;_printf_core
</UL>

<P><STRONG><a name="[99]"></a>_snputc</STRONG> (Thumb, 22 bytes, Stack size 0 bytes, printfa.o(i._snputc))
<BR>[Address Reference Count : 1]<UL><LI> printfa.o(i.__0vsnprintf)
</UL>
<P><STRONG><a name="[98]"></a>_sputc</STRONG> (Thumb, 10 bytes, Stack size 0 bytes, printfa.o(i._sputc))
<BR><BR>[Called By]<UL><LI><a href="#[211]">&gt;&gt;</a>&nbsp;&nbsp;&nbsp;__0sprintf
</UL>
<BR>[Address Reference Count : 1]<UL><LI> printfa.o(i.__0sprintf)
</UL>
<P><STRONG><a name="[b4]"></a>_fp_value</STRONG> (Thumb, 296 bytes, Stack size 64 bytes, scanf_fp.o(.text), UNUSED)
<BR><BR>[Calls]<UL><LI><a href="#[ad]">&gt;&gt;</a>&nbsp;&nbsp;&nbsp;__aeabi_dmul
<LI><a href="#[af]">&gt;&gt;</a>&nbsp;&nbsp;&nbsp;__aeabi_ddiv
<LI><a href="#[b5]">&gt;&gt;</a>&nbsp;&nbsp;&nbsp;__aeabi_ul2d
</UL>
<BR>[Called By]<UL><LI><a href="#[b6]">&gt;&gt;</a>&nbsp;&nbsp;&nbsp;_scanf_really_real
</UL>

<P><STRONG><a name="[6c]"></a>_scanf_char_input</STRONG> (Thumb, 12 bytes, Stack size 0 bytes, scanf_char.o(.text))
<BR>[Address Reference Count : 1]<UL><LI> scanf_char.o(.text)
</UL><P>
<H3>
Undefined Global Symbols
</H3><HR></body></html>
